2026-02-14 13:06:44 | INFO | Run directory: /home/debnathk/drug-synergy/logs/kan_std_random_Synergy_ZIP_e100_20260214_130644
2026-02-14 13:06:44 | INFO | Log file: /home/debnathk/drug-synergy/logs/kan_std_random_Synergy_ZIP_e100_20260214_130644/training.log
2026-02-14 13:06:44 | INFO | Script copied to /home/debnathk/drug-synergy/logs/kan_std_random_Synergy_ZIP_e100_20260214_130644/main.py
2026-02-14 13:06:44 | INFO | ================================================================================
2026-02-14 13:06:44 | INFO | Starting Drug Synergy Prediction Training (KAN Head)
2026-02-14 13:06:44 | INFO | ================================================================================
2026-02-14 13:06:44 | INFO | Split type: random, raw path: /home/debnathk/drug-synergy/data/raw/random, drug embeddings: /home/debnathk/drug-synergy/data/embeddings/drug_embeddings_random.pt
2026-02-14 13:06:44 | INFO | Loading datasets...
2026-02-14 13:06:44 | INFO | Applying target standardization...
2026-02-14 13:06:44 | INFO | Target scaler fitted - Mean: -0.8427, Std: 5.3524
2026-02-14 13:06:44 | INFO | Original target range: [-36.01, 66.66]
2026-02-14 13:06:44 | INFO | Standardized target range: [-6.57, 12.61]
2026-02-14 13:06:44 | INFO | Datasets loaded successfully
2026-02-14 13:06:44 | INFO | Configuration saved to /home/debnathk/drug-synergy/logs/kan_std_random_Synergy_ZIP_e100_20260214_130644/config.json
2026-02-14 13:06:44 | INFO | Device: cuda
2026-02-14 13:06:44 | INFO | Training samples: 207968
2026-02-14 13:06:44 | INFO | Validation samples: 29710
2026-02-14 13:06:44 | INFO | Target column: Synergy_ZIP
2026-02-14 13:06:44 | INFO | Target standardization: True
2026-02-14 13:06:44 | INFO | Batch size: 64
2026-02-14 13:06:44 | INFO | Learning rate: 0.0001
2026-02-14 13:06:44 | INFO | Number of epochs: 100
2026-02-14 13:06:44 | INFO | Omics dimensions - mRNA: 23808, miRNA: 627, Proteomics: 3171
2026-02-14 13:06:44 | INFO | Running sanity check...
2026-02-14 13:06:44 | INFO | Drug1 embedding shape: torch.Size([768])
2026-02-14 13:06:44 | INFO | Drug2 embedding shape: torch.Size([768])
2026-02-14 13:06:44 | INFO | mRNA shape: torch.Size([23808])
2026-02-14 13:06:44 | INFO | miRNA shape: torch.Size([627])
2026-02-14 13:06:44 | INFO | Proteomics shape: torch.Size([3171])
2026-02-14 13:06:44 | INFO | Target shape: torch.Size([1])
2026-02-14 13:06:44 | INFO | Target sample: -0.1987028419971466
2026-02-14 13:06:44 | INFO | Train batches: 3250
2026-02-14 13:06:44 | INFO | Validation batches: 465
2026-02-14 13:06:44 | INFO | Initializing SynergyModel with KAN head...
2026-02-14 13:06:45 | INFO | Total parameters: 18,039,020
2026-02-14 13:06:45 | INFO | Trainable parameters: 18,039,020
2026-02-14 13:06:45 | INFO | ================================================================================
2026-02-14 13:06:45 | INFO | Starting Training
2026-02-14 13:06:45 | INFO | ================================================================================
2026-02-14 13:07:56 | INFO | Best model saved at epoch 1 with val_loss: 0.7394
2026-02-14 13:09:08 | INFO | Best model saved at epoch 2 with val_loss: 0.6865
2026-02-14 13:10:20 | INFO | Best model saved at epoch 3 with val_loss: 0.6329
2026-02-14 13:11:31 | INFO | Best model saved at epoch 4 with val_loss: 0.6094
2026-02-14 13:12:43 | INFO | Best model saved at epoch 5 with val_loss: 0.5910
2026-02-14 13:13:55 | INFO | Best model saved at epoch 6 with val_loss: 0.5796
2026-02-14 13:15:06 | INFO | Best model saved at epoch 7 with val_loss: 0.5680
2026-02-14 13:16:18 | INFO | Best model saved at epoch 8 with val_loss: 0.5588
2026-02-14 13:17:30 | INFO | Best model saved at epoch 9 with val_loss: 0.5526
2026-02-14 13:18:42 | INFO | Best model saved at epoch 10 with val_loss: 0.5476
2026-02-14 13:18:42 | INFO | Epoch 010/100 | Train: 0.4895 | Val: 0.5476 | Best Val: 0.5476 | RMSE: 3.9619 | SCC: 0.6282 | PCC: 0.6770
2026-02-14 13:19:54 | INFO | Best model saved at epoch 11 with val_loss: 0.5434
2026-02-14 13:21:05 | INFO | Best model saved at epoch 12 with val_loss: 0.5314
2026-02-14 13:22:17 | INFO | Best model saved at epoch 13 with val_loss: 0.5201
2026-02-14 13:25:50 | INFO | Best model saved at epoch 16 with val_loss: 0.5151
2026-02-14 13:28:12 | INFO | Best model saved at epoch 18 with val_loss: 0.5055
2026-02-14 13:29:24 | INFO | Best model saved at epoch 19 with val_loss: 0.5051
2026-02-14 13:30:36 | INFO | Best model saved at epoch 20 with val_loss: 0.5035
2026-02-14 13:30:36 | INFO | Epoch 020/100 | Train: 0.4041 | Val: 0.5035 | Best Val: 0.5035 | RMSE: 3.7995 | SCC: 0.6543 | PCC: 0.7085
2026-02-14 13:32:58 | INFO | Best model saved at epoch 22 with val_loss: 0.5035
2026-02-14 13:34:10 | INFO | Best model saved at epoch 23 with val_loss: 0.4959
2026-02-14 13:35:23 | INFO | Best model saved at epoch 24 with val_loss: 0.4945
2026-02-14 13:42:30 | INFO | Epoch 030/100 | Train: 0.3568 | Val: 0.5076 | Best Val: 0.4945 | RMSE: 3.8128 | SCC: 0.6610 | PCC: 0.7151
2026-02-14 13:44:53 | INFO | Best model saved at epoch 32 with val_loss: 0.4906
2026-02-14 13:51:59 | INFO | Best model saved at epoch 38 with val_loss: 0.4905
2026-02-14 13:54:22 | INFO | Epoch 040/100 | Train: 0.3246 | Val: 0.4913 | Best Val: 0.4905 | RMSE: 3.7500 | SCC: 0.6632 | PCC: 0.7188
2026-02-14 13:57:55 | INFO | Best model saved at epoch 43 with val_loss: 0.4887
2026-02-14 14:06:14 | INFO | Epoch 050/100 | Train: 0.3016 | Val: 0.4977 | Best Val: 0.4887 | RMSE: 3.7748 | SCC: 0.6653 | PCC: 0.7184
2026-02-14 14:18:04 | INFO | Epoch 060/100 | Train: 0.2830 | Val: 0.4978 | Best Val: 0.4887 | RMSE: 3.7761 | SCC: 0.6654 | PCC: 0.7172
2026-02-14 14:29:55 | INFO | Epoch 070/100 | Train: 0.2677 | Val: 0.5029 | Best Val: 0.4887 | RMSE: 3.7967 | SCC: 0.6654 | PCC: 0.7180
2026-02-14 14:41:21 | INFO | Epoch 080/100 | Train: 0.2553 | Val: 0.5045 | Best Val: 0.4887 | RMSE: 3.8039 | SCC: 0.6620 | PCC: 0.7153
2026-02-14 14:52:32 | INFO | Epoch 090/100 | Train: 0.2452 | Val: 0.5099 | Best Val: 0.4887 | RMSE: 3.8214 | SCC: 0.6593 | PCC: 0.7140
2026-02-14 15:03:42 | INFO | Epoch 100/100 | Train: 0.2353 | Val: 0.5174 | Best Val: 0.4887 | RMSE: 3.8494 | SCC: 0.6574 | PCC: 0.7103
2026-02-14 15:03:42 | INFO | ================================================================================
2026-02-14 15:03:42 | INFO | Training Complete
2026-02-14 15:03:42 | INFO | ================================================================================
2026-02-14 15:03:42 | INFO | Final train loss: 0.2353
2026-02-14 15:03:42 | INFO | Final validation loss: 0.5174
2026-02-14 15:03:42 | INFO | Best validation loss: 0.4887
2026-02-14 15:03:42 | INFO | Best validation loss (original scale): 13.9999
2026-02-14 15:03:42 | INFO | 
Best validation metrics (RMSE, SCC, PCC)
+--------+-------------+
| Metric |    Value    |
+--------+-------------+
|  RMSE  | 3.74 (0.02) |
|  SCC   | 0.67 (0.00) |
|  PCC   | 0.72 (0.00) |
+--------+-------------+

2026-02-14 15:03:42 | INFO | Metrics saved to /home/debnathk/drug-synergy/logs/kan_std_random_Synergy_ZIP_e100_20260214_130644/metrics.json
2026-02-14 15:03:42 | INFO | Saving trained OmicsFusionModel weights...
2026-02-14 15:03:42 | INFO | OmicsFusionModel weights saved to /home/debnathk/drug-synergy/logs/kan_std_random_Synergy_ZIP_e100_20260214_130644/omics_encoder.pt
2026-02-14 15:03:42 | INFO | OmicsFusionModel weights also saved to /home/debnathk/drug-synergy/data/models/omics_fusion_model_best.pt
2026-02-14 15:03:42 | INFO | Generating loss plot...
2026-02-14 15:03:42 | INFO | Loss plot saved to /home/debnathk/drug-synergy/logs/kan_std_random_Synergy_ZIP_e100_20260214_130644/loss_plot_std.png
2026-02-14 15:03:43 | INFO | Loss plot also saved to /home/debnathk/drug-synergy/assets/loss_plot_std.png
2026-02-14 15:03:43 | INFO | ================================================================================
2026-02-14 15:03:43 | INFO | All outputs saved to: /home/debnathk/drug-synergy/logs/kan_std_random_Synergy_ZIP_e100_20260214_130644
2026-02-14 15:03:43 | INFO | ================================================================================
