2026-02-06 16:14:57 | INFO | Run directory: /home/debnathk/drug-synergy/logs/mlp_std_random_HSA_e100_20260206_161457
2026-02-06 16:14:57 | INFO | Log file: /home/debnathk/drug-synergy/logs/mlp_std_random_HSA_e100_20260206_161457/training.log
2026-02-06 16:14:57 | INFO | Script copied to /home/debnathk/drug-synergy/logs/mlp_std_random_HSA_e100_20260206_161457/main.py
2026-02-06 16:14:57 | INFO | ================================================================================
2026-02-06 16:14:57 | INFO | Starting Drug Synergy Prediction Training (MLP Head)
2026-02-06 16:14:57 | INFO | ================================================================================
2026-02-06 16:14:57 | INFO | Split type: random, raw path: /home/debnathk/drug-synergy/data/raw/random, drug embeddings: /home/debnathk/drug-synergy/data/embeddings/drug_embeddings_random.pt
2026-02-06 16:14:57 | INFO | Loading datasets...
2026-02-06 16:14:58 | INFO | Applying target standardization...
2026-02-06 16:14:58 | INFO | Target scaler fitted - Mean: -0.4388, Std: 5.9223
2026-02-06 16:14:58 | INFO | Original target range: [-80.86, 64.29]
2026-02-06 16:14:58 | INFO | Standardized target range: [-13.58, 10.93]
2026-02-06 16:14:58 | INFO | Datasets loaded successfully
2026-02-06 16:14:58 | INFO | Configuration saved to /home/debnathk/drug-synergy/logs/mlp_std_random_HSA_e100_20260206_161457/config.json
2026-02-06 16:14:58 | INFO | Device: cuda
2026-02-06 16:14:58 | INFO | Training samples: 207968
2026-02-06 16:14:58 | INFO | Validation samples: 29710
2026-02-06 16:14:58 | INFO | Target column: Synergy_HSA
2026-02-06 16:14:58 | INFO | Target standardization: True
2026-02-06 16:14:58 | INFO | Batch size: 64
2026-02-06 16:14:58 | INFO | Learning rate: 0.0001
2026-02-06 16:14:58 | INFO | Number of epochs: 100
2026-02-06 16:14:58 | INFO | Omics dimensions - mRNA: 23808, miRNA: 627, Proteomics: 3171
2026-02-06 16:14:58 | INFO | Running sanity check...
2026-02-06 16:14:58 | INFO | Drug1 embedding shape: torch.Size([768])
2026-02-06 16:14:58 | INFO | Drug2 embedding shape: torch.Size([768])
2026-02-06 16:14:58 | INFO | mRNA shape: torch.Size([23808])
2026-02-06 16:14:58 | INFO | miRNA shape: torch.Size([627])
2026-02-06 16:14:58 | INFO | Proteomics shape: torch.Size([3171])
2026-02-06 16:14:58 | INFO | Target shape: torch.Size([1])
2026-02-06 16:14:58 | INFO | Target sample: -0.3848823010921478
2026-02-06 16:14:58 | INFO | Train batches: 3250
2026-02-06 16:14:58 | INFO | Validation batches: 465
2026-02-06 16:14:58 | INFO | Initializing SynergyModel with MLP head...
2026-02-06 16:14:58 | INFO | Total parameters: 20,232,109
2026-02-06 16:14:58 | INFO | Trainable parameters: 20,232,109
2026-02-06 16:14:58 | INFO | ================================================================================
2026-02-06 16:14:58 | INFO | Starting Training
2026-02-06 16:14:58 | INFO | ================================================================================
2026-02-06 16:15:58 | INFO | Best model saved at epoch 1 with val_loss: 0.7431
2026-02-06 16:16:58 | INFO | Best model saved at epoch 2 with val_loss: 0.6781
2026-02-06 16:17:58 | INFO | Best model saved at epoch 3 with val_loss: 0.6385
2026-02-06 16:18:57 | INFO | Best model saved at epoch 4 with val_loss: 0.6161
2026-02-06 16:19:57 | INFO | Best model saved at epoch 5 with val_loss: 0.5915
2026-02-06 16:20:57 | INFO | Best model saved at epoch 6 with val_loss: 0.5767
2026-02-06 16:21:57 | INFO | Best model saved at epoch 7 with val_loss: 0.5753
2026-02-06 16:22:57 | INFO | Best model saved at epoch 8 with val_loss: 0.5676
2026-02-06 16:23:57 | INFO | Best model saved at epoch 9 with val_loss: 0.5425
2026-02-06 16:24:57 | INFO | Best model saved at epoch 10 with val_loss: 0.5314
2026-02-06 16:24:57 | INFO | Epoch 010/100 | Train: 0.5060 | Val: 0.5314 | Best Val: 0.5314 | RMSE: 4.3187 | SCC: 0.5934 | PCC: 0.6881
2026-02-06 16:25:56 | INFO | Best model saved at epoch 11 with val_loss: 0.5181
2026-02-06 16:26:56 | INFO | Best model saved at epoch 12 with val_loss: 0.5088
2026-02-06 16:27:56 | INFO | Best model saved at epoch 13 with val_loss: 0.5077
2026-02-06 16:28:55 | INFO | Best model saved at epoch 14 with val_loss: 0.4971
2026-02-06 16:29:54 | INFO | Best model saved at epoch 15 with val_loss: 0.4930
2026-02-06 16:30:53 | INFO | Best model saved at epoch 16 with val_loss: 0.4898
2026-02-06 16:31:53 | INFO | Best model saved at epoch 17 with val_loss: 0.4786
2026-02-06 16:32:52 | INFO | Best model saved at epoch 18 with val_loss: 0.4663
2026-02-06 16:33:52 | INFO | Best model saved at epoch 19 with val_loss: 0.4620
2026-02-06 16:34:51 | INFO | Best model saved at epoch 20 with val_loss: 0.4563
2026-02-06 16:34:51 | INFO | Epoch 020/100 | Train: 0.3973 | Val: 0.4563 | Best Val: 0.4563 | RMSE: 3.9989 | SCC: 0.6460 | PCC: 0.7430
2026-02-06 16:35:53 | INFO | Best model saved at epoch 21 with val_loss: 0.4506
2026-02-06 16:37:50 | INFO | Best model saved at epoch 23 with val_loss: 0.4449
2026-02-06 16:38:50 | INFO | Best model saved at epoch 24 with val_loss: 0.4428
2026-02-06 16:39:49 | INFO | Best model saved at epoch 25 with val_loss: 0.4387
2026-02-06 16:40:48 | INFO | Best model saved at epoch 26 with val_loss: 0.4328
2026-02-06 16:42:46 | INFO | Best model saved at epoch 28 with val_loss: 0.4323
2026-02-06 16:43:45 | INFO | Best model saved at epoch 29 with val_loss: 0.4303
2026-02-06 16:44:45 | INFO | Best model saved at epoch 30 with val_loss: 0.4252
2026-02-06 16:44:45 | INFO | Epoch 030/100 | Train: 0.3341 | Val: 0.4252 | Best Val: 0.4252 | RMSE: 3.8683 | SCC: 0.6677 | PCC: 0.7615
2026-02-06 16:45:44 | INFO | Best model saved at epoch 31 with val_loss: 0.4225
2026-02-06 16:46:43 | INFO | Best model saved at epoch 32 with val_loss: 0.4172
2026-02-06 16:47:43 | INFO | Best model saved at epoch 33 with val_loss: 0.4151
2026-02-06 16:50:39 | INFO | Best model saved at epoch 36 with val_loss: 0.4039
2026-02-06 16:54:34 | INFO | Epoch 040/100 | Train: 0.2905 | Val: 0.4066 | Best Val: 0.4039 | RMSE: 3.7776 | SCC: 0.6814 | PCC: 0.7730
2026-02-06 16:56:32 | INFO | Best model saved at epoch 42 with val_loss: 0.4037
2026-02-06 17:00:27 | INFO | Best model saved at epoch 46 with val_loss: 0.3970
2026-02-06 17:04:21 | INFO | Epoch 050/100 | Train: 0.2637 | Val: 0.4050 | Best Val: 0.3970 | RMSE: 3.7674 | SCC: 0.6833 | PCC: 0.7755
2026-02-06 17:06:21 | INFO | Best model saved at epoch 52 with val_loss: 0.3953
2026-02-06 17:09:18 | INFO | Best model saved at epoch 55 with val_loss: 0.3949
2026-02-06 17:10:17 | INFO | Best model saved at epoch 56 with val_loss: 0.3942
2026-02-06 17:11:17 | INFO | Best model saved at epoch 57 with val_loss: 0.3918
2026-02-06 17:13:14 | INFO | Best model saved at epoch 59 with val_loss: 0.3891
2026-02-06 17:14:13 | INFO | Epoch 060/100 | Train: 0.2424 | Val: 0.3909 | Best Val: 0.3891 | RMSE: 3.7007 | SCC: 0.6907 | PCC: 0.7832
2026-02-06 17:19:07 | INFO | Best model saved at epoch 65 with val_loss: 0.3889
2026-02-06 17:24:01 | INFO | Best model saved at epoch 70 with val_loss: 0.3863
2026-02-06 17:24:01 | INFO | Epoch 070/100 | Train: 0.2274 | Val: 0.3863 | Best Val: 0.3863 | RMSE: 3.6825 | SCC: 0.6943 | PCC: 0.7859
2026-02-06 17:28:54 | INFO | Best model saved at epoch 75 with val_loss: 0.3840
2026-02-06 17:33:48 | INFO | Best model saved at epoch 80 with val_loss: 0.3817
2026-02-06 17:33:48 | INFO | Epoch 080/100 | Train: 0.2139 | Val: 0.3817 | Best Val: 0.3817 | RMSE: 3.6564 | SCC: 0.6993 | PCC: 0.7891
2026-02-06 17:36:47 | INFO | Best model saved at epoch 83 with val_loss: 0.3817
2026-02-06 17:43:38 | INFO | Epoch 090/100 | Train: 0.2045 | Val: 0.3823 | Best Val: 0.3817 | RMSE: 3.6647 | SCC: 0.6985 | PCC: 0.7881
2026-02-06 17:53:26 | INFO | Best model saved at epoch 100 with val_loss: 0.3812
2026-02-06 17:53:26 | INFO | Epoch 100/100 | Train: 0.1970 | Val: 0.3812 | Best Val: 0.3812 | RMSE: 3.6595 | SCC: 0.7019 | PCC: 0.7889
2026-02-06 17:53:26 | INFO | ================================================================================
2026-02-06 17:53:26 | INFO | Training Complete
2026-02-06 17:53:26 | INFO | ================================================================================
2026-02-06 17:53:26 | INFO | Final train loss: 0.1970
2026-02-06 17:53:26 | INFO | Final validation loss: 0.3812
2026-02-06 17:53:26 | INFO | Best validation loss: 0.3812
2026-02-06 17:53:26 | INFO | Best validation loss (original scale): 13.3693
2026-02-06 17:53:26 | INFO | 
Best validation metrics (RMSE, SCC, PCC)
+--------+-------------+
| Metric |    Value    |
+--------+-------------+
|  RMSE  | 3.66 (0.04) |
|  SCC   | 0.70 (0.00) |
|  PCC   | 0.79 (0.00) |
+--------+-------------+

2026-02-06 17:53:26 | INFO | Metrics saved to /home/debnathk/drug-synergy/logs/mlp_std_random_HSA_e100_20260206_161457/metrics.json
2026-02-06 17:53:26 | INFO | Saving trained OmicsFusionModel weights...
2026-02-06 17:53:26 | INFO | OmicsFusionModel weights saved to /home/debnathk/drug-synergy/logs/mlp_std_random_HSA_e100_20260206_161457/omics_encoder.pt
2026-02-06 17:53:26 | INFO | OmicsFusionModel weights also saved to /home/debnathk/drug-synergy/data/models/omics_fusion_model_best.pt
2026-02-06 17:53:26 | INFO | Generating loss plot...
2026-02-06 17:53:26 | INFO | Loss plot saved to /home/debnathk/drug-synergy/logs/mlp_std_random_HSA_e100_20260206_161457/loss_plot_std.png
2026-02-06 17:53:27 | INFO | Loss plot also saved to /home/debnathk/drug-synergy/assets/loss_plot_std.png
2026-02-06 17:53:27 | INFO | ================================================================================
2026-02-06 17:53:27 | INFO | All outputs saved to: /home/debnathk/drug-synergy/logs/mlp_std_random_HSA_e100_20260206_161457
2026-02-06 17:53:27 | INFO | ================================================================================
