2026-02-11 07:18:46 | INFO | Run directory: /home/debnathk/drug-synergy/logs/mlp_std_cold_drug_ZIP_e100_20260211_071846
2026-02-11 07:18:46 | INFO | Log file: /home/debnathk/drug-synergy/logs/mlp_std_cold_drug_ZIP_e100_20260211_071846/training.log
2026-02-11 07:18:46 | INFO | Script copied to /home/debnathk/drug-synergy/logs/mlp_std_cold_drug_ZIP_e100_20260211_071846/main.py
2026-02-11 07:18:46 | INFO | ================================================================================
2026-02-11 07:18:46 | INFO | Starting Drug Synergy Prediction Training (MLP Head)
2026-02-11 07:18:46 | INFO | ================================================================================
2026-02-11 07:18:46 | INFO | Split type: cold_drug, raw path: /home/debnathk/drug-synergy/data/raw/cold_drug, drug embeddings: /home/debnathk/drug-synergy/data/embeddings/drug_embeddings_cold_drug.pt
2026-02-11 07:18:46 | INFO | Loading datasets...
2026-02-11 07:18:46 | INFO | Applying target standardization...
2026-02-11 07:18:46 | INFO | Target scaler fitted - Mean: -0.7900, Std: 5.4054
2026-02-11 07:18:46 | INFO | Original target range: [-35.55, 66.66]
2026-02-11 07:18:46 | INFO | Standardized target range: [-6.43, 12.48]
2026-02-11 07:18:46 | INFO | Datasets loaded successfully
2026-02-11 07:18:46 | INFO | Configuration saved to /home/debnathk/drug-synergy/logs/mlp_std_cold_drug_ZIP_e100_20260211_071846/config.json
2026-02-11 07:18:46 | INFO | Device: cuda
2026-02-11 07:18:46 | INFO | Training samples: 206494
2026-02-11 07:18:46 | INFO | Validation samples: 28881
2026-02-11 07:18:46 | INFO | Target column: Synergy_ZIP
2026-02-11 07:18:46 | INFO | Target standardization: True
2026-02-11 07:18:46 | INFO | Batch size: 64
2026-02-11 07:18:46 | INFO | Learning rate: 0.0001
2026-02-11 07:18:46 | INFO | Number of epochs: 100
2026-02-11 07:18:46 | INFO | Omics dimensions - mRNA: 23808, miRNA: 627, Proteomics: 3171
2026-02-11 07:18:46 | INFO | Running sanity check...
2026-02-11 07:18:46 | INFO | Drug1 embedding shape: torch.Size([768])
2026-02-11 07:18:46 | INFO | Drug2 embedding shape: torch.Size([768])
2026-02-11 07:18:46 | INFO | mRNA shape: torch.Size([23808])
2026-02-11 07:18:46 | INFO | miRNA shape: torch.Size([627])
2026-02-11 07:18:46 | INFO | Proteomics shape: torch.Size([3171])
2026-02-11 07:18:46 | INFO | Target shape: torch.Size([1])
2026-02-11 07:18:46 | INFO | Target sample: 0.6366568803787231
2026-02-11 07:18:46 | INFO | Train batches: 3227
2026-02-11 07:18:46 | INFO | Validation batches: 452
2026-02-11 07:18:46 | INFO | Initializing SynergyModel with MLP head...
2026-02-11 07:18:47 | INFO | Total parameters: 20,232,109
2026-02-11 07:18:47 | INFO | Trainable parameters: 20,232,109
2026-02-11 07:18:47 | INFO | ================================================================================
2026-02-11 07:18:47 | INFO | Starting Training
2026-02-11 07:18:47 | INFO | ================================================================================
2026-02-11 07:19:47 | INFO | Best model saved at epoch 1 with val_loss: 0.7786
2026-02-11 07:20:47 | INFO | Best model saved at epoch 2 with val_loss: 0.7475
2026-02-11 07:22:47 | INFO | Best model saved at epoch 4 with val_loss: 0.7445
2026-02-11 07:28:43 | INFO | Epoch 010/100 | Train: 0.4972 | Val: 0.7647 | Best Val: 0.7445 | RMSE: 4.7231 | SCC: 0.3028 | PCC: 0.3020
2026-02-11 07:38:36 | INFO | Epoch 020/100 | Train: 0.3972 | Val: 0.7888 | Best Val: 0.7445 | RMSE: 4.8012 | SCC: 0.3366 | PCC: 0.3206
2026-02-11 07:48:29 | INFO | Epoch 030/100 | Train: 0.3355 | Val: 0.7799 | Best Val: 0.7445 | RMSE: 4.7715 | SCC: 0.3324 | PCC: 0.3234
2026-02-11 07:58:23 | INFO | Epoch 040/100 | Train: 0.2944 | Val: 0.7884 | Best Val: 0.7445 | RMSE: 4.7985 | SCC: 0.3288 | PCC: 0.3274
2026-02-11 08:08:17 | INFO | Epoch 050/100 | Train: 0.2669 | Val: 0.8003 | Best Val: 0.7445 | RMSE: 4.8341 | SCC: 0.3183 | PCC: 0.3167
2026-02-11 08:18:10 | INFO | Epoch 060/100 | Train: 0.2468 | Val: 0.7946 | Best Val: 0.7445 | RMSE: 4.8250 | SCC: 0.3267 | PCC: 0.3220
2026-02-11 08:28:05 | INFO | Epoch 070/100 | Train: 0.2306 | Val: 0.8130 | Best Val: 0.7445 | RMSE: 4.8714 | SCC: 0.3132 | PCC: 0.3142
2026-02-11 08:37:59 | INFO | Epoch 080/100 | Train: 0.2198 | Val: 0.7953 | Best Val: 0.7445 | RMSE: 4.8191 | SCC: 0.3266 | PCC: 0.3237
2026-02-11 08:47:53 | INFO | Epoch 090/100 | Train: 0.2089 | Val: 0.8096 | Best Val: 0.7445 | RMSE: 4.8611 | SCC: 0.3205 | PCC: 0.3164
2026-02-11 08:57:48 | INFO | Epoch 100/100 | Train: 0.2014 | Val: 0.8094 | Best Val: 0.7445 | RMSE: 4.8637 | SCC: 0.3232 | PCC: 0.3206
2026-02-11 08:57:48 | INFO | ================================================================================
2026-02-11 08:57:48 | INFO | Training Complete
2026-02-11 08:57:48 | INFO | ================================================================================
2026-02-11 08:57:48 | INFO | Final train loss: 0.2014
2026-02-11 08:57:48 | INFO | Final validation loss: 0.8094
2026-02-11 08:57:48 | INFO | Best validation loss: 0.7445
2026-02-11 08:57:48 | INFO | Best validation loss (original scale): 21.7526
2026-02-11 08:57:48 | INFO | 
Best validation metrics (RMSE, SCC, PCC)
+--------+-------------+
| Metric |    Value    |
+--------+-------------+
|  RMSE  | 4.66 (0.04) |
|  SCC   | 0.31 (0.01) |
|  PCC   | 0.30 (0.01) |
+--------+-------------+

2026-02-11 08:57:48 | INFO | Metrics saved to /home/debnathk/drug-synergy/logs/mlp_std_cold_drug_ZIP_e100_20260211_071846/metrics.json
2026-02-11 08:57:48 | INFO | Saving trained OmicsFusionModel weights...
2026-02-11 08:57:48 | INFO | OmicsFusionModel weights saved to /home/debnathk/drug-synergy/logs/mlp_std_cold_drug_ZIP_e100_20260211_071846/omics_encoder.pt
2026-02-11 08:57:48 | INFO | OmicsFusionModel weights also saved to /home/debnathk/drug-synergy/data/models/omics_fusion_model_best.pt
2026-02-11 08:57:48 | INFO | Generating loss plot...
2026-02-11 08:57:48 | INFO | Loss plot saved to /home/debnathk/drug-synergy/logs/mlp_std_cold_drug_ZIP_e100_20260211_071846/loss_plot_std.png
2026-02-11 08:57:48 | INFO | Loss plot also saved to /home/debnathk/drug-synergy/assets/loss_plot_std.png
2026-02-11 08:57:48 | INFO | ================================================================================
2026-02-11 08:57:48 | INFO | All outputs saved to: /home/debnathk/drug-synergy/logs/mlp_std_cold_drug_ZIP_e100_20260211_071846
2026-02-11 08:57:48 | INFO | ================================================================================
