2026-01-12 20:07:25 | INFO | Run directory: /home/debnathk/drug-synergy/logs/synergy_mlp_20260112_200725
2026-01-12 20:07:25 | INFO | Log file: /home/debnathk/drug-synergy/logs/synergy_mlp_20260112_200725/training.log
2026-01-12 20:07:25 | INFO | ================================================================================
2026-01-12 20:07:25 | INFO | Starting Drug Synergy Prediction Training
2026-01-12 20:07:25 | INFO | ================================================================================
2026-01-12 20:07:25 | INFO | Configuration saved to /home/debnathk/drug-synergy/logs/synergy_mlp_20260112_200725/config.json
2026-01-12 20:07:25 | INFO | Device: cuda
2026-01-12 20:07:25 | INFO | Training samples: 207968
2026-01-12 20:07:25 | INFO | Validation samples: 29710
2026-01-12 20:07:25 | INFO | Target column: Synergy_ZIP
2026-01-12 20:07:25 | INFO | Batch size: 64
2026-01-12 20:07:25 | INFO | Learning rate: 0.0001
2026-01-12 20:07:25 | INFO | Number of epochs: 100
2026-01-12 20:07:25 | INFO | Loading datasets...
2026-01-12 20:07:33 | INFO | Datasets loaded successfully
2026-01-12 20:07:33 | INFO | Running sanity check...
2026-01-12 20:07:33 | INFO | Sample input shape: torch.Size([2304])
2026-01-12 20:07:33 | INFO | Sample target shape: torch.Size([1])
2026-01-12 20:07:33 | INFO | Input sample (first 10): [0.7471108436584473, -0.33055445551872253, -1.2694381475448608, 1.3445549011230469, -1.2886669635772705, 0.007914623245596886, 0.2789960503578186, 0.6649770140647888, -0.10617959499359131, -0.5756475329399109]
2026-01-12 20:07:33 | INFO | Target sample: -1.9062016010284424
2026-01-12 20:07:33 | INFO | Train batches: 3250
2026-01-12 20:07:33 | INFO | Validation batches: 465
2026-01-12 20:07:33 | INFO | Initializing model...
2026-01-12 20:07:34 | INFO | Total parameters: 2,622,977
2026-01-12 20:07:34 | INFO | Trainable parameters: 2,622,977
2026-01-12 20:07:34 | INFO | ================================================================================
2026-01-12 20:07:34 | INFO | Starting Training
2026-01-12 20:07:34 | INFO | ================================================================================
2026-01-12 20:07:54 | INFO | Best model saved at epoch 1 with val_loss: 22.5673
2026-01-12 20:10:08 | INFO | Best model saved at epoch 8 with val_loss: 21.9067
2026-01-12 20:10:47 | INFO | Epoch 010/100 | Train: 18.8310 | Val: 24.1618 | Best Val: 21.9067
2026-01-12 20:13:59 | INFO | Epoch 020/100 | Train: 17.7889 | Val: 29.1941 | Best Val: 21.9067
2026-01-12 20:17:12 | INFO | Epoch 030/100 | Train: 17.0076 | Val: 33.6000 | Best Val: 21.9067
2026-01-12 20:20:25 | INFO | Epoch 040/100 | Train: 16.3638 | Val: 36.1151 | Best Val: 21.9067
2026-01-12 20:23:38 | INFO | Epoch 050/100 | Train: 15.7871 | Val: 35.0976 | Best Val: 21.9067
2026-01-12 20:26:51 | INFO | Epoch 060/100 | Train: 15.1939 | Val: 43.8569 | Best Val: 21.9067
2026-01-12 20:30:04 | INFO | Epoch 070/100 | Train: 14.6441 | Val: 54.6343 | Best Val: 21.9067
2026-01-12 20:33:17 | INFO | Epoch 080/100 | Train: 14.0924 | Val: 57.1085 | Best Val: 21.9067
2026-01-12 20:36:30 | INFO | Epoch 090/100 | Train: 13.5786 | Val: 59.6148 | Best Val: 21.9067
2026-01-12 20:39:43 | INFO | Epoch 100/100 | Train: 13.0733 | Val: 52.0522 | Best Val: 21.9067
2026-01-12 20:39:43 | INFO | ================================================================================
2026-01-12 20:39:43 | INFO | Training Complete
2026-01-12 20:39:43 | INFO | ================================================================================
2026-01-12 20:39:43 | INFO | Final train loss: 13.0733
2026-01-12 20:39:43 | INFO | Final validation loss: 52.0522
2026-01-12 20:39:43 | INFO | Best validation loss: 21.9067
2026-01-12 20:39:43 | INFO | Metrics saved to /home/debnathk/drug-synergy/logs/synergy_mlp_20260112_200725/metrics.json
2026-01-12 20:39:43 | INFO | Generating loss plot...
2026-01-12 20:39:44 | INFO | Loss plot saved to /home/debnathk/drug-synergy/logs/synergy_mlp_20260112_200725/loss_plot_wo_std.png
2026-01-12 20:39:44 | INFO | Loss plot also saved to /home/debnathk/drug-synergy/assets/loss_plot_wo_std.png
2026-01-12 20:39:44 | INFO | ================================================================================
2026-01-12 20:39:44 | INFO | All outputs saved to: /home/debnathk/drug-synergy/logs/synergy_mlp_20260112_200725
2026-01-12 20:39:44 | INFO | ================================================================================
