2026-02-15 16:44:08 | INFO | Run directory: /home/debnathk/drug-synergy/logs/mlp_std_cold_drug_Synergy_Loewe_e100_20260215_164408
2026-02-15 16:44:08 | INFO | Log file: /home/debnathk/drug-synergy/logs/mlp_std_cold_drug_Synergy_Loewe_e100_20260215_164408/training.log
2026-02-15 16:44:08 | INFO | Script copied to /home/debnathk/drug-synergy/logs/mlp_std_cold_drug_Synergy_Loewe_e100_20260215_164408/main.py
2026-02-15 16:44:08 | INFO | ================================================================================
2026-02-15 16:44:08 | INFO | Starting Drug Synergy Prediction Training (MLP Head)
2026-02-15 16:44:08 | INFO | ================================================================================
2026-02-15 16:44:08 | INFO | Split type: cold_drug, raw path: /home/debnathk/drug-synergy/data/raw/cold_drug, drug embeddings: /home/debnathk/drug-synergy/data/embeddings/drug_embeddings_cold_drug.pt
2026-02-15 16:44:08 | INFO | Loading datasets...
2026-02-15 16:44:09 | INFO | Applying target standardization...
2026-02-15 16:44:09 | INFO | Target scaler fitted - Mean: -9.0538, Std: 14.6522
2026-02-15 16:44:09 | INFO | Original target range: [-116.63, 86.69]
2026-02-15 16:44:09 | INFO | Standardized target range: [-7.34, 6.53]
2026-02-15 16:44:09 | INFO | Datasets loaded successfully
2026-02-15 16:44:09 | INFO | Configuration saved to /home/debnathk/drug-synergy/logs/mlp_std_cold_drug_Synergy_Loewe_e100_20260215_164408/config.json
2026-02-15 16:44:09 | INFO | Device: cuda
2026-02-15 16:44:09 | INFO | Training samples: 206494
2026-02-15 16:44:09 | INFO | Validation samples: 28881
2026-02-15 16:44:09 | INFO | Target column: Synergy_Loewe
2026-02-15 16:44:09 | INFO | Target standardization: True
2026-02-15 16:44:09 | INFO | Batch size: 64
2026-02-15 16:44:09 | INFO | Learning rate: 0.0001
2026-02-15 16:44:09 | INFO | Number of epochs: 100
2026-02-15 16:44:09 | INFO | Omics dimensions - mRNA: 23808, miRNA: 627, Proteomics: 3171
2026-02-15 16:44:09 | INFO | Running sanity check...
2026-02-15 16:44:09 | INFO | Drug1 embedding shape: torch.Size([768])
2026-02-15 16:44:09 | INFO | Drug2 embedding shape: torch.Size([768])
2026-02-15 16:44:09 | INFO | mRNA shape: torch.Size([23808])
2026-02-15 16:44:09 | INFO | miRNA shape: torch.Size([627])
2026-02-15 16:44:09 | INFO | Proteomics shape: torch.Size([3171])
2026-02-15 16:44:09 | INFO | Target shape: torch.Size([1])
2026-02-15 16:44:09 | INFO | Target sample: 0.9106981754302979
2026-02-15 16:44:09 | INFO | Train batches: 3227
2026-02-15 16:44:09 | INFO | Validation batches: 452
2026-02-15 16:44:09 | INFO | Initializing SynergyModel with MLP head...
2026-02-15 16:44:10 | INFO | Total parameters: 17,671,853
2026-02-15 16:44:10 | INFO | Trainable parameters: 17,671,853
2026-02-15 16:44:10 | INFO | ================================================================================
2026-02-15 16:44:10 | INFO | Starting Training
2026-02-15 16:44:10 | INFO | ================================================================================
2026-02-15 16:45:09 | INFO | Best model saved at epoch 1 with val_loss: 1.0617
2026-02-15 16:47:08 | INFO | Best model saved at epoch 3 with val_loss: 1.0598
2026-02-15 16:48:07 | INFO | Best model saved at epoch 4 with val_loss: 1.0189
2026-02-15 16:49:07 | INFO | Best model saved at epoch 5 with val_loss: 1.0053
2026-02-15 16:52:04 | INFO | Best model saved at epoch 8 with val_loss: 1.0003
2026-02-15 16:54:02 | INFO | Epoch 010/100 | Train: 0.4364 | Val: 1.0164 | Best Val: 1.0003 | RMSE: 14.7570 | SCC: 0.2098 | PCC: 0.2347
2026-02-15 17:03:51 | INFO | Epoch 020/100 | Train: 0.3470 | Val: 1.0517 | Best Val: 1.0003 | RMSE: 15.0168 | SCC: 0.2052 | PCC: 0.2411
2026-02-15 17:13:41 | INFO | Epoch 030/100 | Train: 0.2918 | Val: 1.0905 | Best Val: 1.0003 | RMSE: 15.2891 | SCC: 0.1868 | PCC: 0.2190
2026-02-15 17:23:30 | INFO | Epoch 040/100 | Train: 0.2520 | Val: 1.0454 | Best Val: 1.0003 | RMSE: 14.9688 | SCC: 0.2302 | PCC: 0.2766
2026-02-15 17:33:20 | INFO | Epoch 050/100 | Train: 0.2255 | Val: 1.0887 | Best Val: 1.0003 | RMSE: 15.3033 | SCC: 0.2346 | PCC: 0.2610
2026-02-15 17:43:10 | INFO | Epoch 060/100 | Train: 0.2064 | Val: 1.0498 | Best Val: 1.0003 | RMSE: 15.0068 | SCC: 0.2341 | PCC: 0.2724
2026-02-15 17:53:05 | INFO | Epoch 070/100 | Train: 0.1904 | Val: 1.1044 | Best Val: 1.0003 | RMSE: 15.4009 | SCC: 0.2104 | PCC: 0.2408
2026-02-15 18:03:00 | INFO | Epoch 080/100 | Train: 0.1799 | Val: 1.0849 | Best Val: 1.0003 | RMSE: 15.2677 | SCC: 0.2251 | PCC: 0.2491
2026-02-15 18:13:05 | INFO | Epoch 090/100 | Train: 0.1701 | Val: 1.0684 | Best Val: 1.0003 | RMSE: 15.1511 | SCC: 0.2188 | PCC: 0.2579
2026-02-15 18:23:10 | INFO | Epoch 100/100 | Train: 0.1617 | Val: 1.0491 | Best Val: 1.0003 | RMSE: 15.0028 | SCC: 0.2367 | PCC: 0.2712
2026-02-15 18:23:10 | INFO | ================================================================================
2026-02-15 18:23:10 | INFO | Training Complete
2026-02-15 18:23:10 | INFO | ================================================================================
2026-02-15 18:23:10 | INFO | Final train loss: 0.1617
2026-02-15 18:23:10 | INFO | Final validation loss: 1.0491
2026-02-15 18:23:10 | INFO | Best validation loss: 1.0003
2026-02-15 18:23:10 | INFO | Best validation loss (original scale): 214.7559
2026-02-15 18:23:10 | INFO | 
Best validation metrics (RMSE, SCC, PCC)
+--------+--------------+
| Metric |    Value     |
+--------+--------------+
|  RMSE  | 14.66 (0.10) |
|  SCC   | 0.20 (0.01)  |
|  PCC   | 0.23 (0.01)  |
+--------+--------------+

2026-02-15 18:23:10 | INFO | Metrics saved to /home/debnathk/drug-synergy/logs/mlp_std_cold_drug_Synergy_Loewe_e100_20260215_164408/metrics.json
2026-02-15 18:23:10 | INFO | Saving trained OmicsFusionModel weights...
2026-02-15 18:23:10 | INFO | OmicsFusionModel weights saved to /home/debnathk/drug-synergy/logs/mlp_std_cold_drug_Synergy_Loewe_e100_20260215_164408/omics_encoder.pt
2026-02-15 18:23:10 | INFO | OmicsFusionModel weights also saved to /home/debnathk/drug-synergy/data/models/omics_fusion_model_best.pt
2026-02-15 18:23:10 | INFO | Generating loss plot...
2026-02-15 18:23:11 | INFO | Loss plot saved to /home/debnathk/drug-synergy/logs/mlp_std_cold_drug_Synergy_Loewe_e100_20260215_164408/loss_plot_std.png
2026-02-15 18:23:11 | INFO | Loss plot also saved to /home/debnathk/drug-synergy/assets/loss_plot_std.png
2026-02-15 18:23:11 | INFO | ================================================================================
2026-02-15 18:23:11 | INFO | All outputs saved to: /home/debnathk/drug-synergy/logs/mlp_std_cold_drug_Synergy_Loewe_e100_20260215_164408
2026-02-15 18:23:11 | INFO | ================================================================================
