2026-02-06 17:53:48 | INFO | Run directory: /home/debnathk/drug-synergy/logs/mlp_std_cold_drug_HSA_e100_20260206_175348
2026-02-06 17:53:48 | INFO | Log file: /home/debnathk/drug-synergy/logs/mlp_std_cold_drug_HSA_e100_20260206_175348/training.log
2026-02-06 17:53:48 | INFO | Script copied to /home/debnathk/drug-synergy/logs/mlp_std_cold_drug_HSA_e100_20260206_175348/main.py
2026-02-06 17:53:48 | INFO | ================================================================================
2026-02-06 17:53:48 | INFO | Starting Drug Synergy Prediction Training (MLP Head)
2026-02-06 17:53:48 | INFO | ================================================================================
2026-02-06 17:53:48 | INFO | Split type: cold_drug, raw path: /home/debnathk/drug-synergy/data/raw/cold_drug, drug embeddings: /home/debnathk/drug-synergy/data/embeddings/drug_embeddings_cold_drug.pt
2026-02-06 17:53:48 | INFO | Loading datasets...
2026-02-06 17:53:49 | INFO | Applying target standardization...
2026-02-06 17:53:49 | INFO | Target scaler fitted - Mean: -0.3370, Std: 5.8735
2026-02-06 17:53:49 | INFO | Original target range: [-81.75, 64.29]
2026-02-06 17:53:49 | INFO | Standardized target range: [-13.86, 11.00]
2026-02-06 17:53:49 | INFO | Datasets loaded successfully
2026-02-06 17:53:49 | INFO | Configuration saved to /home/debnathk/drug-synergy/logs/mlp_std_cold_drug_HSA_e100_20260206_175348/config.json
2026-02-06 17:53:49 | INFO | Device: cuda
2026-02-06 17:53:49 | INFO | Training samples: 206494
2026-02-06 17:53:49 | INFO | Validation samples: 28881
2026-02-06 17:53:49 | INFO | Target column: Synergy_HSA
2026-02-06 17:53:49 | INFO | Target standardization: True
2026-02-06 17:53:49 | INFO | Batch size: 64
2026-02-06 17:53:49 | INFO | Learning rate: 0.0001
2026-02-06 17:53:49 | INFO | Number of epochs: 100
2026-02-06 17:53:49 | INFO | Omics dimensions - mRNA: 23808, miRNA: 627, Proteomics: 3171
2026-02-06 17:53:49 | INFO | Running sanity check...
2026-02-06 17:53:49 | INFO | Drug1 embedding shape: torch.Size([768])
2026-02-06 17:53:49 | INFO | Drug2 embedding shape: torch.Size([768])
2026-02-06 17:53:49 | INFO | mRNA shape: torch.Size([23808])
2026-02-06 17:53:49 | INFO | miRNA shape: torch.Size([627])
2026-02-06 17:53:49 | INFO | Proteomics shape: torch.Size([3171])
2026-02-06 17:53:49 | INFO | Target shape: torch.Size([1])
2026-02-06 17:53:49 | INFO | Target sample: 0.9169536232948303
2026-02-06 17:53:49 | INFO | Train batches: 3227
2026-02-06 17:53:49 | INFO | Validation batches: 452
2026-02-06 17:53:49 | INFO | Initializing SynergyModel with MLP head...
2026-02-06 17:53:50 | INFO | Total parameters: 20,232,109
2026-02-06 17:53:50 | INFO | Trainable parameters: 20,232,109
2026-02-06 17:53:50 | INFO | ================================================================================
2026-02-06 17:53:50 | INFO | Starting Training
2026-02-06 17:53:50 | INFO | ================================================================================
2026-02-06 17:54:49 | INFO | Best model saved at epoch 1 with val_loss: 0.8953
2026-02-06 17:55:48 | INFO | Best model saved at epoch 2 with val_loss: 0.8897
2026-02-06 18:03:37 | INFO | Epoch 010/100 | Train: 0.4922 | Val: 0.8969 | Best Val: 0.8897 | RMSE: 5.5667 | SCC: 0.2699 | PCC: 0.2627
2026-02-06 18:13:26 | INFO | Epoch 020/100 | Train: 0.3883 | Val: 0.9079 | Best Val: 0.8897 | RMSE: 5.5894 | SCC: 0.2771 | PCC: 0.2499
2026-02-06 18:23:13 | INFO | Epoch 030/100 | Train: 0.3259 | Val: 0.9129 | Best Val: 0.8897 | RMSE: 5.6046 | SCC: 0.2582 | PCC: 0.2483
2026-02-06 18:32:59 | INFO | Epoch 040/100 | Train: 0.2855 | Val: 0.9049 | Best Val: 0.8897 | RMSE: 5.5839 | SCC: 0.2756 | PCC: 0.2652
2026-02-06 18:42:48 | INFO | Epoch 050/100 | Train: 0.2584 | Val: 0.9339 | Best Val: 0.8897 | RMSE: 5.6821 | SCC: 0.2616 | PCC: 0.2489
2026-02-06 18:52:35 | INFO | Epoch 060/100 | Train: 0.2389 | Val: 0.9279 | Best Val: 0.8897 | RMSE: 5.6565 | SCC: 0.2559 | PCC: 0.2437
2026-02-06 19:02:22 | INFO | Epoch 070/100 | Train: 0.2245 | Val: 0.9160 | Best Val: 0.8897 | RMSE: 5.6200 | SCC: 0.2661 | PCC: 0.2622
2026-02-06 19:12:11 | INFO | Epoch 080/100 | Train: 0.2119 | Val: 0.9266 | Best Val: 0.8897 | RMSE: 5.6557 | SCC: 0.2619 | PCC: 0.2587
2026-02-06 19:21:59 | INFO | Epoch 090/100 | Train: 0.2031 | Val: 0.9238 | Best Val: 0.8897 | RMSE: 5.6472 | SCC: 0.2669 | PCC: 0.2622
2026-02-06 19:31:46 | INFO | Epoch 100/100 | Train: 0.1947 | Val: 0.9363 | Best Val: 0.8897 | RMSE: 5.6763 | SCC: 0.2603 | PCC: 0.2524
2026-02-06 19:31:46 | INFO | ================================================================================
2026-02-06 19:31:46 | INFO | Training Complete
2026-02-06 19:31:46 | INFO | ================================================================================
2026-02-06 19:31:46 | INFO | Final train loss: 0.1947
2026-02-06 19:31:46 | INFO | Final validation loss: 0.9363
2026-02-06 19:31:46 | INFO | Best validation loss: 0.8897
2026-02-06 19:31:46 | INFO | Best validation loss (original scale): 30.6938
2026-02-06 19:31:46 | INFO | 
Best validation metrics (RMSE, SCC, PCC)
+--------+-------------+
| Metric |    Value    |
+--------+-------------+
|  RMSE  | 5.54 (0.06) |
|  SCC   | 0.25 (0.01) |
|  PCC   | 0.24 (0.01) |
+--------+-------------+

2026-02-06 19:31:46 | INFO | Metrics saved to /home/debnathk/drug-synergy/logs/mlp_std_cold_drug_HSA_e100_20260206_175348/metrics.json
2026-02-06 19:31:46 | INFO | Saving trained OmicsFusionModel weights...
2026-02-06 19:31:46 | INFO | OmicsFusionModel weights saved to /home/debnathk/drug-synergy/logs/mlp_std_cold_drug_HSA_e100_20260206_175348/omics_encoder.pt
2026-02-06 19:31:46 | INFO | OmicsFusionModel weights also saved to /home/debnathk/drug-synergy/data/models/omics_fusion_model_best.pt
2026-02-06 19:31:46 | INFO | Generating loss plot...
2026-02-06 19:31:47 | INFO | Loss plot saved to /home/debnathk/drug-synergy/logs/mlp_std_cold_drug_HSA_e100_20260206_175348/loss_plot_std.png
2026-02-06 19:31:47 | INFO | Loss plot also saved to /home/debnathk/drug-synergy/assets/loss_plot_std.png
2026-02-06 19:31:47 | INFO | ================================================================================
2026-02-06 19:31:47 | INFO | All outputs saved to: /home/debnathk/drug-synergy/logs/mlp_std_cold_drug_HSA_e100_20260206_175348
2026-02-06 19:31:47 | INFO | ================================================================================
