2026-02-15 03:32:33 | INFO | Run directory: /home/debnathk/drug-synergy/logs/kan_std_random_Synergy_Bliss_e100_20260215_033233
2026-02-15 03:32:33 | INFO | Log file: /home/debnathk/drug-synergy/logs/kan_std_random_Synergy_Bliss_e100_20260215_033233/training.log
2026-02-15 03:32:33 | INFO | Script copied to /home/debnathk/drug-synergy/logs/kan_std_random_Synergy_Bliss_e100_20260215_033233/main.py
2026-02-15 03:32:33 | INFO | ================================================================================
2026-02-15 03:32:33 | INFO | Starting Drug Synergy Prediction Training (KAN Head)
2026-02-15 03:32:33 | INFO | ================================================================================
2026-02-15 03:32:33 | INFO | Split type: random, raw path: /home/debnathk/drug-synergy/data/raw/random, drug embeddings: /home/debnathk/drug-synergy/data/embeddings/drug_embeddings_random.pt
2026-02-15 03:32:33 | INFO | Loading datasets...
2026-02-15 03:32:33 | INFO | Applying target standardization...
2026-02-15 03:32:33 | INFO | Target scaler fitted - Mean: 0.1273, Std: 6.1044
2026-02-15 03:32:33 | INFO | Original target range: [-74.03, 78.65]
2026-02-15 03:32:33 | INFO | Standardized target range: [-12.15, 12.86]
2026-02-15 03:32:33 | INFO | Datasets loaded successfully
2026-02-15 03:32:33 | INFO | Configuration saved to /home/debnathk/drug-synergy/logs/kan_std_random_Synergy_Bliss_e100_20260215_033233/config.json
2026-02-15 03:32:33 | INFO | Device: cuda
2026-02-15 03:32:33 | INFO | Training samples: 207968
2026-02-15 03:32:33 | INFO | Validation samples: 29710
2026-02-15 03:32:33 | INFO | Target column: Synergy_Bliss
2026-02-15 03:32:33 | INFO | Target standardization: True
2026-02-15 03:32:33 | INFO | Batch size: 64
2026-02-15 03:32:33 | INFO | Learning rate: 0.0001
2026-02-15 03:32:33 | INFO | Number of epochs: 100
2026-02-15 03:32:33 | INFO | Omics dimensions - mRNA: 23808, miRNA: 627, Proteomics: 3171
2026-02-15 03:32:33 | INFO | Running sanity check...
2026-02-15 03:32:33 | INFO | Drug1 embedding shape: torch.Size([768])
2026-02-15 03:32:33 | INFO | Drug2 embedding shape: torch.Size([768])
2026-02-15 03:32:33 | INFO | mRNA shape: torch.Size([23808])
2026-02-15 03:32:33 | INFO | miRNA shape: torch.Size([627])
2026-02-15 03:32:33 | INFO | Proteomics shape: torch.Size([3171])
2026-02-15 03:32:33 | INFO | Target shape: torch.Size([1])
2026-02-15 03:32:33 | INFO | Target sample: -0.27908357977867126
2026-02-15 03:32:33 | INFO | Train batches: 3250
2026-02-15 03:32:33 | INFO | Validation batches: 465
2026-02-15 03:32:33 | INFO | Initializing SynergyModel with KAN head...
2026-02-15 03:32:34 | INFO | Total parameters: 18,039,276
2026-02-15 03:32:34 | INFO | Trainable parameters: 18,039,276
2026-02-15 03:32:34 | INFO | ================================================================================
2026-02-15 03:32:34 | INFO | Starting Training
2026-02-15 03:32:34 | INFO | ================================================================================
2026-02-15 03:33:47 | INFO | Best model saved at epoch 1 with val_loss: 0.8021
2026-02-15 03:35:01 | INFO | Best model saved at epoch 2 with val_loss: 0.6956
2026-02-15 03:36:15 | INFO | Best model saved at epoch 3 with val_loss: 0.6614
2026-02-15 03:37:28 | INFO | Best model saved at epoch 4 with val_loss: 0.6215
2026-02-15 03:38:42 | INFO | Best model saved at epoch 5 with val_loss: 0.6031
2026-02-15 03:39:55 | INFO | Best model saved at epoch 6 with val_loss: 0.5915
2026-02-15 03:41:08 | INFO | Best model saved at epoch 7 with val_loss: 0.5789
2026-02-15 03:42:22 | INFO | Best model saved at epoch 8 with val_loss: 0.5659
2026-02-15 03:43:35 | INFO | Best model saved at epoch 9 with val_loss: 0.5566
2026-02-15 03:44:48 | INFO | Epoch 010/100 | Train: 0.4945 | Val: 0.5586 | Best Val: 0.5566 | RMSE: 4.5598 | SCC: 0.5446 | PCC: 0.6719
2026-02-15 03:46:02 | INFO | Best model saved at epoch 11 with val_loss: 0.5492
2026-02-15 03:47:15 | INFO | Best model saved at epoch 12 with val_loss: 0.5454
2026-02-15 03:48:29 | INFO | Best model saved at epoch 13 with val_loss: 0.5393
2026-02-15 03:49:42 | INFO | Best model saved at epoch 14 with val_loss: 0.5305
2026-02-15 03:50:55 | INFO | Best model saved at epoch 15 with val_loss: 0.5248
2026-02-15 03:52:09 | INFO | Best model saved at epoch 16 with val_loss: 0.5165
2026-02-15 03:54:35 | INFO | Best model saved at epoch 18 with val_loss: 0.5101
2026-02-15 03:57:01 | INFO | Epoch 020/100 | Train: 0.4056 | Val: 0.5112 | Best Val: 0.5101 | RMSE: 4.3650 | SCC: 0.5780 | PCC: 0.7067
2026-02-15 04:00:39 | INFO | Best model saved at epoch 23 with val_loss: 0.5096
2026-02-15 04:01:53 | INFO | Best model saved at epoch 24 with val_loss: 0.5070
2026-02-15 04:03:06 | INFO | Best model saved at epoch 25 with val_loss: 0.5062
2026-02-15 04:05:33 | INFO | Best model saved at epoch 27 with val_loss: 0.5015
2026-02-15 04:06:47 | INFO | Best model saved at epoch 28 with val_loss: 0.5010
2026-02-15 04:09:13 | INFO | Best model saved at epoch 30 with val_loss: 0.5002
2026-02-15 04:09:13 | INFO | Epoch 030/100 | Train: 0.3564 | Val: 0.5002 | Best Val: 0.5002 | RMSE: 4.3183 | SCC: 0.5894 | PCC: 0.7164
2026-02-15 04:10:27 | INFO | Best model saved at epoch 31 with val_loss: 0.4954
2026-02-15 04:16:32 | INFO | Best model saved at epoch 36 with val_loss: 0.4946
2026-02-15 04:17:45 | INFO | Best model saved at epoch 37 with val_loss: 0.4924
2026-02-15 04:18:59 | INFO | Best model saved at epoch 38 with val_loss: 0.4868
2026-02-15 04:21:25 | INFO | Epoch 040/100 | Train: 0.3218 | Val: 0.4913 | Best Val: 0.4868 | RMSE: 4.2803 | SCC: 0.5934 | PCC: 0.7222
2026-02-15 04:33:35 | INFO | Epoch 050/100 | Train: 0.2976 | Val: 0.4936 | Best Val: 0.4868 | RMSE: 4.2917 | SCC: 0.5991 | PCC: 0.7226
2026-02-15 04:39:42 | INFO | Best model saved at epoch 55 with val_loss: 0.4866
2026-02-15 04:45:46 | INFO | Epoch 060/100 | Train: 0.2787 | Val: 0.4996 | Best Val: 0.4866 | RMSE: 4.3105 | SCC: 0.5930 | PCC: 0.7187
2026-02-15 04:57:55 | INFO | Epoch 070/100 | Train: 0.2629 | Val: 0.5074 | Best Val: 0.4866 | RMSE: 4.3468 | SCC: 0.5931 | PCC: 0.7189
2026-02-15 05:10:05 | INFO | Epoch 080/100 | Train: 0.2503 | Val: 0.5070 | Best Val: 0.4866 | RMSE: 4.3464 | SCC: 0.5898 | PCC: 0.7164
2026-02-15 05:22:15 | INFO | Epoch 090/100 | Train: 0.2403 | Val: 0.5148 | Best Val: 0.4866 | RMSE: 4.3809 | SCC: 0.5869 | PCC: 0.7123
2026-02-15 05:34:28 | INFO | Epoch 100/100 | Train: 0.2318 | Val: 0.5154 | Best Val: 0.4866 | RMSE: 4.3824 | SCC: 0.5909 | PCC: 0.7141
2026-02-15 05:34:28 | INFO | ================================================================================
2026-02-15 05:34:28 | INFO | Training Complete
2026-02-15 05:34:28 | INFO | ================================================================================
2026-02-15 05:34:28 | INFO | Final train loss: 0.2318
2026-02-15 05:34:28 | INFO | Final validation loss: 0.5154
2026-02-15 05:34:28 | INFO | Best validation loss: 0.4866
2026-02-15 05:34:28 | INFO | Best validation loss (original scale): 18.1321
2026-02-15 05:34:28 | INFO | 
Best validation metrics (RMSE, SCC, PCC)
+--------+-------------+
| Metric |    Value    |
+--------+-------------+
|  RMSE  | 4.25 (0.03) |
|  SCC   | 0.60 (0.00) |
|  PCC   | 0.73 (0.01) |
+--------+-------------+

2026-02-15 05:34:28 | INFO | Metrics saved to /home/debnathk/drug-synergy/logs/kan_std_random_Synergy_Bliss_e100_20260215_033233/metrics.json
2026-02-15 05:34:28 | INFO | Saving trained OmicsFusionModel weights...
2026-02-15 05:34:28 | INFO | OmicsFusionModel weights saved to /home/debnathk/drug-synergy/logs/kan_std_random_Synergy_Bliss_e100_20260215_033233/omics_encoder.pt
2026-02-15 05:34:28 | INFO | OmicsFusionModel weights also saved to /home/debnathk/drug-synergy/data/models/omics_fusion_model_best.pt
2026-02-15 05:34:28 | INFO | Generating loss plot...
2026-02-15 05:34:28 | INFO | Loss plot saved to /home/debnathk/drug-synergy/logs/kan_std_random_Synergy_Bliss_e100_20260215_033233/loss_plot_std.png
2026-02-15 05:34:28 | INFO | Loss plot also saved to /home/debnathk/drug-synergy/assets/loss_plot_std.png
2026-02-15 05:34:28 | INFO | ================================================================================
2026-02-15 05:34:28 | INFO | All outputs saved to: /home/debnathk/drug-synergy/logs/kan_std_random_Synergy_Bliss_e100_20260215_033233
2026-02-15 05:34:28 | INFO | ================================================================================
