2026-02-15 01:54:33 | INFO | Run directory: /home/debnathk/drug-synergy/logs/mlp_std_cold_drug_Synergy_HSA_e100_20260215_015433
2026-02-15 01:54:33 | INFO | Log file: /home/debnathk/drug-synergy/logs/mlp_std_cold_drug_Synergy_HSA_e100_20260215_015433/training.log
2026-02-15 01:54:33 | INFO | Script copied to /home/debnathk/drug-synergy/logs/mlp_std_cold_drug_Synergy_HSA_e100_20260215_015433/main.py
2026-02-15 01:54:33 | INFO | ================================================================================
2026-02-15 01:54:33 | INFO | Starting Drug Synergy Prediction Training (MLP Head)
2026-02-15 01:54:33 | INFO | ================================================================================
2026-02-15 01:54:33 | INFO | Split type: cold_drug, raw path: /home/debnathk/drug-synergy/data/raw/cold_drug, drug embeddings: /home/debnathk/drug-synergy/data/embeddings/drug_embeddings_cold_drug.pt
2026-02-15 01:54:33 | INFO | Loading datasets...
2026-02-15 01:54:33 | INFO | Applying target standardization...
2026-02-15 01:54:33 | INFO | Target scaler fitted - Mean: -0.3370, Std: 5.8735
2026-02-15 01:54:33 | INFO | Original target range: [-81.75, 64.29]
2026-02-15 01:54:33 | INFO | Standardized target range: [-13.86, 11.00]
2026-02-15 01:54:33 | INFO | Datasets loaded successfully
2026-02-15 01:54:33 | INFO | Configuration saved to /home/debnathk/drug-synergy/logs/mlp_std_cold_drug_Synergy_HSA_e100_20260215_015433/config.json
2026-02-15 01:54:33 | INFO | Device: cuda
2026-02-15 01:54:33 | INFO | Training samples: 206494
2026-02-15 01:54:33 | INFO | Validation samples: 28881
2026-02-15 01:54:33 | INFO | Target column: Synergy_HSA
2026-02-15 01:54:33 | INFO | Target standardization: True
2026-02-15 01:54:33 | INFO | Batch size: 64
2026-02-15 01:54:33 | INFO | Learning rate: 0.0001
2026-02-15 01:54:33 | INFO | Number of epochs: 100
2026-02-15 01:54:33 | INFO | Omics dimensions - mRNA: 23808, miRNA: 627, Proteomics: 3171
2026-02-15 01:54:33 | INFO | Running sanity check...
2026-02-15 01:54:33 | INFO | Drug1 embedding shape: torch.Size([768])
2026-02-15 01:54:33 | INFO | Drug2 embedding shape: torch.Size([768])
2026-02-15 01:54:33 | INFO | mRNA shape: torch.Size([23808])
2026-02-15 01:54:33 | INFO | miRNA shape: torch.Size([627])
2026-02-15 01:54:33 | INFO | Proteomics shape: torch.Size([3171])
2026-02-15 01:54:33 | INFO | Target shape: torch.Size([1])
2026-02-15 01:54:33 | INFO | Target sample: 0.9169536232948303
2026-02-15 01:54:33 | INFO | Train batches: 3227
2026-02-15 01:54:33 | INFO | Validation batches: 452
2026-02-15 01:54:33 | INFO | Initializing SynergyModel with MLP head...
2026-02-15 01:54:34 | INFO | Total parameters: 17,671,853
2026-02-15 01:54:34 | INFO | Trainable parameters: 17,671,853
2026-02-15 01:54:34 | INFO | ================================================================================
2026-02-15 01:54:34 | INFO | Starting Training
2026-02-15 01:54:34 | INFO | ================================================================================
2026-02-15 01:55:33 | INFO | Best model saved at epoch 1 with val_loss: 0.9470
2026-02-15 01:56:32 | INFO | Best model saved at epoch 2 with val_loss: 0.8882
2026-02-15 02:04:19 | INFO | Epoch 010/100 | Train: 0.4647 | Val: 0.8978 | Best Val: 0.8882 | RMSE: 5.5672 | SCC: 0.2640 | PCC: 0.2576
2026-02-15 02:14:04 | INFO | Epoch 020/100 | Train: 0.3612 | Val: 0.8938 | Best Val: 0.8882 | RMSE: 5.5443 | SCC: 0.2792 | PCC: 0.2699
2026-02-15 02:23:47 | INFO | Epoch 030/100 | Train: 0.3051 | Val: 0.9072 | Best Val: 0.8882 | RMSE: 5.5976 | SCC: 0.2736 | PCC: 0.2611
2026-02-15 02:33:31 | INFO | Epoch 040/100 | Train: 0.2676 | Val: 0.8992 | Best Val: 0.8882 | RMSE: 5.5704 | SCC: 0.2803 | PCC: 0.2768
2026-02-15 02:43:17 | INFO | Epoch 050/100 | Train: 0.2440 | Val: 0.9291 | Best Val: 0.8882 | RMSE: 5.6706 | SCC: 0.2633 | PCC: 0.2533
2026-02-15 02:53:02 | INFO | Epoch 060/100 | Train: 0.2240 | Val: 0.9382 | Best Val: 0.8882 | RMSE: 5.6876 | SCC: 0.2605 | PCC: 0.2562
2026-02-15 03:02:47 | INFO | Epoch 070/100 | Train: 0.2095 | Val: 0.9322 | Best Val: 0.8882 | RMSE: 5.6758 | SCC: 0.2671 | PCC: 0.2590
2026-02-15 03:12:34 | INFO | Epoch 080/100 | Train: 0.2005 | Val: 0.9302 | Best Val: 0.8882 | RMSE: 5.6673 | SCC: 0.2563 | PCC: 0.2548
2026-02-15 03:22:20 | INFO | Epoch 090/100 | Train: 0.1924 | Val: 0.9346 | Best Val: 0.8882 | RMSE: 5.6789 | SCC: 0.2527 | PCC: 0.2485
2026-02-15 03:32:06 | INFO | Epoch 100/100 | Train: 0.1842 | Val: 0.9251 | Best Val: 0.8882 | RMSE: 5.6561 | SCC: 0.2524 | PCC: 0.2625
2026-02-15 03:32:06 | INFO | ================================================================================
2026-02-15 03:32:06 | INFO | Training Complete
2026-02-15 03:32:06 | INFO | ================================================================================
2026-02-15 03:32:06 | INFO | Final train loss: 0.1842
2026-02-15 03:32:06 | INFO | Final validation loss: 0.9251
2026-02-15 03:32:06 | INFO | Best validation loss: 0.8882
2026-02-15 03:32:06 | INFO | Best validation loss (original scale): 30.6401
2026-02-15 03:32:06 | INFO | 
Best validation metrics (RMSE, SCC, PCC)
+--------+-------------+
| Metric |    Value    |
+--------+-------------+
|  RMSE  | 5.54 (0.07) |
|  SCC   | 0.24 (0.01) |
|  PCC   | 0.25 (0.01) |
+--------+-------------+

2026-02-15 03:32:06 | INFO | Metrics saved to /home/debnathk/drug-synergy/logs/mlp_std_cold_drug_Synergy_HSA_e100_20260215_015433/metrics.json
2026-02-15 03:32:06 | INFO | Saving trained OmicsFusionModel weights...
2026-02-15 03:32:06 | INFO | OmicsFusionModel weights saved to /home/debnathk/drug-synergy/logs/mlp_std_cold_drug_Synergy_HSA_e100_20260215_015433/omics_encoder.pt
2026-02-15 03:32:06 | INFO | OmicsFusionModel weights also saved to /home/debnathk/drug-synergy/data/models/omics_fusion_model_best.pt
2026-02-15 03:32:06 | INFO | Generating loss plot...
2026-02-15 03:32:07 | INFO | Loss plot saved to /home/debnathk/drug-synergy/logs/mlp_std_cold_drug_Synergy_HSA_e100_20260215_015433/loss_plot_std.png
2026-02-15 03:32:07 | INFO | Loss plot also saved to /home/debnathk/drug-synergy/assets/loss_plot_std.png
2026-02-15 03:32:07 | INFO | ================================================================================
2026-02-15 03:32:07 | INFO | All outputs saved to: /home/debnathk/drug-synergy/logs/mlp_std_cold_drug_Synergy_HSA_e100_20260215_015433
2026-02-15 03:32:07 | INFO | ================================================================================
