2026-02-14 22:11:26 | INFO | Run directory: /home/debnathk/drug-synergy/logs/kan_std_cold_drug_Synergy_HSA_e100_20260214_221126
2026-02-14 22:11:26 | INFO | Log file: /home/debnathk/drug-synergy/logs/kan_std_cold_drug_Synergy_HSA_e100_20260214_221126/training.log
2026-02-14 22:11:26 | INFO | Script copied to /home/debnathk/drug-synergy/logs/kan_std_cold_drug_Synergy_HSA_e100_20260214_221126/main.py
2026-02-14 22:11:26 | INFO | ================================================================================
2026-02-14 22:11:26 | INFO | Starting Drug Synergy Prediction Training (KAN Head)
2026-02-14 22:11:26 | INFO | ================================================================================
2026-02-14 22:11:26 | INFO | Split type: cold_drug, raw path: /home/debnathk/drug-synergy/data/raw/cold_drug, drug embeddings: /home/debnathk/drug-synergy/data/embeddings/drug_embeddings_cold_drug.pt
2026-02-14 22:11:26 | INFO | Loading datasets...
2026-02-14 22:11:26 | INFO | Applying target standardization...
2026-02-14 22:11:26 | INFO | Target scaler fitted - Mean: -0.3370, Std: 5.8735
2026-02-14 22:11:26 | INFO | Original target range: [-81.75, 64.29]
2026-02-14 22:11:26 | INFO | Standardized target range: [-13.86, 11.00]
2026-02-14 22:11:26 | INFO | Datasets loaded successfully
2026-02-14 22:11:26 | INFO | Configuration saved to /home/debnathk/drug-synergy/logs/kan_std_cold_drug_Synergy_HSA_e100_20260214_221126/config.json
2026-02-14 22:11:26 | INFO | Device: cuda
2026-02-14 22:11:26 | INFO | Training samples: 206494
2026-02-14 22:11:26 | INFO | Validation samples: 28881
2026-02-14 22:11:26 | INFO | Target column: Synergy_HSA
2026-02-14 22:11:26 | INFO | Target standardization: True
2026-02-14 22:11:26 | INFO | Batch size: 64
2026-02-14 22:11:26 | INFO | Learning rate: 0.0001
2026-02-14 22:11:26 | INFO | Number of epochs: 100
2026-02-14 22:11:26 | INFO | Omics dimensions - mRNA: 23808, miRNA: 627, Proteomics: 3171
2026-02-14 22:11:26 | INFO | Running sanity check...
2026-02-14 22:11:26 | INFO | Drug1 embedding shape: torch.Size([768])
2026-02-14 22:11:26 | INFO | Drug2 embedding shape: torch.Size([768])
2026-02-14 22:11:26 | INFO | mRNA shape: torch.Size([23808])
2026-02-14 22:11:26 | INFO | miRNA shape: torch.Size([627])
2026-02-14 22:11:26 | INFO | Proteomics shape: torch.Size([3171])
2026-02-14 22:11:26 | INFO | Target shape: torch.Size([1])
2026-02-14 22:11:26 | INFO | Target sample: 0.9169536232948303
2026-02-14 22:11:26 | INFO | Train batches: 3227
2026-02-14 22:11:26 | INFO | Validation batches: 452
2026-02-14 22:11:26 | INFO | Initializing SynergyModel with KAN head...
2026-02-14 22:11:27 | INFO | Total parameters: 18,039,276
2026-02-14 22:11:27 | INFO | Trainable parameters: 18,039,276
2026-02-14 22:11:27 | INFO | ================================================================================
2026-02-14 22:11:27 | INFO | Starting Training
2026-02-14 22:11:27 | INFO | ================================================================================
2026-02-14 22:12:40 | INFO | Best model saved at epoch 1 with val_loss: 0.8936
2026-02-14 22:23:37 | INFO | Epoch 010/100 | Train: 0.4516 | Val: 0.9383 | Best Val: 0.8936 | RMSE: 5.6926 | SCC: 0.2312 | PCC: 0.2369
2026-02-14 22:35:49 | INFO | Epoch 020/100 | Train: 0.3679 | Val: 0.9683 | Best Val: 0.8936 | RMSE: 5.7793 | SCC: 0.2315 | PCC: 0.2321
2026-02-14 22:47:59 | INFO | Epoch 030/100 | Train: 0.3241 | Val: 0.9743 | Best Val: 0.8936 | RMSE: 5.7977 | SCC: 0.2362 | PCC: 0.2342
2026-02-14 23:00:10 | INFO | Epoch 040/100 | Train: 0.2961 | Val: 0.9811 | Best Val: 0.8936 | RMSE: 5.8223 | SCC: 0.2494 | PCC: 0.2514
2026-02-14 23:12:22 | INFO | Epoch 050/100 | Train: 0.2738 | Val: 0.9910 | Best Val: 0.8936 | RMSE: 5.8472 | SCC: 0.2439 | PCC: 0.2451
2026-02-14 23:24:33 | INFO | Epoch 060/100 | Train: 0.2571 | Val: 1.0116 | Best Val: 0.8936 | RMSE: 5.9034 | SCC: 0.2331 | PCC: 0.2311
2026-02-14 23:36:47 | INFO | Epoch 070/100 | Train: 0.2435 | Val: 0.9958 | Best Val: 0.8936 | RMSE: 5.8558 | SCC: 0.2408 | PCC: 0.2427
2026-02-14 23:48:59 | INFO | Epoch 080/100 | Train: 0.2323 | Val: 1.0102 | Best Val: 0.8936 | RMSE: 5.9034 | SCC: 0.2463 | PCC: 0.2486
2026-02-15 00:01:12 | INFO | Epoch 090/100 | Train: 0.2228 | Val: 1.0262 | Best Val: 0.8936 | RMSE: 5.9483 | SCC: 0.2233 | PCC: 0.2296
2026-02-15 00:13:27 | INFO | Epoch 100/100 | Train: 0.2156 | Val: 1.0289 | Best Val: 0.8936 | RMSE: 5.9495 | SCC: 0.2299 | PCC: 0.2373
2026-02-15 00:13:27 | INFO | ================================================================================
2026-02-15 00:13:27 | INFO | Training Complete
2026-02-15 00:13:27 | INFO | ================================================================================
2026-02-15 00:13:27 | INFO | Final train loss: 0.2156
2026-02-15 00:13:27 | INFO | Final validation loss: 1.0289
2026-02-15 00:13:27 | INFO | Best validation loss: 0.8936
2026-02-15 00:13:27 | INFO | Best validation loss (original scale): 30.8259
2026-02-15 00:13:27 | INFO | 
Best validation metrics (RMSE, SCC, PCC)
+--------+-------------+
| Metric |    Value    |
+--------+-------------+
|  RMSE  | 5.55 (0.06) |
|  SCC   | 0.21 (0.01) |
|  PCC   | 0.23 (0.01) |
+--------+-------------+

2026-02-15 00:13:27 | INFO | Metrics saved to /home/debnathk/drug-synergy/logs/kan_std_cold_drug_Synergy_HSA_e100_20260214_221126/metrics.json
2026-02-15 00:13:27 | INFO | Saving trained OmicsFusionModel weights...
2026-02-15 00:13:27 | INFO | OmicsFusionModel weights saved to /home/debnathk/drug-synergy/logs/kan_std_cold_drug_Synergy_HSA_e100_20260214_221126/omics_encoder.pt
2026-02-15 00:13:27 | INFO | OmicsFusionModel weights also saved to /home/debnathk/drug-synergy/data/models/omics_fusion_model_best.pt
2026-02-15 00:13:27 | INFO | Generating loss plot...
2026-02-15 00:13:27 | INFO | Loss plot saved to /home/debnathk/drug-synergy/logs/kan_std_cold_drug_Synergy_HSA_e100_20260214_221126/loss_plot_std.png
2026-02-15 00:13:28 | INFO | Loss plot also saved to /home/debnathk/drug-synergy/assets/loss_plot_std.png
2026-02-15 00:13:28 | INFO | ================================================================================
2026-02-15 00:13:28 | INFO | All outputs saved to: /home/debnathk/drug-synergy/logs/kan_std_cold_drug_Synergy_HSA_e100_20260214_221126
2026-02-15 00:13:28 | INFO | ================================================================================
