2026-02-15 05:34:52 | INFO | Run directory: /home/debnathk/drug-synergy/logs/kan_std_cold_drug_Synergy_Bliss_e100_20260215_053452
2026-02-15 05:34:52 | INFO | Log file: /home/debnathk/drug-synergy/logs/kan_std_cold_drug_Synergy_Bliss_e100_20260215_053452/training.log
2026-02-15 05:34:52 | INFO | Script copied to /home/debnathk/drug-synergy/logs/kan_std_cold_drug_Synergy_Bliss_e100_20260215_053452/main.py
2026-02-15 05:34:52 | INFO | ================================================================================
2026-02-15 05:34:52 | INFO | Starting Drug Synergy Prediction Training (KAN Head)
2026-02-15 05:34:52 | INFO | ================================================================================
2026-02-15 05:34:52 | INFO | Split type: cold_drug, raw path: /home/debnathk/drug-synergy/data/raw/cold_drug, drug embeddings: /home/debnathk/drug-synergy/data/embeddings/drug_embeddings_cold_drug.pt
2026-02-15 05:34:52 | INFO | Loading datasets...
2026-02-15 05:34:53 | INFO | Applying target standardization...
2026-02-15 05:34:53 | INFO | Target scaler fitted - Mean: 0.2305, Std: 6.0961
2026-02-15 05:34:53 | INFO | Original target range: [-77.07, 78.65]
2026-02-15 05:34:53 | INFO | Standardized target range: [-12.68, 12.86]
2026-02-15 05:34:53 | INFO | Datasets loaded successfully
2026-02-15 05:34:53 | INFO | Configuration saved to /home/debnathk/drug-synergy/logs/kan_std_cold_drug_Synergy_Bliss_e100_20260215_053452/config.json
2026-02-15 05:34:53 | INFO | Device: cuda
2026-02-15 05:34:53 | INFO | Training samples: 206494
2026-02-15 05:34:53 | INFO | Validation samples: 28881
2026-02-15 05:34:53 | INFO | Target column: Synergy_Bliss
2026-02-15 05:34:53 | INFO | Target standardization: True
2026-02-15 05:34:53 | INFO | Batch size: 64
2026-02-15 05:34:53 | INFO | Learning rate: 0.0001
2026-02-15 05:34:53 | INFO | Number of epochs: 100
2026-02-15 05:34:53 | INFO | Omics dimensions - mRNA: 23808, miRNA: 627, Proteomics: 3171
2026-02-15 05:34:53 | INFO | Running sanity check...
2026-02-15 05:34:53 | INFO | Drug1 embedding shape: torch.Size([768])
2026-02-15 05:34:53 | INFO | Drug2 embedding shape: torch.Size([768])
2026-02-15 05:34:53 | INFO | mRNA shape: torch.Size([23808])
2026-02-15 05:34:53 | INFO | miRNA shape: torch.Size([627])
2026-02-15 05:34:53 | INFO | Proteomics shape: torch.Size([3171])
2026-02-15 05:34:53 | INFO | Target shape: torch.Size([1])
2026-02-15 05:34:53 | INFO | Target sample: 0.36312562227249146
2026-02-15 05:34:53 | INFO | Train batches: 3227
2026-02-15 05:34:53 | INFO | Validation batches: 452
2026-02-15 05:34:53 | INFO | Initializing SynergyModel with KAN head...
2026-02-15 05:34:54 | INFO | Total parameters: 18,039,276
2026-02-15 05:34:54 | INFO | Trainable parameters: 18,039,276
2026-02-15 05:34:54 | INFO | ================================================================================
2026-02-15 05:34:54 | INFO | Starting Training
2026-02-15 05:34:54 | INFO | ================================================================================
2026-02-15 05:36:08 | INFO | Best model saved at epoch 1 with val_loss: 0.8671
2026-02-15 05:47:05 | INFO | Epoch 010/100 | Train: 0.4882 | Val: 0.9404 | Best Val: 0.8671 | RMSE: 5.9188 | SCC: 0.1808 | PCC: 0.1933
2026-02-15 05:59:14 | INFO | Epoch 020/100 | Train: 0.4016 | Val: 0.9596 | Best Val: 0.8671 | RMSE: 5.9758 | SCC: 0.1939 | PCC: 0.2005
2026-02-15 06:11:25 | INFO | Epoch 030/100 | Train: 0.3526 | Val: 0.9828 | Best Val: 0.8671 | RMSE: 6.0438 | SCC: 0.1892 | PCC: 0.1936
2026-02-15 06:23:36 | INFO | Epoch 040/100 | Train: 0.3206 | Val: 1.0270 | Best Val: 0.8671 | RMSE: 6.1809 | SCC: 0.1767 | PCC: 0.1690
2026-02-15 06:35:49 | INFO | Epoch 050/100 | Train: 0.2977 | Val: 1.0423 | Best Val: 0.8671 | RMSE: 6.2213 | SCC: 0.1886 | PCC: 0.1807
2026-02-15 06:48:01 | INFO | Epoch 060/100 | Train: 0.2792 | Val: 1.0602 | Best Val: 0.8671 | RMSE: 6.2769 | SCC: 0.1733 | PCC: 0.1777
2026-02-15 07:00:12 | INFO | Epoch 070/100 | Train: 0.2650 | Val: 1.0804 | Best Val: 0.8671 | RMSE: 6.3400 | SCC: 0.1793 | PCC: 0.1859
2026-02-15 07:12:25 | INFO | Epoch 080/100 | Train: 0.2531 | Val: 1.0937 | Best Val: 0.8671 | RMSE: 6.3707 | SCC: 0.1745 | PCC: 0.1804
2026-02-15 07:24:36 | INFO | Epoch 090/100 | Train: 0.2429 | Val: 1.1242 | Best Val: 0.8671 | RMSE: 6.4646 | SCC: 0.1702 | PCC: 0.1734
2026-02-15 07:36:50 | INFO | Epoch 100/100 | Train: 0.2359 | Val: 1.1105 | Best Val: 0.8671 | RMSE: 6.4224 | SCC: 0.1727 | PCC: 0.1727
2026-02-15 07:36:50 | INFO | ================================================================================
2026-02-15 07:36:50 | INFO | Training Complete
2026-02-15 07:36:50 | INFO | ================================================================================
2026-02-15 07:36:50 | INFO | Final train loss: 0.2359
2026-02-15 07:36:50 | INFO | Final validation loss: 1.1105
2026-02-15 07:36:50 | INFO | Best validation loss: 0.8671
2026-02-15 07:36:50 | INFO | Best validation loss (original scale): 32.2220
2026-02-15 07:36:50 | INFO | 
Best validation metrics (RMSE, SCC, PCC)
+--------+-------------+
| Metric |    Value    |
+--------+-------------+
|  RMSE  | 5.68 (0.06) |
|  SCC   | 0.21 (0.01) |
|  PCC   | 0.22 (0.01) |
+--------+-------------+

2026-02-15 07:36:50 | INFO | Metrics saved to /home/debnathk/drug-synergy/logs/kan_std_cold_drug_Synergy_Bliss_e100_20260215_053452/metrics.json
2026-02-15 07:36:50 | INFO | Saving trained OmicsFusionModel weights...
2026-02-15 07:36:50 | INFO | OmicsFusionModel weights saved to /home/debnathk/drug-synergy/logs/kan_std_cold_drug_Synergy_Bliss_e100_20260215_053452/omics_encoder.pt
2026-02-15 07:36:50 | INFO | OmicsFusionModel weights also saved to /home/debnathk/drug-synergy/data/models/omics_fusion_model_best.pt
2026-02-15 07:36:50 | INFO | Generating loss plot...
2026-02-15 07:36:50 | INFO | Loss plot saved to /home/debnathk/drug-synergy/logs/kan_std_cold_drug_Synergy_Bliss_e100_20260215_053452/loss_plot_std.png
2026-02-15 07:36:50 | INFO | Loss plot also saved to /home/debnathk/drug-synergy/assets/loss_plot_std.png
2026-02-15 07:36:50 | INFO | ================================================================================
2026-02-15 07:36:50 | INFO | All outputs saved to: /home/debnathk/drug-synergy/logs/kan_std_cold_drug_Synergy_Bliss_e100_20260215_053452
2026-02-15 07:36:50 | INFO | ================================================================================
