2026-01-27 14:43:25 | INFO | Run directory: /home/debnathk/drug-synergy/logs/kan_std_20260127_144325
2026-01-27 14:43:25 | INFO | Log file: /home/debnathk/drug-synergy/logs/kan_std_20260127_144325/training.log
2026-01-27 14:43:25 | INFO | Script copied to /home/debnathk/drug-synergy/logs/kan_std_20260127_144325/main.py
2026-01-27 14:43:25 | INFO | ================================================================================
2026-01-27 14:43:25 | INFO | Starting Drug Synergy Prediction Training (KAN Head)
2026-01-27 14:43:25 | INFO | ================================================================================
2026-01-27 14:43:25 | INFO | Loading datasets...
2026-01-27 14:43:26 | INFO | Applying target standardization...
2026-01-27 14:43:26 | INFO | Target scaler fitted - Mean: -0.8427, Std: 5.3524
2026-01-27 14:43:26 | INFO | Original target range: [-36.01, 66.66]
2026-01-27 14:43:26 | INFO | Standardized target range: [-6.57, 12.61]
2026-01-27 14:43:26 | INFO | Datasets loaded successfully
2026-01-27 14:43:26 | INFO | Configuration saved to /home/debnathk/drug-synergy/logs/kan_std_20260127_144325/config.json
2026-01-27 14:43:26 | INFO | Device: cuda
2026-01-27 14:43:26 | INFO | Training samples: 207968
2026-01-27 14:43:26 | INFO | Validation samples: 29710
2026-01-27 14:43:26 | INFO | Target column: Synergy_ZIP
2026-01-27 14:43:26 | INFO | Target standardization: True
2026-01-27 14:43:26 | INFO | Batch size: 64
2026-01-27 14:43:26 | INFO | Learning rate: 0.0001
2026-01-27 14:43:26 | INFO | Number of epochs: 100
2026-01-27 14:43:26 | INFO | Omics dimensions - mRNA: 23808, miRNA: 627, Proteomics: 3171
2026-01-27 14:43:26 | INFO | Running sanity check...
2026-01-27 14:43:26 | INFO | Drug1 embedding shape: torch.Size([768])
2026-01-27 14:43:26 | INFO | Drug2 embedding shape: torch.Size([768])
2026-01-27 14:43:26 | INFO | mRNA shape: torch.Size([23808])
2026-01-27 14:43:26 | INFO | miRNA shape: torch.Size([627])
2026-01-27 14:43:26 | INFO | Proteomics shape: torch.Size([3171])
2026-01-27 14:43:26 | INFO | Target shape: torch.Size([1])
2026-01-27 14:43:26 | INFO | Target sample: -0.1987028419971466
2026-01-27 14:43:26 | INFO | Train batches: 3250
2026-01-27 14:43:26 | INFO | Validation batches: 465
2026-01-27 14:43:26 | INFO | Initializing SynergyModel with KAN head...
