2026-02-10 03:22:44 | INFO | Run directory: /home/debnathk/drug-synergy/logs/mlp_std_random_Bliss_e100_20260210_032244
2026-02-10 03:22:44 | INFO | Log file: /home/debnathk/drug-synergy/logs/mlp_std_random_Bliss_e100_20260210_032244/training.log
2026-02-10 03:22:44 | INFO | Script copied to /home/debnathk/drug-synergy/logs/mlp_std_random_Bliss_e100_20260210_032244/main.py
2026-02-10 03:22:44 | INFO | ================================================================================
2026-02-10 03:22:44 | INFO | Starting Drug Synergy Prediction Training (MLP Head)
2026-02-10 03:22:44 | INFO | ================================================================================
2026-02-10 03:22:44 | INFO | Split type: random, raw path: /home/debnathk/drug-synergy/data/raw/random, drug embeddings: /home/debnathk/drug-synergy/data/embeddings/drug_embeddings_random.pt
2026-02-10 03:22:44 | INFO | Loading datasets...
2026-02-10 03:22:44 | INFO | Applying target standardization...
2026-02-10 03:22:44 | INFO | Target scaler fitted - Mean: 0.1273, Std: 6.1044
2026-02-10 03:22:44 | INFO | Original target range: [-74.03, 78.65]
2026-02-10 03:22:44 | INFO | Standardized target range: [-12.15, 12.86]
2026-02-10 03:22:44 | INFO | Datasets loaded successfully
2026-02-10 03:22:44 | INFO | Configuration saved to /home/debnathk/drug-synergy/logs/mlp_std_random_Bliss_e100_20260210_032244/config.json
2026-02-10 03:22:44 | INFO | Device: cuda
2026-02-10 03:22:44 | INFO | Training samples: 207968
2026-02-10 03:22:44 | INFO | Validation samples: 29710
2026-02-10 03:22:44 | INFO | Target column: Synergy_Bliss
2026-02-10 03:22:44 | INFO | Target standardization: True
2026-02-10 03:22:44 | INFO | Batch size: 64
2026-02-10 03:22:44 | INFO | Learning rate: 0.0001
2026-02-10 03:22:44 | INFO | Number of epochs: 100
2026-02-10 03:22:44 | INFO | Omics dimensions - mRNA: 23808, miRNA: 627, Proteomics: 3171
2026-02-10 03:22:44 | INFO | Running sanity check...
2026-02-10 03:22:44 | INFO | Drug1 embedding shape: torch.Size([768])
2026-02-10 03:22:44 | INFO | Drug2 embedding shape: torch.Size([768])
2026-02-10 03:22:44 | INFO | mRNA shape: torch.Size([23808])
2026-02-10 03:22:44 | INFO | miRNA shape: torch.Size([627])
2026-02-10 03:22:44 | INFO | Proteomics shape: torch.Size([3171])
2026-02-10 03:22:44 | INFO | Target shape: torch.Size([1])
2026-02-10 03:22:44 | INFO | Target sample: -0.27908357977867126
2026-02-10 03:22:44 | INFO | Train batches: 3250
2026-02-10 03:22:44 | INFO | Validation batches: 465
2026-02-10 03:22:44 | INFO | Initializing SynergyModel with MLP head...
2026-02-10 03:22:45 | INFO | Total parameters: 20,232,109
2026-02-10 03:22:45 | INFO | Trainable parameters: 20,232,109
2026-02-10 03:22:45 | INFO | ================================================================================
2026-02-10 03:22:45 | INFO | Starting Training
2026-02-10 03:22:45 | INFO | ================================================================================
2026-02-10 03:23:50 | INFO | Best model saved at epoch 1 with val_loss: 0.7637
2026-02-10 03:24:56 | INFO | Best model saved at epoch 2 with val_loss: 0.6704
2026-02-10 03:26:01 | INFO | Best model saved at epoch 3 with val_loss: 0.6508
2026-02-10 03:27:07 | INFO | Best model saved at epoch 4 with val_loss: 0.6328
2026-02-10 03:28:12 | INFO | Best model saved at epoch 5 with val_loss: 0.6100
2026-02-10 03:29:18 | INFO | Best model saved at epoch 6 with val_loss: 0.6057
2026-02-10 03:30:23 | INFO | Best model saved at epoch 7 with val_loss: 0.5801
2026-02-10 03:32:34 | INFO | Best model saved at epoch 9 with val_loss: 0.5645
2026-02-10 03:33:39 | INFO | Best model saved at epoch 10 with val_loss: 0.5620
2026-02-10 03:33:39 | INFO | Epoch 010/100 | Train: 0.5318 | Val: 0.5620 | Best Val: 0.5620 | RMSE: 4.5765 | SCC: 0.5473 | PCC: 0.6698
2026-02-10 03:34:45 | INFO | Best model saved at epoch 11 with val_loss: 0.5514
2026-02-10 03:35:50 | INFO | Best model saved at epoch 12 with val_loss: 0.5409
2026-02-10 03:36:56 | INFO | Best model saved at epoch 13 with val_loss: 0.5368
2026-02-10 03:38:02 | INFO | Best model saved at epoch 14 with val_loss: 0.5254
2026-02-10 03:39:07 | INFO | Best model saved at epoch 15 with val_loss: 0.5197
2026-02-10 03:40:13 | INFO | Best model saved at epoch 16 with val_loss: 0.5133
2026-02-10 03:41:18 | INFO | Best model saved at epoch 17 with val_loss: 0.5062
2026-02-10 03:42:24 | INFO | Best model saved at epoch 18 with val_loss: 0.5008
2026-02-10 03:43:30 | INFO | Best model saved at epoch 19 with val_loss: 0.4976
2026-02-10 03:44:35 | INFO | Best model saved at epoch 20 with val_loss: 0.4961
2026-02-10 03:44:35 | INFO | Epoch 020/100 | Train: 0.4280 | Val: 0.4961 | Best Val: 0.4961 | RMSE: 4.2946 | SCC: 0.5918 | PCC: 0.7155
2026-02-10 03:45:41 | INFO | Best model saved at epoch 21 with val_loss: 0.4880
2026-02-10 03:46:47 | INFO | Best model saved at epoch 22 with val_loss: 0.4834
2026-02-10 03:47:53 | INFO | Best model saved at epoch 23 with val_loss: 0.4812
2026-02-10 03:48:58 | INFO | Best model saved at epoch 24 with val_loss: 0.4798
2026-02-10 03:50:04 | INFO | Best model saved at epoch 25 with val_loss: 0.4721
2026-02-10 03:51:10 | INFO | Best model saved at epoch 26 with val_loss: 0.4691
2026-02-10 03:52:15 | INFO | Best model saved at epoch 27 with val_loss: 0.4674
2026-02-10 03:53:21 | INFO | Best model saved at epoch 28 with val_loss: 0.4625
2026-02-10 03:55:32 | INFO | Best model saved at epoch 30 with val_loss: 0.4606
2026-02-10 03:55:32 | INFO | Epoch 030/100 | Train: 0.3631 | Val: 0.4606 | Best Val: 0.4606 | RMSE: 4.1432 | SCC: 0.6167 | PCC: 0.7401
2026-02-10 03:56:37 | INFO | Best model saved at epoch 31 with val_loss: 0.4577
2026-02-10 03:59:53 | INFO | Best model saved at epoch 34 with val_loss: 0.4555
2026-02-10 04:00:59 | INFO | Best model saved at epoch 35 with val_loss: 0.4516
2026-02-10 04:03:09 | INFO | Best model saved at epoch 37 with val_loss: 0.4494
2026-02-10 04:05:20 | INFO | Best model saved at epoch 39 with val_loss: 0.4454
2026-02-10 04:06:26 | INFO | Best model saved at epoch 40 with val_loss: 0.4453
2026-02-10 04:06:26 | INFO | Epoch 040/100 | Train: 0.3189 | Val: 0.4453 | Best Val: 0.4453 | RMSE: 4.0722 | SCC: 0.6297 | PCC: 0.7505
2026-02-10 04:08:36 | INFO | Best model saved at epoch 42 with val_loss: 0.4442
2026-02-10 04:10:47 | INFO | Best model saved at epoch 44 with val_loss: 0.4434
2026-02-10 04:11:53 | INFO | Best model saved at epoch 45 with val_loss: 0.4387
2026-02-10 04:14:04 | INFO | Best model saved at epoch 47 with val_loss: 0.4346
2026-02-10 04:17:19 | INFO | Epoch 050/100 | Train: 0.2903 | Val: 0.4371 | Best Val: 0.4346 | RMSE: 4.0347 | SCC: 0.6374 | PCC: 0.7551
2026-02-10 04:19:29 | INFO | Best model saved at epoch 52 with val_loss: 0.4337
2026-02-10 04:25:58 | INFO | Best model saved at epoch 58 with val_loss: 0.4327
2026-02-10 04:28:08 | INFO | Epoch 060/100 | Train: 0.2685 | Val: 0.4348 | Best Val: 0.4327 | RMSE: 4.0257 | SCC: 0.6399 | PCC: 0.7566
2026-02-10 04:33:34 | INFO | Best model saved at epoch 65 with val_loss: 0.4301
2026-02-10 04:38:59 | INFO | Epoch 070/100 | Train: 0.2508 | Val: 0.4335 | Best Val: 0.4301 | RMSE: 4.0179 | SCC: 0.6385 | PCC: 0.7577
2026-02-10 04:45:29 | INFO | Best model saved at epoch 76 with val_loss: 0.4294
2026-02-10 04:46:35 | INFO | Best model saved at epoch 77 with val_loss: 0.4280
2026-02-10 04:49:50 | INFO | Epoch 080/100 | Train: 0.2370 | Val: 0.4292 | Best Val: 0.4280 | RMSE: 4.0010 | SCC: 0.6450 | PCC: 0.7600
2026-02-10 04:52:01 | INFO | Best model saved at epoch 82 with val_loss: 0.4265
2026-02-10 05:00:41 | INFO | Epoch 090/100 | Train: 0.2261 | Val: 0.4307 | Best Val: 0.4265 | RMSE: 4.0045 | SCC: 0.6443 | PCC: 0.7601
2026-02-10 05:03:57 | INFO | Best model saved at epoch 93 with val_loss: 0.4263
2026-02-10 05:07:13 | INFO | Best model saved at epoch 96 with val_loss: 0.4228
2026-02-10 05:11:33 | INFO | Epoch 100/100 | Train: 0.2176 | Val: 0.4308 | Best Val: 0.4228 | RMSE: 4.0068 | SCC: 0.6432 | PCC: 0.7592
2026-02-10 05:11:33 | INFO | ================================================================================
2026-02-10 05:11:33 | INFO | Training Complete
2026-02-10 05:11:33 | INFO | ================================================================================
2026-02-10 05:11:33 | INFO | Final train loss: 0.2176
2026-02-10 05:11:33 | INFO | Final validation loss: 0.4308
2026-02-10 05:11:33 | INFO | Best validation loss: 0.4228
2026-02-10 05:11:33 | INFO | Best validation loss (original scale): 15.7564
2026-02-10 05:11:33 | INFO | 
Best validation metrics (RMSE, SCC, PCC)
+--------+-------------+
| Metric |    Value    |
+--------+-------------+
|  RMSE  | 3.97 (0.03) |
|  SCC   | 0.65 (0.00) |
|  PCC   | 0.76 (0.00) |
+--------+-------------+

2026-02-10 05:11:33 | INFO | Metrics saved to /home/debnathk/drug-synergy/logs/mlp_std_random_Bliss_e100_20260210_032244/metrics.json
2026-02-10 05:11:33 | INFO | Saving trained OmicsFusionModel weights...
2026-02-10 05:11:33 | INFO | OmicsFusionModel weights saved to /home/debnathk/drug-synergy/logs/mlp_std_random_Bliss_e100_20260210_032244/omics_encoder.pt
2026-02-10 05:11:34 | INFO | OmicsFusionModel weights also saved to /home/debnathk/drug-synergy/data/models/omics_fusion_model_best.pt
2026-02-10 05:11:34 | INFO | Generating loss plot...
2026-02-10 05:11:34 | INFO | Loss plot saved to /home/debnathk/drug-synergy/logs/mlp_std_random_Bliss_e100_20260210_032244/loss_plot_std.png
2026-02-10 05:11:34 | INFO | Loss plot also saved to /home/debnathk/drug-synergy/assets/loss_plot_std.png
2026-02-10 05:11:34 | INFO | ================================================================================
2026-02-10 05:11:34 | INFO | All outputs saved to: /home/debnathk/drug-synergy/logs/mlp_std_random_Bliss_e100_20260210_032244
2026-02-10 05:11:34 | INFO | ================================================================================
