2026-02-15 20:12:40 | INFO | Run directory: /home/debnathk/drug-synergy/logs/mlp_std_CLS_random_Synergy_Loewe_e100_20260215_201240
2026-02-15 20:12:40 | INFO | Log file: /home/debnathk/drug-synergy/logs/mlp_std_CLS_random_Synergy_Loewe_e100_20260215_201240/training.log
2026-02-15 20:12:40 | INFO | Script copied to /home/debnathk/drug-synergy/logs/mlp_std_CLS_random_Synergy_Loewe_e100_20260215_201240/main.py
2026-02-15 20:12:40 | INFO | ================================================================================
2026-02-15 20:12:40 | INFO | Starting Drug Synergy Prediction Training (MLP Head)
2026-02-15 20:12:40 | INFO | ================================================================================
2026-02-15 20:12:40 | INFO | Split type: random, raw path: /home/debnathk/drug-synergy/data/raw/random, drug embeddings: /home/debnathk/drug-synergy/data/embeddings/drug_embeddings_random.pt
2026-02-15 20:12:40 | INFO | Loading datasets...
2026-02-15 20:12:40 | INFO | Applying target standardization...
2026-02-15 20:12:40 | INFO | Target scaler fitted - Mean: -9.1090, Std: 14.5873
2026-02-15 20:12:40 | INFO | Original target range: [-114.32, 83.55]
2026-02-15 20:12:40 | INFO | Standardized target range: [-7.21, 6.35]
2026-02-15 20:12:40 | INFO | Datasets loaded successfully
2026-02-15 20:12:40 | INFO | Configuration saved to /home/debnathk/drug-synergy/logs/mlp_std_CLS_random_Synergy_Loewe_e100_20260215_201240/config.json
2026-02-15 20:12:40 | INFO | Device: cuda
2026-02-15 20:12:40 | INFO | Training samples: 207968
2026-02-15 20:12:40 | INFO | Validation samples: 29710
2026-02-15 20:12:40 | INFO | Target column: Synergy_Loewe
2026-02-15 20:12:40 | INFO | Target standardization: True
2026-02-15 20:12:40 | INFO | Batch size: 64
2026-02-15 20:12:40 | INFO | Learning rate: 0.0001
2026-02-15 20:12:40 | INFO | Number of epochs: 100
2026-02-15 20:12:40 | INFO | Omics dimensions - mRNA: 23808, miRNA: 627, Proteomics: 3171
2026-02-15 20:12:40 | INFO | Running sanity check...
2026-02-15 20:12:40 | INFO | Drug1 embedding shape: torch.Size([768])
2026-02-15 20:12:40 | INFO | Drug2 embedding shape: torch.Size([768])
2026-02-15 20:12:40 | INFO | mRNA shape: torch.Size([23808])
2026-02-15 20:12:40 | INFO | miRNA shape: torch.Size([627])
2026-02-15 20:12:40 | INFO | Proteomics shape: torch.Size([3171])
2026-02-15 20:12:40 | INFO | Target shape: torch.Size([1])
2026-02-15 20:12:40 | INFO | Target sample: -1.461743712425232
2026-02-15 20:12:40 | INFO | Train batches: 3250
2026-02-15 20:12:40 | INFO | Validation batches: 465
2026-02-15 20:12:40 | INFO | Initializing SynergyModel with MLP head...
2026-02-15 20:12:41 | INFO | Total parameters: 17,671,853
2026-02-15 20:12:41 | INFO | Trainable parameters: 17,671,853
2026-02-15 20:12:41 | INFO | ================================================================================
2026-02-15 20:12:41 | INFO | Starting Training
2026-02-15 20:12:41 | INFO | ================================================================================
2026-02-15 20:13:37 | INFO | Best model saved at epoch 1 with val_loss: 0.6203
2026-02-15 20:14:33 | INFO | Best model saved at epoch 2 with val_loss: 0.5780
2026-02-15 20:15:30 | INFO | Best model saved at epoch 3 with val_loss: 0.5355
2026-02-15 20:16:26 | INFO | Best model saved at epoch 4 with val_loss: 0.5144
2026-02-15 20:17:22 | INFO | Best model saved at epoch 5 with val_loss: 0.4981
2026-02-15 20:18:19 | INFO | Best model saved at epoch 6 with val_loss: 0.4942
2026-02-15 20:19:15 | INFO | Best model saved at epoch 7 with val_loss: 0.4776
2026-02-15 20:20:11 | INFO | Best model saved at epoch 8 with val_loss: 0.4674
2026-02-15 20:21:08 | INFO | Best model saved at epoch 9 with val_loss: 0.4497
2026-02-15 20:22:03 | INFO | Epoch 010/100 | Train: 0.4483 | Val: 0.4551 | Best Val: 0.4497 | RMSE: 9.8387 | SCC: 0.6544 | PCC: 0.7327
2026-02-15 20:23:00 | INFO | Best model saved at epoch 11 with val_loss: 0.4436
2026-02-15 20:23:56 | INFO | Best model saved at epoch 12 with val_loss: 0.4431
2026-02-15 20:24:52 | INFO | Best model saved at epoch 13 with val_loss: 0.4314
2026-02-15 20:25:49 | INFO | Best model saved at epoch 14 with val_loss: 0.4224
2026-02-15 20:26:45 | INFO | Best model saved at epoch 15 with val_loss: 0.4203
2026-02-15 20:27:41 | INFO | Best model saved at epoch 16 with val_loss: 0.4142
2026-02-15 20:29:33 | INFO | Best model saved at epoch 18 with val_loss: 0.4118
2026-02-15 20:30:30 | INFO | Best model saved at epoch 19 with val_loss: 0.4117
2026-02-15 20:31:26 | INFO | Best model saved at epoch 20 with val_loss: 0.3998
2026-02-15 20:31:26 | INFO | Epoch 020/100 | Train: 0.3488 | Val: 0.3998 | Best Val: 0.3998 | RMSE: 9.2178 | SCC: 0.6901 | PCC: 0.7700
2026-02-15 20:34:14 | INFO | Best model saved at epoch 23 with val_loss: 0.3967
2026-02-15 20:36:08 | INFO | Best model saved at epoch 25 with val_loss: 0.3938
2026-02-15 20:37:04 | INFO | Best model saved at epoch 26 with val_loss: 0.3930
2026-02-15 20:38:56 | INFO | Best model saved at epoch 28 with val_loss: 0.3898
2026-02-15 20:40:48 | INFO | Best model saved at epoch 30 with val_loss: 0.3831
2026-02-15 20:40:48 | INFO | Epoch 030/100 | Train: 0.2895 | Val: 0.3831 | Best Val: 0.3831 | RMSE: 9.0364 | SCC: 0.7042 | PCC: 0.7805
2026-02-15 20:43:36 | INFO | Best model saved at epoch 33 with val_loss: 0.3820
2026-02-15 20:48:15 | INFO | Best model saved at epoch 38 with val_loss: 0.3806
2026-02-15 20:50:08 | INFO | Epoch 040/100 | Train: 0.2514 | Val: 0.3836 | Best Val: 0.3806 | RMSE: 9.0269 | SCC: 0.7105 | PCC: 0.7812
2026-02-15 20:51:07 | INFO | Best model saved at epoch 41 with val_loss: 0.3802
2026-02-15 20:57:51 | INFO | Best model saved at epoch 48 with val_loss: 0.3795
2026-02-15 20:58:49 | INFO | Best model saved at epoch 49 with val_loss: 0.3773
2026-02-15 20:59:47 | INFO | Epoch 050/100 | Train: 0.2240 | Val: 0.3830 | Best Val: 0.3773 | RMSE: 9.0243 | SCC: 0.7126 | PCC: 0.7818
2026-02-15 21:00:45 | INFO | Best model saved at epoch 51 with val_loss: 0.3773
2026-02-15 21:08:29 | INFO | Best model saved at epoch 59 with val_loss: 0.3753
2026-02-15 21:09:27 | INFO | Epoch 060/100 | Train: 0.2037 | Val: 0.3794 | Best Val: 0.3753 | RMSE: 8.9831 | SCC: 0.7153 | PCC: 0.7836
2026-02-15 21:19:04 | INFO | Epoch 070/100 | Train: 0.1893 | Val: 0.3795 | Best Val: 0.3753 | RMSE: 8.9864 | SCC: 0.7172 | PCC: 0.7831
2026-02-15 21:20:02 | INFO | Best model saved at epoch 71 with val_loss: 0.3721
2026-02-15 21:28:33 | INFO | Epoch 080/100 | Train: 0.1774 | Val: 0.3749 | Best Val: 0.3721 | RMSE: 8.9356 | SCC: 0.7186 | PCC: 0.7861
2026-02-15 21:30:25 | INFO | Best model saved at epoch 82 with val_loss: 0.3709
2026-02-15 21:32:21 | INFO | Best model saved at epoch 84 with val_loss: 0.3674
2026-02-15 21:38:02 | INFO | Epoch 090/100 | Train: 0.1675 | Val: 0.3709 | Best Val: 0.3674 | RMSE: 8.8911 | SCC: 0.7213 | PCC: 0.7885
2026-02-15 21:47:42 | INFO | Epoch 100/100 | Train: 0.1596 | Val: 0.3694 | Best Val: 0.3674 | RMSE: 8.8801 | SCC: 0.7256 | PCC: 0.7897
2026-02-15 21:47:42 | INFO | ================================================================================
2026-02-15 21:47:42 | INFO | Training Complete
2026-02-15 21:47:42 | INFO | ================================================================================
2026-02-15 21:47:42 | INFO | Final train loss: 0.1596
2026-02-15 21:47:42 | INFO | Final validation loss: 0.3694
2026-02-15 21:47:42 | INFO | Best validation loss: 0.3674
2026-02-15 21:47:42 | INFO | Best validation loss (original scale): 78.1803
2026-02-15 21:47:42 | INFO | 
Best validation metrics (RMSE, SCC, PCC)
+--------+-------------+
| Metric |    Value    |
+--------+-------------+
|  RMSE  | 8.85 (0.08) |
|  SCC   | 0.72 (0.00) |
|  PCC   | 0.79 (0.00) |
+--------+-------------+

2026-02-15 21:47:42 | INFO | Metrics saved to /home/debnathk/drug-synergy/logs/mlp_std_CLS_random_Synergy_Loewe_e100_20260215_201240/metrics.json
2026-02-15 21:47:42 | INFO | Saving trained OmicsFusionModel weights...
2026-02-15 21:47:42 | INFO | OmicsFusionModel weights saved to /home/debnathk/drug-synergy/logs/mlp_std_CLS_random_Synergy_Loewe_e100_20260215_201240/omics_encoder.pt
2026-02-15 21:47:43 | INFO | OmicsFusionModel weights also saved to /home/debnathk/drug-synergy/data/models/omics_fusion_model_best.pt
2026-02-15 21:47:43 | INFO | Generating loss plot...
2026-02-15 21:47:43 | INFO | Loss plot saved to /home/debnathk/drug-synergy/logs/mlp_std_CLS_random_Synergy_Loewe_e100_20260215_201240/loss_plot_std.png
2026-02-15 21:47:43 | INFO | Loss plot also saved to /home/debnathk/drug-synergy/assets/loss_plot_std.png
2026-02-15 21:47:43 | INFO | ================================================================================
2026-02-15 21:47:43 | INFO | All outputs saved to: /home/debnathk/drug-synergy/logs/mlp_std_CLS_random_Synergy_Loewe_e100_20260215_201240
2026-02-15 21:47:43 | INFO | ================================================================================
