2026-01-29 17:19:20 | INFO | Run directory: /home/debnathk/drug-synergy/logs/kan_std_random_20260129_171920
2026-01-29 17:19:20 | INFO | Log file: /home/debnathk/drug-synergy/logs/kan_std_random_20260129_171920/training.log
2026-01-29 17:19:20 | INFO | Script copied to /home/debnathk/drug-synergy/logs/kan_std_random_20260129_171920/main.py
2026-01-29 17:19:20 | INFO | ================================================================================
2026-01-29 17:19:20 | INFO | Starting Drug Synergy Prediction Training (KAN Head)
2026-01-29 17:19:20 | INFO | ================================================================================
2026-01-29 17:19:20 | INFO | Split type: random, raw path: /home/debnathk/drug-synergy/data/raw/random, drug embeddings: /home/debnathk/drug-synergy/data/embeddings/drug_embeddings_random.pt
2026-01-29 17:19:20 | INFO | Loading datasets...
2026-01-29 17:19:20 | INFO | Applying target standardization...
2026-01-29 17:19:20 | INFO | Target scaler fitted - Mean: -0.8427, Std: 5.3524
2026-01-29 17:19:20 | INFO | Original target range: [-36.01, 66.66]
2026-01-29 17:19:20 | INFO | Standardized target range: [-6.57, 12.61]
2026-01-29 17:19:20 | INFO | Datasets loaded successfully
2026-01-29 17:19:20 | INFO | Configuration saved to /home/debnathk/drug-synergy/logs/kan_std_random_20260129_171920/config.json
2026-01-29 17:19:20 | INFO | Device: cuda
2026-01-29 17:19:20 | INFO | Training samples: 207968
2026-01-29 17:19:20 | INFO | Validation samples: 29710
2026-01-29 17:19:20 | INFO | Target column: Synergy_ZIP
2026-01-29 17:19:20 | INFO | Target standardization: True
2026-01-29 17:19:20 | INFO | Batch size: 64
2026-01-29 17:19:20 | INFO | Learning rate: 0.0001
2026-01-29 17:19:20 | INFO | Number of epochs: 10
2026-01-29 17:19:20 | INFO | Omics dimensions - mRNA: 23808, miRNA: 627, Proteomics: 3171
2026-01-29 17:19:20 | INFO | Running sanity check...
2026-01-29 17:19:20 | INFO | Drug1 embedding shape: torch.Size([768])
2026-01-29 17:19:20 | INFO | Drug2 embedding shape: torch.Size([768])
2026-01-29 17:19:20 | INFO | mRNA shape: torch.Size([23808])
2026-01-29 17:19:20 | INFO | miRNA shape: torch.Size([627])
2026-01-29 17:19:20 | INFO | Proteomics shape: torch.Size([3171])
2026-01-29 17:19:20 | INFO | Target shape: torch.Size([1])
2026-01-29 17:19:20 | INFO | Target sample: -0.1987028419971466
2026-01-29 17:19:20 | INFO | Train batches: 3250
2026-01-29 17:19:20 | INFO | Validation batches: 465
2026-01-29 17:19:20 | INFO | Initializing SynergyModel with KAN head...
2026-01-29 17:19:21 | INFO | Total parameters: 20,599,532
2026-01-29 17:19:21 | INFO | Trainable parameters: 20,599,532
2026-01-29 17:19:21 | INFO | ================================================================================
2026-01-29 17:19:21 | INFO | Starting Training
2026-01-29 17:19:21 | INFO | ================================================================================
2026-01-29 17:20:33 | INFO | Best model saved at epoch 1 with val_loss: 0.7402
2026-01-29 17:21:45 | INFO | Best model saved at epoch 2 with val_loss: 0.6853
2026-01-29 17:22:58 | INFO | Best model saved at epoch 3 with val_loss: 0.6532
2026-01-29 17:24:10 | INFO | Best model saved at epoch 4 with val_loss: 0.6247
2026-01-29 17:25:23 | INFO | Best model saved at epoch 5 with val_loss: 0.6157
2026-01-29 17:26:36 | INFO | Best model saved at epoch 6 with val_loss: 0.5914
2026-01-29 17:27:49 | INFO | Best model saved at epoch 7 with val_loss: 0.5867
2026-01-29 17:29:01 | INFO | Best model saved at epoch 8 with val_loss: 0.5811
2026-01-29 17:30:14 | INFO | Best model saved at epoch 9 with val_loss: 0.5709
2026-01-29 17:31:27 | INFO | Best model saved at epoch 10 with val_loss: 0.5637
2026-01-29 17:31:27 | INFO | Epoch 010/10 | Train: 0.5244 | Val: 0.5637 | Best Val: 0.5637 | RMSE: 4.0244 | SCC: 0.6158 | PCC: 0.6640
2026-01-29 17:31:27 | INFO | ================================================================================
2026-01-29 17:31:27 | INFO | Training Complete
2026-01-29 17:31:27 | INFO | ================================================================================
2026-01-29 17:31:27 | INFO | Final train loss: 0.5244
2026-01-29 17:31:27 | INFO | Final validation loss: 0.5637
2026-01-29 17:31:27 | INFO | Best validation loss: 0.5637
2026-01-29 17:31:27 | INFO | Best validation loss (original scale): 16.1501
2026-01-29 17:31:27 | INFO | 
Best validation metrics (RMSE, SCC, PCC)
+--------+-----------------+
| Metric |      Value      |
+--------+-----------------+
|  RMSE  | 4.0244 (0.0299) |
|  SCC   | 0.6158 (0.0042) |
|  PCC   | 0.6640 (0.0051) |
+--------+-----------------+

2026-01-29 17:31:27 | INFO | Metrics saved to /home/debnathk/drug-synergy/logs/kan_std_random_20260129_171920/metrics.json
2026-01-29 17:31:27 | INFO | Saving trained OmicsFusionModel weights...
2026-01-29 17:31:27 | INFO | OmicsFusionModel weights saved to /home/debnathk/drug-synergy/logs/kan_std_random_20260129_171920/omics_encoder.pt
2026-01-29 17:31:27 | INFO | OmicsFusionModel weights also saved to /home/debnathk/drug-synergy/data/models/omics_fusion_model_best.pt
2026-01-29 17:31:27 | INFO | Generating loss plot...
2026-01-29 17:31:27 | INFO | Loss plot saved to /home/debnathk/drug-synergy/logs/kan_std_random_20260129_171920/loss_plot_std.png
2026-01-29 17:31:27 | INFO | Loss plot also saved to /home/debnathk/drug-synergy/assets/loss_plot_std.png
2026-01-29 17:31:27 | INFO | ================================================================================
2026-01-29 17:31:27 | INFO | All outputs saved to: /home/debnathk/drug-synergy/logs/kan_std_random_20260129_171920
2026-01-29 17:31:27 | INFO | ================================================================================
