2026-02-10 09:10:17 | INFO | Run directory: /home/debnathk/drug-synergy/logs/kan_std_cold_drug_Loewe_e100_20260210_091017
2026-02-10 09:10:17 | INFO | Log file: /home/debnathk/drug-synergy/logs/kan_std_cold_drug_Loewe_e100_20260210_091017/training.log
2026-02-10 09:10:17 | INFO | Script copied to /home/debnathk/drug-synergy/logs/kan_std_cold_drug_Loewe_e100_20260210_091017/main.py
2026-02-10 09:10:17 | INFO | ================================================================================
2026-02-10 09:10:17 | INFO | Starting Drug Synergy Prediction Training (KAN Head)
2026-02-10 09:10:17 | INFO | ================================================================================
2026-02-10 09:10:17 | INFO | Split type: cold_drug, raw path: /home/debnathk/drug-synergy/data/raw/cold_drug, drug embeddings: /home/debnathk/drug-synergy/data/embeddings/drug_embeddings_cold_drug.pt
2026-02-10 09:10:17 | INFO | Loading datasets...
2026-02-10 09:10:17 | INFO | Applying target standardization...
2026-02-10 09:10:17 | INFO | Target scaler fitted - Mean: -9.0538, Std: 14.6522
2026-02-10 09:10:17 | INFO | Original target range: [-116.63, 86.69]
2026-02-10 09:10:17 | INFO | Standardized target range: [-7.34, 6.53]
2026-02-10 09:10:17 | INFO | Datasets loaded successfully
2026-02-10 09:10:17 | INFO | Configuration saved to /home/debnathk/drug-synergy/logs/kan_std_cold_drug_Loewe_e100_20260210_091017/config.json
2026-02-10 09:10:17 | INFO | Device: cuda
2026-02-10 09:10:17 | INFO | Training samples: 206494
2026-02-10 09:10:17 | INFO | Validation samples: 28881
2026-02-10 09:10:17 | INFO | Target column: Synergy_Loewe
2026-02-10 09:10:17 | INFO | Target standardization: True
2026-02-10 09:10:17 | INFO | Batch size: 64
2026-02-10 09:10:17 | INFO | Learning rate: 0.0001
2026-02-10 09:10:17 | INFO | Number of epochs: 100
2026-02-10 09:10:17 | INFO | Omics dimensions - mRNA: 23808, miRNA: 627, Proteomics: 3171
2026-02-10 09:10:17 | INFO | Running sanity check...
2026-02-10 09:10:17 | INFO | Drug1 embedding shape: torch.Size([768])
2026-02-10 09:10:17 | INFO | Drug2 embedding shape: torch.Size([768])
2026-02-10 09:10:17 | INFO | mRNA shape: torch.Size([23808])
2026-02-10 09:10:17 | INFO | miRNA shape: torch.Size([627])
2026-02-10 09:10:17 | INFO | Proteomics shape: torch.Size([3171])
2026-02-10 09:10:17 | INFO | Target shape: torch.Size([1])
2026-02-10 09:10:17 | INFO | Target sample: 0.9106981754302979
2026-02-10 09:10:17 | INFO | Train batches: 3227
2026-02-10 09:10:17 | INFO | Validation batches: 452
2026-02-10 09:10:17 | INFO | Initializing SynergyModel with KAN head...
2026-02-10 09:10:18 | INFO | Total parameters: 20,599,532
2026-02-10 09:10:18 | INFO | Trainable parameters: 20,599,532
2026-02-10 09:10:18 | INFO | ================================================================================
2026-02-10 09:10:18 | INFO | Starting Training
2026-02-10 09:10:18 | INFO | ================================================================================
2026-02-10 09:11:36 | INFO | Best model saved at epoch 1 with val_loss: 1.0013
2026-02-10 09:16:47 | INFO | Best model saved at epoch 5 with val_loss: 0.9718
2026-02-10 09:23:14 | INFO | Epoch 010/100 | Train: 0.4663 | Val: 1.0756 | Best Val: 0.9718 | RMSE: 15.1912 | SCC: 0.1795 | PCC: 0.1994
2026-02-10 09:36:09 | INFO | Epoch 020/100 | Train: 0.3888 | Val: 1.0372 | Best Val: 0.9718 | RMSE: 14.9347 | SCC: 0.2181 | PCC: 0.2547
2026-02-10 09:49:06 | INFO | Epoch 030/100 | Train: 0.3383 | Val: 1.0736 | Best Val: 0.9718 | RMSE: 15.1871 | SCC: 0.1994 | PCC: 0.2267
2026-02-10 10:02:03 | INFO | Epoch 040/100 | Train: 0.3024 | Val: 1.1064 | Best Val: 0.9718 | RMSE: 15.4194 | SCC: 0.1946 | PCC: 0.2248
2026-02-10 10:15:00 | INFO | Epoch 050/100 | Train: 0.2774 | Val: 1.1225 | Best Val: 0.9718 | RMSE: 15.5297 | SCC: 0.1962 | PCC: 0.2260
2026-02-10 10:27:56 | INFO | Epoch 060/100 | Train: 0.2561 | Val: 1.1370 | Best Val: 0.9718 | RMSE: 15.6359 | SCC: 0.1907 | PCC: 0.2118
2026-02-10 10:40:55 | INFO | Epoch 070/100 | Train: 0.2392 | Val: 1.1408 | Best Val: 0.9718 | RMSE: 15.6527 | SCC: 0.1918 | PCC: 0.2211
2026-02-10 10:53:54 | INFO | Epoch 080/100 | Train: 0.2257 | Val: 1.1508 | Best Val: 0.9718 | RMSE: 15.7282 | SCC: 0.1972 | PCC: 0.2320
2026-02-10 11:06:53 | INFO | Epoch 090/100 | Train: 0.2158 | Val: 1.1645 | Best Val: 0.9718 | RMSE: 15.8136 | SCC: 0.1888 | PCC: 0.2211
2026-02-10 11:19:54 | INFO | Epoch 100/100 | Train: 0.2081 | Val: 1.1376 | Best Val: 0.9718 | RMSE: 15.6305 | SCC: 0.1887 | PCC: 0.2274
2026-02-10 11:19:54 | INFO | ================================================================================
2026-02-10 11:19:54 | INFO | Training Complete
2026-02-10 11:19:54 | INFO | ================================================================================
2026-02-10 11:19:54 | INFO | Final train loss: 0.2081
2026-02-10 11:19:54 | INFO | Final validation loss: 1.1376
2026-02-10 11:19:54 | INFO | Best validation loss: 0.9718
2026-02-10 11:19:54 | INFO | Best validation loss (original scale): 208.6315
2026-02-10 11:19:54 | INFO | 
Best validation metrics (RMSE, SCC, PCC)
+--------+--------------+
| Metric |    Value     |
+--------+--------------+
|  RMSE  | 14.44 (0.11) |
|  SCC   | 0.22 (0.01)  |
|  PCC   | 0.25 (0.01)  |
+--------+--------------+

2026-02-10 11:19:54 | INFO | Metrics saved to /home/debnathk/drug-synergy/logs/kan_std_cold_drug_Loewe_e100_20260210_091017/metrics.json
2026-02-10 11:19:54 | INFO | Saving trained OmicsFusionModel weights...
2026-02-10 11:19:54 | INFO | OmicsFusionModel weights saved to /home/debnathk/drug-synergy/logs/kan_std_cold_drug_Loewe_e100_20260210_091017/omics_encoder.pt
2026-02-10 11:19:54 | INFO | OmicsFusionModel weights also saved to /home/debnathk/drug-synergy/data/models/omics_fusion_model_best.pt
2026-02-10 11:19:54 | INFO | Generating loss plot...
2026-02-10 11:19:54 | INFO | Loss plot saved to /home/debnathk/drug-synergy/logs/kan_std_cold_drug_Loewe_e100_20260210_091017/loss_plot_std.png
2026-02-10 11:19:55 | INFO | Loss plot also saved to /home/debnathk/drug-synergy/assets/loss_plot_std.png
2026-02-10 11:19:55 | INFO | ================================================================================
2026-02-10 11:19:55 | INFO | All outputs saved to: /home/debnathk/drug-synergy/logs/kan_std_cold_drug_Loewe_e100_20260210_091017
2026-02-10 11:19:55 | INFO | ================================================================================
