2026-02-06 00:24:09 | INFO | Run directory: /home/debnathk/drug-synergy/logs/kan_std_cold_drug_20260206_002409
2026-02-06 00:24:09 | INFO | Log file: /home/debnathk/drug-synergy/logs/kan_std_cold_drug_20260206_002409/training.log
2026-02-06 00:24:09 | INFO | Script copied to /home/debnathk/drug-synergy/logs/kan_std_cold_drug_20260206_002409/main.py
2026-02-06 00:24:09 | INFO | ================================================================================
2026-02-06 00:24:09 | INFO | Starting Drug Synergy Prediction Training (KAN Head)
2026-02-06 00:24:09 | INFO | ================================================================================
2026-02-06 00:24:09 | INFO | Split type: cold_drug, raw path: /home/debnathk/drug-synergy/data/raw/cold_drug, drug embeddings: /home/debnathk/drug-synergy/data/embeddings/drug_embeddings_cold_drug.pt
2026-02-06 00:24:09 | INFO | Loading datasets...
2026-02-06 00:24:09 | INFO | Applying target standardization...
2026-02-06 00:24:09 | INFO | Target scaler fitted - Mean: -0.7900, Std: 5.4054
2026-02-06 00:24:09 | INFO | Original target range: [-35.55, 66.66]
2026-02-06 00:24:09 | INFO | Standardized target range: [-6.43, 12.48]
2026-02-06 00:24:09 | INFO | Datasets loaded successfully
2026-02-06 00:24:09 | INFO | Configuration saved to /home/debnathk/drug-synergy/logs/kan_std_cold_drug_20260206_002409/config.json
2026-02-06 00:24:09 | INFO | Device: cuda
2026-02-06 00:24:09 | INFO | Training samples: 206494
2026-02-06 00:24:09 | INFO | Validation samples: 28881
2026-02-06 00:24:09 | INFO | Target column: Synergy_ZIP
2026-02-06 00:24:09 | INFO | Target standardization: True
2026-02-06 00:24:09 | INFO | Batch size: 64
2026-02-06 00:24:09 | INFO | Learning rate: 0.0001
2026-02-06 00:24:09 | INFO | Number of epochs: 100
2026-02-06 00:24:09 | INFO | Omics dimensions - mRNA: 23808, miRNA: 627, Proteomics: 3171
2026-02-06 00:24:09 | INFO | Running sanity check...
2026-02-06 00:24:09 | INFO | Drug1 embedding shape: torch.Size([768])
2026-02-06 00:24:09 | INFO | Drug2 embedding shape: torch.Size([768])
2026-02-06 00:24:09 | INFO | mRNA shape: torch.Size([23808])
2026-02-06 00:24:09 | INFO | miRNA shape: torch.Size([627])
2026-02-06 00:24:09 | INFO | Proteomics shape: torch.Size([3171])
2026-02-06 00:24:09 | INFO | Target shape: torch.Size([1])
2026-02-06 00:24:09 | INFO | Target sample: 0.6366568803787231
2026-02-06 00:24:09 | INFO | Train batches: 3227
2026-02-06 00:24:09 | INFO | Validation batches: 452
2026-02-06 00:24:09 | INFO | Initializing SynergyModel with KAN head...
2026-02-06 00:24:10 | INFO | Total parameters: 20,599,532
2026-02-06 00:24:10 | INFO | Trainable parameters: 20,599,532
2026-02-06 00:24:10 | INFO | ================================================================================
2026-02-06 00:24:10 | INFO | Starting Training
2026-02-06 00:24:10 | INFO | ================================================================================
2026-02-06 00:25:23 | INFO | Best model saved at epoch 1 with val_loss: 0.8132
2026-02-06 00:36:19 | INFO | Epoch 010/100 | Train: 0.4940 | Val: 0.8764 | Best Val: 0.8132 | RMSE: 5.0615 | SCC: 0.2573 | PCC: 0.2540
2026-02-06 00:48:26 | INFO | Epoch 020/100 | Train: 0.4055 | Val: 0.8445 | Best Val: 0.8132 | RMSE: 4.9647 | SCC: 0.2904 | PCC: 0.2845
2026-02-06 01:00:32 | INFO | Epoch 030/100 | Train: 0.3569 | Val: 0.9104 | Best Val: 0.8132 | RMSE: 5.1562 | SCC: 0.2793 | PCC: 0.2721
2026-02-06 01:12:42 | INFO | Epoch 040/100 | Train: 0.3260 | Val: 0.9041 | Best Val: 0.8132 | RMSE: 5.1370 | SCC: 0.2913 | PCC: 0.2708
2026-02-06 01:24:49 | INFO | Epoch 050/100 | Train: 0.3029 | Val: 0.9080 | Best Val: 0.8132 | RMSE: 5.1475 | SCC: 0.2765 | PCC: 0.2695
2026-02-06 01:36:59 | INFO | Epoch 060/100 | Train: 0.2845 | Val: 0.9168 | Best Val: 0.8132 | RMSE: 5.1796 | SCC: 0.2760 | PCC: 0.2586
2026-02-06 01:49:07 | INFO | Epoch 070/100 | Train: 0.2703 | Val: 0.9255 | Best Val: 0.8132 | RMSE: 5.2038 | SCC: 0.2675 | PCC: 0.2609
2026-02-06 02:01:16 | INFO | Epoch 080/100 | Train: 0.2575 | Val: 0.9540 | Best Val: 0.8132 | RMSE: 5.2776 | SCC: 0.2619 | PCC: 0.2583
2026-02-06 02:13:27 | INFO | Epoch 090/100 | Train: 0.2487 | Val: 0.9855 | Best Val: 0.8132 | RMSE: 5.3666 | SCC: 0.2614 | PCC: 0.2499
2026-02-06 02:25:36 | INFO | Epoch 100/100 | Train: 0.2401 | Val: 0.9563 | Best Val: 0.8132 | RMSE: 5.2818 | SCC: 0.2572 | PCC: 0.2512
2026-02-06 02:25:36 | INFO | ================================================================================
2026-02-06 02:25:36 | INFO | Training Complete
2026-02-06 02:25:36 | INFO | ================================================================================
2026-02-06 02:25:36 | INFO | Final train loss: 0.2401
2026-02-06 02:25:36 | INFO | Final validation loss: 0.9563
2026-02-06 02:25:36 | INFO | Best validation loss: 0.8132
2026-02-06 02:25:36 | INFO | Best validation loss (original scale): 23.7612
2026-02-06 02:25:36 | INFO | 
Best validation metrics (RMSE, SCC, PCC)
+--------+-------------+
| Metric |    Value    |
+--------+-------------+
|  RMSE  | 4.87 (0.03) |
|  SCC   | 0.27 (0.01) |
|  PCC   | 0.24 (0.01) |
+--------+-------------+

2026-02-06 02:25:36 | INFO | Metrics saved to /home/debnathk/drug-synergy/logs/kan_std_cold_drug_20260206_002409/metrics.json
2026-02-06 02:25:36 | INFO | Saving trained OmicsFusionModel weights...
2026-02-06 02:25:37 | INFO | OmicsFusionModel weights saved to /home/debnathk/drug-synergy/logs/kan_std_cold_drug_20260206_002409/omics_encoder.pt
2026-02-06 02:25:37 | INFO | OmicsFusionModel weights also saved to /home/debnathk/drug-synergy/data/models/omics_fusion_model_best.pt
2026-02-06 02:25:37 | INFO | Generating loss plot...
2026-02-06 02:25:37 | INFO | Loss plot saved to /home/debnathk/drug-synergy/logs/kan_std_cold_drug_20260206_002409/loss_plot_std.png
2026-02-06 02:25:37 | INFO | Loss plot also saved to /home/debnathk/drug-synergy/assets/loss_plot_std.png
2026-02-06 02:25:37 | INFO | ================================================================================
2026-02-06 02:25:37 | INFO | All outputs saved to: /home/debnathk/drug-synergy/logs/kan_std_cold_drug_20260206_002409
2026-02-06 02:25:37 | INFO | ================================================================================
