2026-02-15 09:18:03 | INFO | Run directory: /home/debnathk/drug-synergy/logs/mlp_std_cold_drug_Synergy_Bliss_e100_20260215_091803
2026-02-15 09:18:03 | INFO | Log file: /home/debnathk/drug-synergy/logs/mlp_std_cold_drug_Synergy_Bliss_e100_20260215_091803/training.log
2026-02-15 09:18:03 | INFO | Script copied to /home/debnathk/drug-synergy/logs/mlp_std_cold_drug_Synergy_Bliss_e100_20260215_091803/main.py
2026-02-15 09:18:03 | INFO | ================================================================================
2026-02-15 09:18:03 | INFO | Starting Drug Synergy Prediction Training (MLP Head)
2026-02-15 09:18:03 | INFO | ================================================================================
2026-02-15 09:18:03 | INFO | Split type: cold_drug, raw path: /home/debnathk/drug-synergy/data/raw/cold_drug, drug embeddings: /home/debnathk/drug-synergy/data/embeddings/drug_embeddings_cold_drug.pt
2026-02-15 09:18:03 | INFO | Loading datasets...
2026-02-15 09:18:04 | INFO | Applying target standardization...
2026-02-15 09:18:04 | INFO | Target scaler fitted - Mean: 0.2305, Std: 6.0961
2026-02-15 09:18:04 | INFO | Original target range: [-77.07, 78.65]
2026-02-15 09:18:04 | INFO | Standardized target range: [-12.68, 12.86]
2026-02-15 09:18:04 | INFO | Datasets loaded successfully
2026-02-15 09:18:04 | INFO | Configuration saved to /home/debnathk/drug-synergy/logs/mlp_std_cold_drug_Synergy_Bliss_e100_20260215_091803/config.json
2026-02-15 09:18:04 | INFO | Device: cuda
2026-02-15 09:18:04 | INFO | Training samples: 206494
2026-02-15 09:18:04 | INFO | Validation samples: 28881
2026-02-15 09:18:04 | INFO | Target column: Synergy_Bliss
2026-02-15 09:18:04 | INFO | Target standardization: True
2026-02-15 09:18:04 | INFO | Batch size: 64
2026-02-15 09:18:04 | INFO | Learning rate: 0.0001
2026-02-15 09:18:04 | INFO | Number of epochs: 100
2026-02-15 09:18:04 | INFO | Omics dimensions - mRNA: 23808, miRNA: 627, Proteomics: 3171
2026-02-15 09:18:04 | INFO | Running sanity check...
2026-02-15 09:18:04 | INFO | Drug1 embedding shape: torch.Size([768])
2026-02-15 09:18:04 | INFO | Drug2 embedding shape: torch.Size([768])
2026-02-15 09:18:04 | INFO | mRNA shape: torch.Size([23808])
2026-02-15 09:18:04 | INFO | miRNA shape: torch.Size([627])
2026-02-15 09:18:04 | INFO | Proteomics shape: torch.Size([3171])
2026-02-15 09:18:04 | INFO | Target shape: torch.Size([1])
2026-02-15 09:18:04 | INFO | Target sample: 0.36312562227249146
2026-02-15 09:18:04 | INFO | Train batches: 3227
2026-02-15 09:18:04 | INFO | Validation batches: 452
2026-02-15 09:18:04 | INFO | Initializing SynergyModel with MLP head...
2026-02-15 09:18:05 | INFO | Total parameters: 17,671,853
2026-02-15 09:18:05 | INFO | Trainable parameters: 17,671,853
2026-02-15 09:18:05 | INFO | ================================================================================
2026-02-15 09:18:05 | INFO | Starting Training
2026-02-15 09:18:05 | INFO | ================================================================================
2026-02-15 09:19:04 | INFO | Best model saved at epoch 1 with val_loss: 0.9038
2026-02-15 09:20:04 | INFO | Best model saved at epoch 2 with val_loss: 0.8832
2026-02-15 09:24:58 | INFO | Best model saved at epoch 7 with val_loss: 0.8819
2026-02-15 09:27:55 | INFO | Epoch 010/100 | Train: 0.4887 | Val: 0.8990 | Best Val: 0.8819 | RMSE: 5.7778 | SCC: 0.2488 | PCC: 0.2299
2026-02-15 09:37:44 | INFO | Epoch 020/100 | Train: 0.3862 | Val: 0.9120 | Best Val: 0.8819 | RMSE: 5.8201 | SCC: 0.2413 | PCC: 0.2325
2026-02-15 09:47:32 | INFO | Epoch 030/100 | Train: 0.3261 | Val: 0.9175 | Best Val: 0.8819 | RMSE: 5.8459 | SCC: 0.2361 | PCC: 0.2303
2026-02-15 09:57:20 | INFO | Epoch 040/100 | Train: 0.2869 | Val: 0.9377 | Best Val: 0.8819 | RMSE: 5.9032 | SCC: 0.2454 | PCC: 0.2331
2026-02-15 10:07:09 | INFO | Epoch 050/100 | Train: 0.2602 | Val: 0.9362 | Best Val: 0.8819 | RMSE: 5.8915 | SCC: 0.2303 | PCC: 0.2202
2026-02-15 10:16:58 | INFO | Epoch 060/100 | Train: 0.2406 | Val: 0.9546 | Best Val: 0.8819 | RMSE: 5.9512 | SCC: 0.2285 | PCC: 0.2242
2026-02-15 10:26:49 | INFO | Epoch 070/100 | Train: 0.2235 | Val: 0.9519 | Best Val: 0.8819 | RMSE: 5.9448 | SCC: 0.2318 | PCC: 0.2236
2026-02-15 10:36:40 | INFO | Epoch 080/100 | Train: 0.2131 | Val: 0.9759 | Best Val: 0.8819 | RMSE: 6.0158 | SCC: 0.2230 | PCC: 0.2177
2026-02-15 10:46:30 | INFO | Epoch 090/100 | Train: 0.2046 | Val: 0.9726 | Best Val: 0.8819 | RMSE: 6.0143 | SCC: 0.2217 | PCC: 0.2126
2026-02-15 10:56:20 | INFO | Epoch 100/100 | Train: 0.1966 | Val: 0.9758 | Best Val: 0.8819 | RMSE: 6.0233 | SCC: 0.2210 | PCC: 0.2144
2026-02-15 10:56:20 | INFO | ================================================================================
2026-02-15 10:56:20 | INFO | Training Complete
2026-02-15 10:56:20 | INFO | ================================================================================
2026-02-15 10:56:20 | INFO | Final train loss: 0.1966
2026-02-15 10:56:20 | INFO | Final validation loss: 0.9758
2026-02-15 10:56:20 | INFO | Best validation loss: 0.8819
2026-02-15 10:56:20 | INFO | Best validation loss (original scale): 32.7736
2026-02-15 10:56:20 | INFO | 
Best validation metrics (RMSE, SCC, PCC)
+--------+-------------+
| Metric |    Value    |
+--------+-------------+
|  RMSE  | 5.72 (0.06) |
|  SCC   | 0.23 (0.01) |
|  PCC   | 0.21 (0.01) |
+--------+-------------+

2026-02-15 10:56:20 | INFO | Metrics saved to /home/debnathk/drug-synergy/logs/mlp_std_cold_drug_Synergy_Bliss_e100_20260215_091803/metrics.json
2026-02-15 10:56:20 | INFO | Saving trained OmicsFusionModel weights...
2026-02-15 10:56:20 | INFO | OmicsFusionModel weights saved to /home/debnathk/drug-synergy/logs/mlp_std_cold_drug_Synergy_Bliss_e100_20260215_091803/omics_encoder.pt
2026-02-15 10:56:20 | INFO | OmicsFusionModel weights also saved to /home/debnathk/drug-synergy/data/models/omics_fusion_model_best.pt
2026-02-15 10:56:20 | INFO | Generating loss plot...
2026-02-15 10:56:20 | INFO | Loss plot saved to /home/debnathk/drug-synergy/logs/mlp_std_cold_drug_Synergy_Bliss_e100_20260215_091803/loss_plot_std.png
2026-02-15 10:56:21 | INFO | Loss plot also saved to /home/debnathk/drug-synergy/assets/loss_plot_std.png
2026-02-15 10:56:21 | INFO | ================================================================================
2026-02-15 10:56:21 | INFO | All outputs saved to: /home/debnathk/drug-synergy/logs/mlp_std_cold_drug_Synergy_Bliss_e100_20260215_091803
2026-02-15 10:56:21 | INFO | ================================================================================
