2026-02-10 11:20:21 | INFO | Run directory: /home/debnathk/drug-synergy/logs/mlp_std_random_Loewe_e100_20260210_112021
2026-02-10 11:20:21 | INFO | Log file: /home/debnathk/drug-synergy/logs/mlp_std_random_Loewe_e100_20260210_112021/training.log
2026-02-10 11:20:21 | INFO | Script copied to /home/debnathk/drug-synergy/logs/mlp_std_random_Loewe_e100_20260210_112021/main.py
2026-02-10 11:20:21 | INFO | ================================================================================
2026-02-10 11:20:21 | INFO | Starting Drug Synergy Prediction Training (MLP Head)
2026-02-10 11:20:21 | INFO | ================================================================================
2026-02-10 11:20:21 | INFO | Split type: random, raw path: /home/debnathk/drug-synergy/data/raw/random, drug embeddings: /home/debnathk/drug-synergy/data/embeddings/drug_embeddings_random.pt
2026-02-10 11:20:21 | INFO | Loading datasets...
2026-02-10 11:20:21 | INFO | Applying target standardization...
2026-02-10 11:20:21 | INFO | Target scaler fitted - Mean: -9.1090, Std: 14.5873
2026-02-10 11:20:21 | INFO | Original target range: [-114.32, 83.55]
2026-02-10 11:20:21 | INFO | Standardized target range: [-7.21, 6.35]
2026-02-10 11:20:21 | INFO | Datasets loaded successfully
2026-02-10 11:20:21 | INFO | Configuration saved to /home/debnathk/drug-synergy/logs/mlp_std_random_Loewe_e100_20260210_112021/config.json
2026-02-10 11:20:21 | INFO | Device: cuda
2026-02-10 11:20:21 | INFO | Training samples: 207968
2026-02-10 11:20:21 | INFO | Validation samples: 29710
2026-02-10 11:20:21 | INFO | Target column: Synergy_Loewe
2026-02-10 11:20:21 | INFO | Target standardization: True
2026-02-10 11:20:21 | INFO | Batch size: 64
2026-02-10 11:20:21 | INFO | Learning rate: 0.0001
2026-02-10 11:20:21 | INFO | Number of epochs: 100
2026-02-10 11:20:21 | INFO | Omics dimensions - mRNA: 23808, miRNA: 627, Proteomics: 3171
2026-02-10 11:20:21 | INFO | Running sanity check...
2026-02-10 11:20:21 | INFO | Drug1 embedding shape: torch.Size([768])
2026-02-10 11:20:21 | INFO | Drug2 embedding shape: torch.Size([768])
2026-02-10 11:20:21 | INFO | mRNA shape: torch.Size([23808])
2026-02-10 11:20:21 | INFO | miRNA shape: torch.Size([627])
2026-02-10 11:20:21 | INFO | Proteomics shape: torch.Size([3171])
2026-02-10 11:20:21 | INFO | Target shape: torch.Size([1])
2026-02-10 11:20:21 | INFO | Target sample: -1.461743712425232
2026-02-10 11:20:21 | INFO | Train batches: 3250
2026-02-10 11:20:21 | INFO | Validation batches: 465
2026-02-10 11:20:21 | INFO | Initializing SynergyModel with MLP head...
2026-02-10 11:20:22 | INFO | Total parameters: 20,232,109
2026-02-10 11:20:22 | INFO | Trainable parameters: 20,232,109
2026-02-10 11:20:22 | INFO | ================================================================================
2026-02-10 11:20:22 | INFO | Starting Training
2026-02-10 11:20:22 | INFO | ================================================================================
2026-02-10 11:21:27 | INFO | Best model saved at epoch 1 with val_loss: 0.6406
2026-02-10 11:22:33 | INFO | Best model saved at epoch 2 with val_loss: 0.5798
2026-02-10 11:23:38 | INFO | Best model saved at epoch 3 with val_loss: 0.5500
2026-02-10 11:24:44 | INFO | Best model saved at epoch 4 with val_loss: 0.5376
2026-02-10 11:25:49 | INFO | Best model saved at epoch 5 with val_loss: 0.5205
2026-02-10 11:26:54 | INFO | Best model saved at epoch 6 with val_loss: 0.5067
2026-02-10 11:28:00 | INFO | Best model saved at epoch 7 with val_loss: 0.4936
2026-02-10 11:29:05 | INFO | Best model saved at epoch 8 with val_loss: 0.4837
2026-02-10 11:30:11 | INFO | Best model saved at epoch 9 with val_loss: 0.4719
2026-02-10 11:31:16 | INFO | Epoch 010/100 | Train: 0.4736 | Val: 0.4742 | Best Val: 0.4719 | RMSE: 10.0417 | SCC: 0.6394 | PCC: 0.7197
2026-02-10 11:32:21 | INFO | Best model saved at epoch 11 with val_loss: 0.4675
2026-02-10 11:33:27 | INFO | Best model saved at epoch 12 with val_loss: 0.4610
2026-02-10 11:34:32 | INFO | Best model saved at epoch 13 with val_loss: 0.4459
2026-02-10 11:35:38 | INFO | Best model saved at epoch 14 with val_loss: 0.4447
2026-02-10 11:36:43 | INFO | Best model saved at epoch 15 with val_loss: 0.4415
2026-02-10 11:37:49 | INFO | Best model saved at epoch 16 with val_loss: 0.4344
2026-02-10 11:38:55 | INFO | Best model saved at epoch 17 with val_loss: 0.4327
2026-02-10 11:40:00 | INFO | Best model saved at epoch 18 with val_loss: 0.4279
2026-02-10 11:42:10 | INFO | Best model saved at epoch 20 with val_loss: 0.4184
2026-02-10 11:42:10 | INFO | Epoch 020/100 | Train: 0.3792 | Val: 0.4184 | Best Val: 0.4184 | RMSE: 9.4285 | SCC: 0.6826 | PCC: 0.7578
2026-02-10 11:43:16 | INFO | Best model saved at epoch 21 with val_loss: 0.4170
2026-02-10 11:44:22 | INFO | Best model saved at epoch 22 with val_loss: 0.4123
2026-02-10 11:46:32 | INFO | Best model saved at epoch 24 with val_loss: 0.4012
2026-02-10 11:53:01 | INFO | Epoch 030/100 | Train: 0.3161 | Val: 0.4022 | Best Val: 0.4012 | RMSE: 9.2490 | SCC: 0.6962 | PCC: 0.7687
2026-02-10 11:54:06 | INFO | Best model saved at epoch 31 with val_loss: 0.4007
2026-02-10 11:55:12 | INFO | Best model saved at epoch 32 with val_loss: 0.3985
2026-02-10 11:57:22 | INFO | Best model saved at epoch 34 with val_loss: 0.3977
2026-02-10 12:00:38 | INFO | Best model saved at epoch 37 with val_loss: 0.3970
2026-02-10 12:01:43 | INFO | Best model saved at epoch 38 with val_loss: 0.3952
2026-02-10 12:03:53 | INFO | Epoch 040/100 | Train: 0.2740 | Val: 0.3952 | Best Val: 0.3952 | RMSE: 9.1804 | SCC: 0.7001 | PCC: 0.7730
2026-02-10 12:08:13 | INFO | Best model saved at epoch 44 with val_loss: 0.3939
2026-02-10 12:09:19 | INFO | Best model saved at epoch 45 with val_loss: 0.3892
2026-02-10 12:11:29 | INFO | Best model saved at epoch 47 with val_loss: 0.3886
2026-02-10 12:13:40 | INFO | Best model saved at epoch 49 with val_loss: 0.3855
2026-02-10 12:14:45 | INFO | Epoch 050/100 | Train: 0.2431 | Val: 0.3901 | Best Val: 0.3855 | RMSE: 9.1103 | SCC: 0.7064 | PCC: 0.7764
2026-02-10 12:25:34 | INFO | Epoch 060/100 | Train: 0.2207 | Val: 0.3860 | Best Val: 0.3855 | RMSE: 9.0521 | SCC: 0.7072 | PCC: 0.7798
2026-02-10 12:26:39 | INFO | Best model saved at epoch 61 with val_loss: 0.3840
2026-02-10 12:30:59 | INFO | Best model saved at epoch 65 with val_loss: 0.3815
2026-02-10 12:33:10 | INFO | Best model saved at epoch 67 with val_loss: 0.3814
2026-02-10 12:36:25 | INFO | Epoch 070/100 | Train: 0.2049 | Val: 0.3891 | Best Val: 0.3814 | RMSE: 9.0995 | SCC: 0.7108 | PCC: 0.7778
2026-02-10 12:42:56 | INFO | Best model saved at epoch 76 with val_loss: 0.3811
2026-02-10 12:45:07 | INFO | Best model saved at epoch 78 with val_loss: 0.3793
2026-02-10 12:47:17 | INFO | Epoch 080/100 | Train: 0.1903 | Val: 0.3840 | Best Val: 0.3793 | RMSE: 9.0306 | SCC: 0.7138 | PCC: 0.7806
2026-02-10 12:52:42 | INFO | Best model saved at epoch 85 with val_loss: 0.3787
2026-02-10 12:55:58 | INFO | Best model saved at epoch 88 with val_loss: 0.3784
2026-02-10 12:58:09 | INFO | Best model saved at epoch 90 with val_loss: 0.3763
2026-02-10 12:58:09 | INFO | Epoch 090/100 | Train: 0.1818 | Val: 0.3763 | Best Val: 0.3763 | RMSE: 8.9417 | SCC: 0.7185 | PCC: 0.7858
2026-02-10 13:06:49 | INFO | Best model saved at epoch 98 with val_loss: 0.3742
2026-02-10 13:08:59 | INFO | Epoch 100/100 | Train: 0.1723 | Val: 0.3797 | Best Val: 0.3742 | RMSE: 8.9838 | SCC: 0.7166 | PCC: 0.7836
2026-02-10 13:08:59 | INFO | ================================================================================
2026-02-10 13:08:59 | INFO | Training Complete
2026-02-10 13:08:59 | INFO | ================================================================================
2026-02-10 13:08:59 | INFO | Final train loss: 0.1723
2026-02-10 13:08:59 | INFO | Final validation loss: 0.3797
2026-02-10 13:08:59 | INFO | Best validation loss: 0.3742
2026-02-10 13:08:59 | INFO | Best validation loss (original scale): 79.6285
2026-02-10 13:08:59 | INFO | 
Best validation metrics (RMSE, SCC, PCC)
+--------+-------------+
| Metric |    Value    |
+--------+-------------+
|  RMSE  | 8.92 (0.08) |
|  SCC   | 0.72 (0.00) |
|  PCC   | 0.79 (0.00) |
+--------+-------------+

2026-02-10 13:08:59 | INFO | Metrics saved to /home/debnathk/drug-synergy/logs/mlp_std_random_Loewe_e100_20260210_112021/metrics.json
2026-02-10 13:08:59 | INFO | Saving trained OmicsFusionModel weights...
2026-02-10 13:09:00 | INFO | OmicsFusionModel weights saved to /home/debnathk/drug-synergy/logs/mlp_std_random_Loewe_e100_20260210_112021/omics_encoder.pt
2026-02-10 13:09:00 | INFO | OmicsFusionModel weights also saved to /home/debnathk/drug-synergy/data/models/omics_fusion_model_best.pt
2026-02-10 13:09:00 | INFO | Generating loss plot...
2026-02-10 13:09:00 | INFO | Loss plot saved to /home/debnathk/drug-synergy/logs/mlp_std_random_Loewe_e100_20260210_112021/loss_plot_std.png
2026-02-10 13:09:00 | INFO | Loss plot also saved to /home/debnathk/drug-synergy/assets/loss_plot_std.png
2026-02-10 13:09:00 | INFO | ================================================================================
2026-02-10 13:09:00 | INFO | All outputs saved to: /home/debnathk/drug-synergy/logs/mlp_std_random_Loewe_e100_20260210_112021
2026-02-10 13:09:00 | INFO | ================================================================================
