2026-01-27 14:44:36 | INFO | Run directory: /home/debnathk/drug-synergy/logs/kan_std_20260127_144436
2026-01-27 14:44:36 | INFO | Log file: /home/debnathk/drug-synergy/logs/kan_std_20260127_144436/training.log
2026-01-27 14:44:36 | INFO | Script copied to /home/debnathk/drug-synergy/logs/kan_std_20260127_144436/main.py
2026-01-27 14:44:36 | INFO | ================================================================================
2026-01-27 14:44:36 | INFO | Starting Drug Synergy Prediction Training (KAN Head)
2026-01-27 14:44:36 | INFO | ================================================================================
2026-01-27 14:44:36 | INFO | Loading datasets...
2026-01-27 14:44:37 | INFO | Applying target standardization...
2026-01-27 14:44:37 | INFO | Target scaler fitted - Mean: -0.8427, Std: 5.3524
2026-01-27 14:44:37 | INFO | Original target range: [-36.01, 66.66]
2026-01-27 14:44:37 | INFO | Standardized target range: [-6.57, 12.61]
2026-01-27 14:44:37 | INFO | Datasets loaded successfully
2026-01-27 14:44:37 | INFO | Configuration saved to /home/debnathk/drug-synergy/logs/kan_std_20260127_144436/config.json
2026-01-27 14:44:37 | INFO | Device: cuda
2026-01-27 14:44:37 | INFO | Training samples: 207968
2026-01-27 14:44:37 | INFO | Validation samples: 29710
2026-01-27 14:44:37 | INFO | Target column: Synergy_ZIP
2026-01-27 14:44:37 | INFO | Target standardization: True
2026-01-27 14:44:37 | INFO | Batch size: 64
2026-01-27 14:44:37 | INFO | Learning rate: 0.0001
2026-01-27 14:44:37 | INFO | Number of epochs: 100
2026-01-27 14:44:37 | INFO | Omics dimensions - mRNA: 23808, miRNA: 627, Proteomics: 3171
2026-01-27 14:44:37 | INFO | Running sanity check...
2026-01-27 14:44:37 | INFO | Drug1 embedding shape: torch.Size([768])
2026-01-27 14:44:37 | INFO | Drug2 embedding shape: torch.Size([768])
2026-01-27 14:44:37 | INFO | mRNA shape: torch.Size([23808])
2026-01-27 14:44:37 | INFO | miRNA shape: torch.Size([627])
2026-01-27 14:44:37 | INFO | Proteomics shape: torch.Size([3171])
2026-01-27 14:44:37 | INFO | Target shape: torch.Size([1])
2026-01-27 14:44:37 | INFO | Target sample: -0.1987028419971466
2026-01-27 14:44:37 | INFO | Train batches: 3250
2026-01-27 14:44:37 | INFO | Validation batches: 465
2026-01-27 14:44:37 | INFO | Initializing SynergyModel with KAN head...
2026-01-27 14:44:37 | INFO | Total parameters: 20,599,532
2026-01-27 14:44:37 | INFO | Trainable parameters: 20,599,532
2026-01-27 14:44:37 | INFO | ================================================================================
2026-01-27 14:44:37 | INFO | Starting Training
2026-01-27 14:44:37 | INFO | ================================================================================
2026-01-27 14:45:48 | INFO | Best model saved at epoch 1 with val_loss: 0.7375
2026-01-27 14:46:59 | INFO | Best model saved at epoch 2 with val_loss: 0.6834
2026-01-27 14:48:09 | INFO | Best model saved at epoch 3 with val_loss: 0.6385
2026-01-27 14:49:20 | INFO | Best model saved at epoch 4 with val_loss: 0.6217
2026-01-27 14:50:30 | INFO | Best model saved at epoch 5 with val_loss: 0.6043
2026-01-27 14:51:41 | INFO | Best model saved at epoch 6 with val_loss: 0.5960
2026-01-27 14:52:51 | INFO | Best model saved at epoch 7 with val_loss: 0.5792
2026-01-27 14:54:02 | INFO | Best model saved at epoch 8 with val_loss: 0.5755
2026-01-27 14:55:12 | INFO | Best model saved at epoch 9 with val_loss: 0.5666
2026-01-27 14:56:22 | INFO | Best model saved at epoch 10 with val_loss: 0.5664
2026-01-27 14:56:22 | INFO | Epoch 010/100 | Train: 0.5189 | Val: 0.5664 | Best Val: 0.5664
2026-01-27 14:57:33 | INFO | Best model saved at epoch 11 with val_loss: 0.5528
2026-01-27 14:58:43 | INFO | Best model saved at epoch 12 with val_loss: 0.5433
2026-01-27 15:02:13 | INFO | Best model saved at epoch 15 with val_loss: 0.5264
2026-01-27 15:03:23 | INFO | Best model saved at epoch 16 with val_loss: 0.5264
2026-01-27 15:04:34 | INFO | Best model saved at epoch 17 with val_loss: 0.5202
2026-01-27 15:06:57 | INFO | Best model saved at epoch 19 with val_loss: 0.5198
2026-01-27 15:08:07 | INFO | Best model saved at epoch 20 with val_loss: 0.5154
2026-01-27 15:08:07 | INFO | Epoch 020/100 | Train: 0.4224 | Val: 0.5154 | Best Val: 0.5154
2026-01-27 15:09:18 | INFO | Best model saved at epoch 21 with val_loss: 0.5103
2026-01-27 15:10:28 | INFO | Best model saved at epoch 22 with val_loss: 0.5094
2026-01-27 15:12:49 | INFO | Best model saved at epoch 24 with val_loss: 0.5034
2026-01-27 15:15:10 | INFO | Best model saved at epoch 26 with val_loss: 0.5013
2026-01-27 15:16:21 | INFO | Best model saved at epoch 27 with val_loss: 0.5009
2026-01-27 15:19:50 | INFO | Epoch 030/100 | Train: 0.3693 | Val: 0.5104 | Best Val: 0.5009
2026-01-27 15:22:11 | INFO | Best model saved at epoch 32 with val_loss: 0.5007
2026-01-27 15:24:32 | INFO | Best model saved at epoch 34 with val_loss: 0.4986
2026-01-27 15:26:52 | INFO | Best model saved at epoch 36 with val_loss: 0.4957
2026-01-27 15:28:02 | INFO | Best model saved at epoch 37 with val_loss: 0.4918
2026-01-27 15:31:32 | INFO | Epoch 040/100 | Train: 0.3342 | Val: 0.4995 | Best Val: 0.4918
2026-01-27 15:43:13 | INFO | Epoch 050/100 | Train: 0.3082 | Val: 0.5094 | Best Val: 0.4918
2026-01-27 15:55:03 | INFO | Epoch 060/100 | Train: 0.2895 | Val: 0.4999 | Best Val: 0.4918
2026-01-27 16:06:44 | INFO | Epoch 070/100 | Train: 0.2740 | Val: 0.4962 | Best Val: 0.4918
2026-01-27 16:18:28 | INFO | Epoch 080/100 | Train: 0.2611 | Val: 0.5097 | Best Val: 0.4918
2026-01-27 16:30:21 | INFO | Epoch 090/100 | Train: 0.2518 | Val: 0.5115 | Best Val: 0.4918
2026-01-27 16:42:00 | INFO | Epoch 100/100 | Train: 0.2417 | Val: 0.5221 | Best Val: 0.4918
2026-01-27 16:42:00 | INFO | ================================================================================
2026-01-27 16:42:00 | INFO | Training Complete
2026-01-27 16:42:00 | INFO | ================================================================================
2026-01-27 16:42:00 | INFO | Final train loss: 0.2417
2026-01-27 16:42:00 | INFO | Final validation loss: 0.5221
2026-01-27 16:42:00 | INFO | Best validation loss: 0.4918
2026-01-27 16:42:00 | INFO | Best validation loss (original scale): 14.0901
2026-01-27 16:42:00 | INFO | Metrics saved to /home/debnathk/drug-synergy/logs/kan_std_20260127_144436/metrics.json
2026-01-27 16:42:00 | INFO | Saving trained OmicsFusionModel weights...
2026-01-27 16:42:00 | INFO | OmicsFusionModel weights saved to /home/debnathk/drug-synergy/logs/kan_std_20260127_144436/omics_encoder.pt
2026-01-27 16:42:01 | INFO | OmicsFusionModel weights also saved to /home/debnathk/drug-synergy/data/models/omics_fusion_model_best.pt
2026-01-27 16:42:01 | INFO | Generating loss plot...
2026-01-27 16:42:01 | INFO | Loss plot saved to /home/debnathk/drug-synergy/logs/kan_std_20260127_144436/loss_plot_std.png
2026-01-27 16:42:01 | INFO | Loss plot also saved to /home/debnathk/drug-synergy/assets/loss_plot_std.png
2026-01-27 16:42:01 | INFO | ================================================================================
2026-01-27 16:42:01 | INFO | All outputs saved to: /home/debnathk/drug-synergy/logs/kan_std_20260127_144436
2026-01-27 16:42:01 | INFO | ================================================================================
