2026-02-15 10:56:46 | INFO | Run directory: /home/debnathk/drug-synergy/logs/kan_std_random_Synergy_Loewe_e100_20260215_105646
2026-02-15 10:56:46 | INFO | Log file: /home/debnathk/drug-synergy/logs/kan_std_random_Synergy_Loewe_e100_20260215_105646/training.log
2026-02-15 10:56:46 | INFO | Script copied to /home/debnathk/drug-synergy/logs/kan_std_random_Synergy_Loewe_e100_20260215_105646/main.py
2026-02-15 10:56:46 | INFO | ================================================================================
2026-02-15 10:56:46 | INFO | Starting Drug Synergy Prediction Training (KAN Head)
2026-02-15 10:56:46 | INFO | ================================================================================
2026-02-15 10:56:46 | INFO | Split type: random, raw path: /home/debnathk/drug-synergy/data/raw/random, drug embeddings: /home/debnathk/drug-synergy/data/embeddings/drug_embeddings_random.pt
2026-02-15 10:56:46 | INFO | Loading datasets...
2026-02-15 10:56:46 | INFO | Applying target standardization...
2026-02-15 10:56:46 | INFO | Target scaler fitted - Mean: -9.1090, Std: 14.5873
2026-02-15 10:56:46 | INFO | Original target range: [-114.32, 83.55]
2026-02-15 10:56:46 | INFO | Standardized target range: [-7.21, 6.35]
2026-02-15 10:56:46 | INFO | Datasets loaded successfully
2026-02-15 10:56:46 | INFO | Configuration saved to /home/debnathk/drug-synergy/logs/kan_std_random_Synergy_Loewe_e100_20260215_105646/config.json
2026-02-15 10:56:46 | INFO | Device: cuda
2026-02-15 10:56:46 | INFO | Training samples: 207968
2026-02-15 10:56:46 | INFO | Validation samples: 29710
2026-02-15 10:56:46 | INFO | Target column: Synergy_Loewe
2026-02-15 10:56:46 | INFO | Target standardization: True
2026-02-15 10:56:46 | INFO | Batch size: 64
2026-02-15 10:56:46 | INFO | Learning rate: 0.0001
2026-02-15 10:56:46 | INFO | Number of epochs: 100
2026-02-15 10:56:46 | INFO | Omics dimensions - mRNA: 23808, miRNA: 627, Proteomics: 3171
2026-02-15 10:56:46 | INFO | Running sanity check...
2026-02-15 10:56:46 | INFO | Drug1 embedding shape: torch.Size([768])
2026-02-15 10:56:46 | INFO | Drug2 embedding shape: torch.Size([768])
2026-02-15 10:56:46 | INFO | mRNA shape: torch.Size([23808])
2026-02-15 10:56:46 | INFO | miRNA shape: torch.Size([627])
2026-02-15 10:56:46 | INFO | Proteomics shape: torch.Size([3171])
2026-02-15 10:56:46 | INFO | Target shape: torch.Size([1])
2026-02-15 10:56:46 | INFO | Target sample: -1.461743712425232
2026-02-15 10:56:46 | INFO | Train batches: 3250
2026-02-15 10:56:46 | INFO | Validation batches: 465
2026-02-15 10:56:46 | INFO | Initializing SynergyModel with KAN head...
2026-02-15 10:56:47 | INFO | Total parameters: 18,039,276
2026-02-15 10:56:47 | INFO | Trainable parameters: 18,039,276
2026-02-15 10:56:47 | INFO | ================================================================================
2026-02-15 10:56:47 | INFO | Starting Training
2026-02-15 10:56:47 | INFO | ================================================================================
2026-02-15 10:58:02 | INFO | Best model saved at epoch 1 with val_loss: 0.6249
2026-02-15 10:59:17 | INFO | Best model saved at epoch 2 with val_loss: 0.5792
2026-02-15 11:00:32 | INFO | Best model saved at epoch 3 with val_loss: 0.5518
2026-02-15 11:01:46 | INFO | Best model saved at epoch 4 with val_loss: 0.5372
2026-02-15 11:03:01 | INFO | Best model saved at epoch 5 with val_loss: 0.5131
2026-02-15 11:04:16 | INFO | Best model saved at epoch 6 with val_loss: 0.5110
2026-02-15 11:05:31 | INFO | Best model saved at epoch 7 with val_loss: 0.5076
2026-02-15 11:06:46 | INFO | Best model saved at epoch 8 with val_loss: 0.4985
2026-02-15 11:08:00 | INFO | Best model saved at epoch 9 with val_loss: 0.4972
2026-02-15 11:09:14 | INFO | Best model saved at epoch 10 with val_loss: 0.4834
2026-02-15 11:09:14 | INFO | Epoch 010/100 | Train: 0.4527 | Val: 0.4834 | Best Val: 0.4834 | RMSE: 10.1494 | SCC: 0.6276 | PCC: 0.7128
2026-02-15 11:10:29 | INFO | Best model saved at epoch 11 with val_loss: 0.4825
2026-02-15 11:11:43 | INFO | Best model saved at epoch 12 with val_loss: 0.4806
2026-02-15 11:12:58 | INFO | Best model saved at epoch 13 with val_loss: 0.4804
2026-02-15 11:14:13 | INFO | Best model saved at epoch 14 with val_loss: 0.4702
2026-02-15 11:16:41 | INFO | Best model saved at epoch 16 with val_loss: 0.4653
2026-02-15 11:21:37 | INFO | Best model saved at epoch 20 with val_loss: 0.4644
2026-02-15 11:21:37 | INFO | Epoch 020/100 | Train: 0.3662 | Val: 0.4644 | Best Val: 0.4644 | RMSE: 9.9432 | SCC: 0.6456 | PCC: 0.7269
2026-02-15 11:26:32 | INFO | Best model saved at epoch 24 with val_loss: 0.4607
2026-02-15 11:31:28 | INFO | Best model saved at epoch 28 with val_loss: 0.4586
2026-02-15 11:33:56 | INFO | Epoch 030/100 | Train: 0.3177 | Val: 0.4717 | Best Val: 0.4586 | RMSE: 10.0216 | SCC: 0.6487 | PCC: 0.7229
2026-02-15 11:46:18 | INFO | Epoch 040/100 | Train: 0.2850 | Val: 0.4758 | Best Val: 0.4586 | RMSE: 10.0747 | SCC: 0.6468 | PCC: 0.7237
2026-02-15 11:58:40 | INFO | Epoch 050/100 | Train: 0.2610 | Val: 0.4666 | Best Val: 0.4586 | RMSE: 9.9662 | SCC: 0.6512 | PCC: 0.7271
2026-02-15 12:11:02 | INFO | Epoch 060/100 | Train: 0.2395 | Val: 0.4783 | Best Val: 0.4586 | RMSE: 10.0914 | SCC: 0.6451 | PCC: 0.7248
2026-02-15 12:23:23 | INFO | Epoch 070/100 | Train: 0.2256 | Val: 0.4897 | Best Val: 0.4586 | RMSE: 10.2061 | SCC: 0.6441 | PCC: 0.7185
2026-02-15 12:35:46 | INFO | Epoch 080/100 | Train: 0.2131 | Val: 0.4767 | Best Val: 0.4586 | RMSE: 10.0781 | SCC: 0.6475 | PCC: 0.7262
2026-02-15 12:48:08 | INFO | Epoch 090/100 | Train: 0.2035 | Val: 0.4924 | Best Val: 0.4586 | RMSE: 10.2409 | SCC: 0.6422 | PCC: 0.7174
2026-02-15 13:00:38 | INFO | Epoch 100/100 | Train: 0.1958 | Val: 0.4833 | Best Val: 0.4586 | RMSE: 10.1463 | SCC: 0.6448 | PCC: 0.7205
2026-02-15 13:00:38 | INFO | ================================================================================
2026-02-15 13:00:38 | INFO | Training Complete
2026-02-15 13:00:38 | INFO | ================================================================================
2026-02-15 13:00:38 | INFO | Final train loss: 0.1958
2026-02-15 13:00:38 | INFO | Final validation loss: 0.4833
2026-02-15 13:00:38 | INFO | Best validation loss: 0.4586
2026-02-15 13:00:38 | INFO | Best validation loss (original scale): 97.5923
2026-02-15 13:00:38 | INFO | 
Best validation metrics (RMSE, SCC, PCC)
+--------+-------------+
| Metric |    Value    |
+--------+-------------+
|  RMSE  | 9.87 (0.08) |
|  SCC   | 0.65 (0.00) |
|  PCC   | 0.73 (0.00) |
+--------+-------------+

2026-02-15 13:00:38 | INFO | Metrics saved to /home/debnathk/drug-synergy/logs/kan_std_random_Synergy_Loewe_e100_20260215_105646/metrics.json
2026-02-15 13:00:38 | INFO | Saving trained OmicsFusionModel weights...
2026-02-15 13:00:38 | INFO | OmicsFusionModel weights saved to /home/debnathk/drug-synergy/logs/kan_std_random_Synergy_Loewe_e100_20260215_105646/omics_encoder.pt
2026-02-15 13:00:38 | INFO | OmicsFusionModel weights also saved to /home/debnathk/drug-synergy/data/models/omics_fusion_model_best.pt
2026-02-15 13:00:38 | INFO | Generating loss plot...
2026-02-15 13:00:38 | INFO | Loss plot saved to /home/debnathk/drug-synergy/logs/kan_std_random_Synergy_Loewe_e100_20260215_105646/loss_plot_std.png
2026-02-15 13:00:39 | INFO | Loss plot also saved to /home/debnathk/drug-synergy/assets/loss_plot_std.png
2026-02-15 13:00:39 | INFO | ================================================================================
2026-02-15 13:00:39 | INFO | All outputs saved to: /home/debnathk/drug-synergy/logs/kan_std_random_Synergy_Loewe_e100_20260215_105646
2026-02-15 13:00:39 | INFO | ================================================================================
