2026-02-15 03:29:37 | INFO | Run directory: /home/debnathk/drug-synergy/logs/kan_std_CLS_cold_drug_Synergy_HSA_e100_20260215_032937
2026-02-15 03:29:37 | INFO | Log file: /home/debnathk/drug-synergy/logs/kan_std_CLS_cold_drug_Synergy_HSA_e100_20260215_032937/training.log
2026-02-15 03:29:37 | INFO | Script copied to /home/debnathk/drug-synergy/logs/kan_std_CLS_cold_drug_Synergy_HSA_e100_20260215_032937/main.py
2026-02-15 03:29:37 | INFO | ================================================================================
2026-02-15 03:29:37 | INFO | Starting Drug Synergy Prediction Training (KAN Head)
2026-02-15 03:29:37 | INFO | ================================================================================
2026-02-15 03:29:37 | INFO | Split type: cold_drug, raw path: /home/debnathk/drug-synergy/data/raw/cold_drug, drug embeddings: /home/debnathk/drug-synergy/data/embeddings/drug_embeddings_cold_drug.pt
2026-02-15 03:29:37 | INFO | Loading datasets...
2026-02-15 03:29:37 | INFO | Applying target standardization...
2026-02-15 03:29:37 | INFO | Target scaler fitted - Mean: -0.3370, Std: 5.8735
2026-02-15 03:29:37 | INFO | Original target range: [-81.75, 64.29]
2026-02-15 03:29:37 | INFO | Standardized target range: [-13.86, 11.00]
2026-02-15 03:29:37 | INFO | Datasets loaded successfully
2026-02-15 03:29:37 | INFO | Configuration saved to /home/debnathk/drug-synergy/logs/kan_std_CLS_cold_drug_Synergy_HSA_e100_20260215_032937/config.json
2026-02-15 03:29:37 | INFO | Device: cuda
2026-02-15 03:29:37 | INFO | Training samples: 206494
2026-02-15 03:29:37 | INFO | Validation samples: 28881
2026-02-15 03:29:37 | INFO | Target column: Synergy_HSA
2026-02-15 03:29:37 | INFO | Target standardization: True
2026-02-15 03:29:37 | INFO | Batch size: 64
2026-02-15 03:29:37 | INFO | Learning rate: 0.0001
2026-02-15 03:29:37 | INFO | Number of epochs: 100
2026-02-15 03:29:37 | INFO | Omics dimensions - mRNA: 23808, miRNA: 627, Proteomics: 3171
2026-02-15 03:29:37 | INFO | Running sanity check...
2026-02-15 03:29:37 | INFO | Drug1 embedding shape: torch.Size([768])
2026-02-15 03:29:37 | INFO | Drug2 embedding shape: torch.Size([768])
2026-02-15 03:29:37 | INFO | mRNA shape: torch.Size([23808])
2026-02-15 03:29:37 | INFO | miRNA shape: torch.Size([627])
2026-02-15 03:29:37 | INFO | Proteomics shape: torch.Size([3171])
2026-02-15 03:29:37 | INFO | Target shape: torch.Size([1])
2026-02-15 03:29:37 | INFO | Target sample: 0.9169536232948303
2026-02-15 03:29:37 | INFO | Train batches: 3227
2026-02-15 03:29:37 | INFO | Validation batches: 452
2026-02-15 03:29:37 | INFO | Initializing SynergyModel with KAN head...
2026-02-15 03:29:38 | INFO | Total parameters: 18,039,276
2026-02-15 03:29:38 | INFO | Trainable parameters: 18,039,276
2026-02-15 03:29:38 | INFO | ================================================================================
2026-02-15 03:29:38 | INFO | Starting Training
2026-02-15 03:29:38 | INFO | ================================================================================
2026-02-15 03:30:51 | INFO | Best model saved at epoch 1 with val_loss: 0.9082
2026-02-15 03:32:04 | INFO | Best model saved at epoch 2 with val_loss: 0.8975
2026-02-15 03:34:28 | INFO | Best model saved at epoch 4 with val_loss: 0.8883
2026-02-15 03:41:40 | INFO | Epoch 010/100 | Train: 0.4592 | Val: 0.9286 | Best Val: 0.8883 | RMSE: 5.6558 | SCC: 0.2515 | PCC: 0.2476
2026-02-15 03:53:39 | INFO | Epoch 020/100 | Train: 0.3708 | Val: 0.9190 | Best Val: 0.8883 | RMSE: 5.6342 | SCC: 0.2884 | PCC: 0.2767
2026-02-15 04:05:39 | INFO | Epoch 030/100 | Train: 0.3253 | Val: 0.9275 | Best Val: 0.8883 | RMSE: 5.6600 | SCC: 0.2944 | PCC: 0.2759
2026-02-15 04:17:40 | INFO | Epoch 040/100 | Train: 0.2949 | Val: 0.9278 | Best Val: 0.8883 | RMSE: 5.6538 | SCC: 0.2871 | PCC: 0.2738
2026-02-15 04:29:42 | INFO | Epoch 050/100 | Train: 0.2726 | Val: 0.9398 | Best Val: 0.8883 | RMSE: 5.6908 | SCC: 0.2772 | PCC: 0.2678
2026-02-15 04:41:45 | INFO | Epoch 060/100 | Train: 0.2554 | Val: 0.9707 | Best Val: 0.8883 | RMSE: 5.7850 | SCC: 0.2627 | PCC: 0.2582
2026-02-15 04:53:46 | INFO | Epoch 070/100 | Train: 0.2422 | Val: 0.9758 | Best Val: 0.8883 | RMSE: 5.8066 | SCC: 0.2615 | PCC: 0.2537
2026-02-15 05:05:48 | INFO | Epoch 080/100 | Train: 0.2301 | Val: 0.9735 | Best Val: 0.8883 | RMSE: 5.7932 | SCC: 0.2593 | PCC: 0.2582
2026-02-15 05:17:50 | INFO | Epoch 090/100 | Train: 0.2221 | Val: 0.9742 | Best Val: 0.8883 | RMSE: 5.8025 | SCC: 0.2617 | PCC: 0.2593
2026-02-15 05:29:52 | INFO | Epoch 100/100 | Train: 0.2137 | Val: 0.9841 | Best Val: 0.8883 | RMSE: 5.8306 | SCC: 0.2460 | PCC: 0.2436
2026-02-15 05:29:52 | INFO | ================================================================================
2026-02-15 05:29:52 | INFO | Training Complete
2026-02-15 05:29:52 | INFO | ================================================================================
2026-02-15 05:29:52 | INFO | Final train loss: 0.2137
2026-02-15 05:29:52 | INFO | Final validation loss: 0.9841
2026-02-15 05:29:52 | INFO | Best validation loss: 0.8883
2026-02-15 05:29:52 | INFO | Best validation loss (original scale): 30.6441
2026-02-15 05:29:52 | INFO | 
Best validation metrics (RMSE, SCC, PCC)
+--------+-------------+
| Metric |    Value    |
+--------+-------------+
|  RMSE  | 5.55 (0.06) |
|  SCC   | 0.29 (0.01) |
|  PCC   | 0.29 (0.01) |
+--------+-------------+

2026-02-15 05:29:52 | INFO | Metrics saved to /home/debnathk/drug-synergy/logs/kan_std_CLS_cold_drug_Synergy_HSA_e100_20260215_032937/metrics.json
2026-02-15 05:29:52 | INFO | Saving trained OmicsFusionModel weights...
2026-02-15 05:29:52 | INFO | OmicsFusionModel weights saved to /home/debnathk/drug-synergy/logs/kan_std_CLS_cold_drug_Synergy_HSA_e100_20260215_032937/omics_encoder.pt
2026-02-15 05:29:52 | INFO | OmicsFusionModel weights also saved to /home/debnathk/drug-synergy/data/models/omics_fusion_model_best.pt
2026-02-15 05:29:52 | INFO | Generating loss plot...
2026-02-15 05:29:53 | INFO | Loss plot saved to /home/debnathk/drug-synergy/logs/kan_std_CLS_cold_drug_Synergy_HSA_e100_20260215_032937/loss_plot_std.png
2026-02-15 05:29:53 | INFO | Loss plot also saved to /home/debnathk/drug-synergy/assets/loss_plot_std.png
2026-02-15 05:29:53 | INFO | ================================================================================
2026-02-15 05:29:53 | INFO | All outputs saved to: /home/debnathk/drug-synergy/logs/kan_std_CLS_cold_drug_Synergy_HSA_e100_20260215_032937
2026-02-15 05:29:53 | INFO | ================================================================================
