2026-02-05 14:46:25 | INFO | Run directory: /home/debnathk/drug-synergy/logs/mlp_std_random_20260205_144625
2026-02-05 14:46:25 | INFO | Log file: /home/debnathk/drug-synergy/logs/mlp_std_random_20260205_144625/training.log
2026-02-05 14:46:25 | INFO | Script copied to /home/debnathk/drug-synergy/logs/mlp_std_random_20260205_144625/main.py
2026-02-05 14:46:25 | INFO | ================================================================================
2026-02-05 14:46:25 | INFO | Starting Drug Synergy Prediction Training (MLP Head)
2026-02-05 14:46:25 | INFO | ================================================================================
2026-02-05 14:46:25 | INFO | Split type: random, raw path: /home/debnathk/drug-synergy/data/raw/random, drug embeddings: /home/debnathk/drug-synergy/data/embeddings/drug_embeddings_random.pt
2026-02-05 14:46:25 | INFO | Loading datasets...
2026-02-05 14:46:25 | INFO | Applying target standardization...
2026-02-05 14:46:25 | INFO | Target scaler fitted - Mean: -0.8427, Std: 5.3524
2026-02-05 14:46:25 | INFO | Original target range: [-36.01, 66.66]
2026-02-05 14:46:25 | INFO | Standardized target range: [-6.57, 12.61]
2026-02-05 14:46:25 | INFO | Datasets loaded successfully
2026-02-05 14:46:25 | INFO | Configuration saved to /home/debnathk/drug-synergy/logs/mlp_std_random_20260205_144625/config.json
2026-02-05 14:46:25 | INFO | Device: cuda
2026-02-05 14:46:25 | INFO | Training samples: 207968
2026-02-05 14:46:25 | INFO | Validation samples: 29710
2026-02-05 14:46:25 | INFO | Target column: Synergy_ZIP
2026-02-05 14:46:25 | INFO | Target standardization: True
2026-02-05 14:46:25 | INFO | Batch size: 64
2026-02-05 14:46:25 | INFO | Learning rate: 0.0001
2026-02-05 14:46:25 | INFO | Number of epochs: 100
2026-02-05 14:46:25 | INFO | Omics dimensions - mRNA: 23808, miRNA: 627, Proteomics: 3171
2026-02-05 14:46:25 | INFO | Running sanity check...
2026-02-05 14:46:25 | INFO | Drug1 embedding shape: torch.Size([768])
2026-02-05 14:46:25 | INFO | Drug2 embedding shape: torch.Size([768])
2026-02-05 14:46:25 | INFO | mRNA shape: torch.Size([23808])
2026-02-05 14:46:25 | INFO | miRNA shape: torch.Size([627])
2026-02-05 14:46:25 | INFO | Proteomics shape: torch.Size([3171])
2026-02-05 14:46:25 | INFO | Target shape: torch.Size([1])
2026-02-05 14:46:25 | INFO | Target sample: -0.1987028419971466
2026-02-05 14:46:25 | INFO | Train batches: 3250
2026-02-05 14:46:25 | INFO | Validation batches: 465
2026-02-05 14:46:25 | INFO | Initializing SynergyModel with MLP head...
2026-02-05 14:46:26 | INFO | Total parameters: 20,232,109
2026-02-05 14:46:26 | INFO | Trainable parameters: 20,232,109
2026-02-05 14:46:26 | INFO | ================================================================================
2026-02-05 14:46:26 | INFO | Starting Training
2026-02-05 14:46:26 | INFO | ================================================================================
2026-02-05 14:47:26 | INFO | Best model saved at epoch 1 with val_loss: 0.7465
2026-02-05 14:48:26 | INFO | Best model saved at epoch 2 with val_loss: 0.6621
2026-02-05 14:49:26 | INFO | Best model saved at epoch 3 with val_loss: 0.6325
2026-02-05 14:50:26 | INFO | Best model saved at epoch 4 with val_loss: 0.6180
2026-02-05 14:51:26 | INFO | Best model saved at epoch 5 with val_loss: 0.6012
2026-02-05 14:52:26 | INFO | Best model saved at epoch 6 with val_loss: 0.5857
2026-02-05 14:53:26 | INFO | Best model saved at epoch 7 with val_loss: 0.5718
2026-02-05 14:54:26 | INFO | Best model saved at epoch 8 with val_loss: 0.5670
2026-02-05 14:55:27 | INFO | Best model saved at epoch 9 with val_loss: 0.5469
2026-02-05 14:56:27 | INFO | Best model saved at epoch 10 with val_loss: 0.5415
2026-02-05 14:56:27 | INFO | Epoch 010/100 | Train: 0.5202 | Val: 0.5415 | Best Val: 0.5415 | RMSE: 3.9414 | SCC: 0.6386 | PCC: 0.6813
2026-02-05 14:57:27 | INFO | Best model saved at epoch 11 with val_loss: 0.5290
2026-02-05 14:58:27 | INFO | Best model saved at epoch 12 with val_loss: 0.5145
2026-02-05 15:00:26 | INFO | Best model saved at epoch 14 with val_loss: 0.5031
2026-02-05 15:02:24 | INFO | Best model saved at epoch 16 with val_loss: 0.4949
2026-02-05 15:03:24 | INFO | Best model saved at epoch 17 with val_loss: 0.4919
2026-02-05 15:04:24 | INFO | Best model saved at epoch 18 with val_loss: 0.4869
2026-02-05 15:05:25 | INFO | Best model saved at epoch 19 with val_loss: 0.4798
2026-02-05 15:06:26 | INFO | Epoch 020/100 | Train: 0.4150 | Val: 0.4874 | Best Val: 0.4798 | RMSE: 3.7377 | SCC: 0.6734 | PCC: 0.7230
2026-02-05 15:07:26 | INFO | Best model saved at epoch 21 with val_loss: 0.4675
2026-02-05 15:10:24 | INFO | Best model saved at epoch 24 with val_loss: 0.4628
2026-02-05 15:11:23 | INFO | Best model saved at epoch 25 with val_loss: 0.4604
2026-02-05 15:12:23 | INFO | Best model saved at epoch 26 with val_loss: 0.4595
2026-02-05 15:13:23 | INFO | Best model saved at epoch 27 with val_loss: 0.4579
2026-02-05 15:15:22 | INFO | Best model saved at epoch 29 with val_loss: 0.4556
2026-02-05 15:16:22 | INFO | Best model saved at epoch 30 with val_loss: 0.4541
2026-02-05 15:16:22 | INFO | Epoch 030/100 | Train: 0.3517 | Val: 0.4541 | Best Val: 0.4541 | RMSE: 3.6072 | SCC: 0.6924 | PCC: 0.7416
2026-02-05 15:17:22 | INFO | Best model saved at epoch 31 with val_loss: 0.4466
2026-02-05 15:19:21 | INFO | Best model saved at epoch 33 with val_loss: 0.4444
2026-02-05 15:22:19 | INFO | Best model saved at epoch 36 with val_loss: 0.4440
2026-02-05 15:23:20 | INFO | Best model saved at epoch 37 with val_loss: 0.4408
2026-02-05 15:25:21 | INFO | Best model saved at epoch 39 with val_loss: 0.4294
2026-02-05 15:26:21 | INFO | Epoch 040/100 | Train: 0.3085 | Val: 0.4390 | Best Val: 0.4294 | RMSE: 3.5459 | SCC: 0.7013 | PCC: 0.7519
2026-02-05 15:36:29 | INFO | Best model saved at epoch 50 with val_loss: 0.4293
2026-02-05 15:36:29 | INFO | Epoch 050/100 | Train: 0.2803 | Val: 0.4293 | Best Val: 0.4293 | RMSE: 3.5078 | SCC: 0.7089 | PCC: 0.7586
2026-02-05 15:37:29 | INFO | Best model saved at epoch 51 with val_loss: 0.4283
2026-02-05 15:39:32 | INFO | Best model saved at epoch 53 with val_loss: 0.4278
2026-02-05 15:44:37 | INFO | Best model saved at epoch 58 with val_loss: 0.4258
2026-02-05 15:46:35 | INFO | Epoch 060/100 | Train: 0.2568 | Val: 0.4264 | Best Val: 0.4258 | RMSE: 3.4932 | SCC: 0.7091 | PCC: 0.7599
2026-02-05 15:49:39 | INFO | Best model saved at epoch 63 with val_loss: 0.4238
2026-02-05 15:56:39 | INFO | Epoch 070/100 | Train: 0.2412 | Val: 0.4285 | Best Val: 0.4238 | RMSE: 3.5048 | SCC: 0.7067 | PCC: 0.7585
2026-02-05 15:58:43 | INFO | Best model saved at epoch 72 with val_loss: 0.4228
2026-02-05 16:04:51 | INFO | Best model saved at epoch 78 with val_loss: 0.4210
2026-02-05 16:06:56 | INFO | Epoch 080/100 | Train: 0.2274 | Val: 0.4252 | Best Val: 0.4210 | RMSE: 3.4902 | SCC: 0.7074 | PCC: 0.7609
2026-02-05 16:16:02 | INFO | Best model saved at epoch 89 with val_loss: 0.4209
2026-02-05 16:17:05 | INFO | Epoch 090/100 | Train: 0.2181 | Val: 0.4261 | Best Val: 0.4209 | RMSE: 3.4951 | SCC: 0.7073 | PCC: 0.7609
2026-02-05 16:27:22 | INFO | Epoch 100/100 | Train: 0.2084 | Val: 0.4243 | Best Val: 0.4209 | RMSE: 3.4855 | SCC: 0.7111 | PCC: 0.7622
2026-02-05 16:27:22 | INFO | ================================================================================
2026-02-05 16:27:22 | INFO | Training Complete
2026-02-05 16:27:22 | INFO | ================================================================================
2026-02-05 16:27:22 | INFO | Final train loss: 0.2084
2026-02-05 16:27:22 | INFO | Final validation loss: 0.4243
2026-02-05 16:27:22 | INFO | Best validation loss: 0.4209
2026-02-05 16:27:22 | INFO | Best validation loss (original scale): 12.0594
2026-02-05 16:27:22 | INFO | 
Best validation metrics (RMSE, SCC, PCC)
+--------+---------------+
| Metric |     Value     |
+--------+---------------+
|  RMSE  | 3.475 (0.023) |
|  SCC   | 0.712 (0.003) |
|  PCC   | 0.764 (0.004) |
+--------+---------------+

2026-02-05 16:27:22 | INFO | Metrics saved to /home/debnathk/drug-synergy/logs/mlp_std_random_20260205_144625/metrics.json
2026-02-05 16:27:22 | INFO | Saving trained OmicsFusionModel weights...
2026-02-05 16:27:22 | INFO | OmicsFusionModel weights saved to /home/debnathk/drug-synergy/logs/mlp_std_random_20260205_144625/omics_encoder.pt
2026-02-05 16:27:22 | INFO | OmicsFusionModel weights also saved to /home/debnathk/drug-synergy/data/models/omics_fusion_model_best.pt
2026-02-05 16:27:22 | INFO | Generating loss plot...
2026-02-05 16:27:23 | INFO | Loss plot saved to /home/debnathk/drug-synergy/logs/mlp_std_random_20260205_144625/loss_plot_std.png
2026-02-05 16:27:23 | INFO | Loss plot also saved to /home/debnathk/drug-synergy/assets/loss_plot_std.png
2026-02-05 16:27:23 | INFO | ================================================================================
2026-02-05 16:27:23 | INFO | All outputs saved to: /home/debnathk/drug-synergy/logs/mlp_std_random_20260205_144625
2026-02-05 16:27:23 | INFO | ================================================================================
