2026-02-14 15:04:05 | INFO | Run directory: /home/debnathk/drug-synergy/logs/kan_std_cold_drug_Synergy_ZIP_e100_20260214_150405
2026-02-14 15:04:05 | INFO | Log file: /home/debnathk/drug-synergy/logs/kan_std_cold_drug_Synergy_ZIP_e100_20260214_150405/training.log
2026-02-14 15:04:05 | INFO | Script copied to /home/debnathk/drug-synergy/logs/kan_std_cold_drug_Synergy_ZIP_e100_20260214_150405/main.py
2026-02-14 15:04:05 | INFO | ================================================================================
2026-02-14 15:04:05 | INFO | Starting Drug Synergy Prediction Training (KAN Head)
2026-02-14 15:04:05 | INFO | ================================================================================
2026-02-14 15:04:05 | INFO | Split type: cold_drug, raw path: /home/debnathk/drug-synergy/data/raw/cold_drug, drug embeddings: /home/debnathk/drug-synergy/data/embeddings/drug_embeddings_cold_drug.pt
2026-02-14 15:04:05 | INFO | Loading datasets...
2026-02-14 15:04:05 | INFO | Applying target standardization...
2026-02-14 15:04:05 | INFO | Target scaler fitted - Mean: -0.7900, Std: 5.4054
2026-02-14 15:04:05 | INFO | Original target range: [-35.55, 66.66]
2026-02-14 15:04:05 | INFO | Standardized target range: [-6.43, 12.48]
2026-02-14 15:04:05 | INFO | Datasets loaded successfully
2026-02-14 15:04:05 | INFO | Configuration saved to /home/debnathk/drug-synergy/logs/kan_std_cold_drug_Synergy_ZIP_e100_20260214_150405/config.json
2026-02-14 15:04:05 | INFO | Device: cuda
2026-02-14 15:04:05 | INFO | Training samples: 206494
2026-02-14 15:04:05 | INFO | Validation samples: 28881
2026-02-14 15:04:05 | INFO | Target column: Synergy_ZIP
2026-02-14 15:04:05 | INFO | Target standardization: True
2026-02-14 15:04:05 | INFO | Batch size: 64
2026-02-14 15:04:05 | INFO | Learning rate: 0.0001
2026-02-14 15:04:05 | INFO | Number of epochs: 100
2026-02-14 15:04:05 | INFO | Omics dimensions - mRNA: 23808, miRNA: 627, Proteomics: 3171
2026-02-14 15:04:05 | INFO | Running sanity check...
2026-02-14 15:04:05 | INFO | Drug1 embedding shape: torch.Size([768])
2026-02-14 15:04:05 | INFO | Drug2 embedding shape: torch.Size([768])
2026-02-14 15:04:05 | INFO | mRNA shape: torch.Size([23808])
2026-02-14 15:04:05 | INFO | miRNA shape: torch.Size([627])
2026-02-14 15:04:05 | INFO | Proteomics shape: torch.Size([3171])
2026-02-14 15:04:05 | INFO | Target shape: torch.Size([1])
2026-02-14 15:04:05 | INFO | Target sample: 0.6366568803787231
2026-02-14 15:04:05 | INFO | Train batches: 3227
2026-02-14 15:04:05 | INFO | Validation batches: 452
2026-02-14 15:04:05 | INFO | Initializing SynergyModel with KAN head...
2026-02-14 15:04:06 | INFO | Total parameters: 18,039,020
2026-02-14 15:04:06 | INFO | Trainable parameters: 18,039,020
2026-02-14 15:04:06 | INFO | ================================================================================
2026-02-14 15:04:06 | INFO | Starting Training
2026-02-14 15:04:06 | INFO | ================================================================================
2026-02-14 15:05:14 | INFO | Best model saved at epoch 1 with val_loss: 0.7927
2026-02-14 15:06:23 | INFO | Best model saved at epoch 2 with val_loss: 0.7859
2026-02-14 15:15:11 | INFO | Epoch 010/100 | Train: 0.4745 | Val: 0.8193 | Best Val: 0.7859 | RMSE: 4.8945 | SCC: 0.2863 | PCC: 0.2950
2026-02-14 15:26:12 | INFO | Epoch 020/100 | Train: 0.3911 | Val: 0.8482 | Best Val: 0.7859 | RMSE: 4.9763 | SCC: 0.2925 | PCC: 0.2870
2026-02-14 15:37:17 | INFO | Epoch 030/100 | Train: 0.3461 | Val: 0.8249 | Best Val: 0.7859 | RMSE: 4.9086 | SCC: 0.3059 | PCC: 0.3074
2026-02-14 15:48:20 | INFO | Epoch 040/100 | Train: 0.3173 | Val: 0.8533 | Best Val: 0.7859 | RMSE: 4.9939 | SCC: 0.2833 | PCC: 0.2842
2026-02-14 15:59:24 | INFO | Epoch 050/100 | Train: 0.2948 | Val: 0.8778 | Best Val: 0.7859 | RMSE: 5.0629 | SCC: 0.2801 | PCC: 0.2766
2026-02-14 16:10:30 | INFO | Epoch 060/100 | Train: 0.2765 | Val: 0.9088 | Best Val: 0.7859 | RMSE: 5.1517 | SCC: 0.2709 | PCC: 0.2705
2026-02-14 16:21:37 | INFO | Epoch 070/100 | Train: 0.2626 | Val: 0.9005 | Best Val: 0.7859 | RMSE: 5.1274 | SCC: 0.2738 | PCC: 0.2785
2026-02-14 16:32:48 | INFO | Epoch 080/100 | Train: 0.2501 | Val: 0.9130 | Best Val: 0.7859 | RMSE: 5.1640 | SCC: 0.2740 | PCC: 0.2733
2026-02-14 16:43:56 | INFO | Epoch 090/100 | Train: 0.2398 | Val: 0.9210 | Best Val: 0.7859 | RMSE: 5.1876 | SCC: 0.2733 | PCC: 0.2739
2026-02-14 16:55:00 | INFO | Epoch 100/100 | Train: 0.2324 | Val: 0.9305 | Best Val: 0.7859 | RMSE: 5.2134 | SCC: 0.2697 | PCC: 0.2721
2026-02-14 16:55:00 | INFO | ================================================================================
2026-02-14 16:55:00 | INFO | Training Complete
2026-02-14 16:55:00 | INFO | ================================================================================
2026-02-14 16:55:00 | INFO | Final train loss: 0.2324
2026-02-14 16:55:00 | INFO | Final validation loss: 0.9305
2026-02-14 16:55:00 | INFO | Best validation loss: 0.7859
2026-02-14 16:55:00 | INFO | Best validation loss (original scale): 22.9617
2026-02-14 16:55:00 | INFO | 
Best validation metrics (RMSE, SCC, PCC)
+--------+-------------+
| Metric |    Value    |
+--------+-------------+
|  RMSE  | 4.79 (0.03) |
|  SCC   | 0.28 (0.01) |
|  PCC   | 0.28 (0.01) |
+--------+-------------+

2026-02-14 16:55:00 | INFO | Metrics saved to /home/debnathk/drug-synergy/logs/kan_std_cold_drug_Synergy_ZIP_e100_20260214_150405/metrics.json
2026-02-14 16:55:00 | INFO | Saving trained OmicsFusionModel weights...
2026-02-14 16:55:00 | INFO | OmicsFusionModel weights saved to /home/debnathk/drug-synergy/logs/kan_std_cold_drug_Synergy_ZIP_e100_20260214_150405/omics_encoder.pt
2026-02-14 16:55:01 | INFO | OmicsFusionModel weights also saved to /home/debnathk/drug-synergy/data/models/omics_fusion_model_best.pt
2026-02-14 16:55:01 | INFO | Generating loss plot...
2026-02-14 16:55:01 | INFO | Loss plot saved to /home/debnathk/drug-synergy/logs/kan_std_cold_drug_Synergy_ZIP_e100_20260214_150405/loss_plot_std.png
2026-02-14 16:55:01 | INFO | Loss plot also saved to /home/debnathk/drug-synergy/assets/loss_plot_std.png
2026-02-14 16:55:01 | INFO | ================================================================================
2026-02-14 16:55:01 | INFO | All outputs saved to: /home/debnathk/drug-synergy/logs/kan_std_cold_drug_Synergy_ZIP_e100_20260214_150405
2026-02-14 16:55:01 | INFO | ================================================================================
