2026-01-19 23:38:31 | INFO | Run directory: /home/debnathk/drug-synergy/logs/synergy_attn_20260119_233831
2026-01-19 23:38:31 | INFO | Log file: /home/debnathk/drug-synergy/logs/synergy_attn_20260119_233831/training.log
2026-01-19 23:38:31 | INFO | ================================================================================
2026-01-19 23:38:31 | INFO | Starting Drug Synergy Prediction Training (End-to-End with Attention)
2026-01-19 23:38:31 | INFO | ================================================================================
2026-01-19 23:38:31 | INFO | Loading datasets...
2026-01-19 23:38:31 | INFO | Datasets loaded successfully
2026-01-19 23:38:31 | INFO | Configuration saved to /home/debnathk/drug-synergy/logs/synergy_attn_20260119_233831/config.json
2026-01-19 23:38:31 | INFO | Device: cuda
2026-01-19 23:38:31 | INFO | Training samples: 207968
2026-01-19 23:38:31 | INFO | Validation samples: 29710
2026-01-19 23:38:31 | INFO | Target column: Synergy_ZIP
2026-01-19 23:38:31 | INFO | Batch size: 64
2026-01-19 23:38:31 | INFO | Learning rate: 0.0001
2026-01-19 23:38:31 | INFO | Number of epochs: 100
2026-01-19 23:38:31 | INFO | Omics dimensions - mRNA: 23808, miRNA: 627, Proteomics: 3171
2026-01-19 23:38:31 | INFO | Running sanity check...
2026-01-19 23:38:31 | INFO | Drug1 embedding shape: torch.Size([768])
2026-01-19 23:38:31 | INFO | Drug2 embedding shape: torch.Size([768])
2026-01-19 23:38:31 | INFO | mRNA shape: torch.Size([23808])
2026-01-19 23:38:31 | INFO | miRNA shape: torch.Size([627])
2026-01-19 23:38:31 | INFO | Proteomics shape: torch.Size([3171])
2026-01-19 23:38:31 | INFO | Target shape: torch.Size([1])
2026-01-19 23:38:31 | INFO | Target sample: -1.9062016010284424
2026-01-19 23:38:31 | INFO | Train batches: 3250
2026-01-19 23:38:31 | INFO | Validation batches: 465
2026-01-19 23:38:31 | INFO | Initializing SynergyModel (End-to-End with Attention)...
2026-01-19 23:38:34 | INFO | Total parameters: 20,432,557
2026-01-19 23:38:34 | INFO | Trainable parameters: 20,432,557
2026-01-19 23:38:34 | INFO | ================================================================================
2026-01-19 23:38:34 | INFO | Starting Training
2026-01-19 23:38:34 | INFO | ================================================================================
2026-01-19 23:39:36 | INFO | Best model saved at epoch 1 with val_loss: 21.3081
2026-01-19 23:40:38 | INFO | Best model saved at epoch 2 with val_loss: 19.9986
2026-01-19 23:41:40 | INFO | Best model saved at epoch 3 with val_loss: 19.4642
2026-01-19 23:42:42 | INFO | Best model saved at epoch 4 with val_loss: 18.9575
2026-01-19 23:44:45 | INFO | Best model saved at epoch 6 with val_loss: 18.6738
2026-01-19 23:45:47 | INFO | Best model saved at epoch 7 with val_loss: 18.1661
2026-01-19 23:47:51 | INFO | Best model saved at epoch 9 with val_loss: 18.0297
2026-01-19 23:48:53 | INFO | Best model saved at epoch 10 with val_loss: 17.7002
2026-01-19 23:48:53 | INFO | Epoch 010/100 | Train: 17.8378 | Val: 17.7002 | Best Val: 17.7002
2026-01-19 23:51:57 | INFO | Best model saved at epoch 13 with val_loss: 17.4425
2026-01-19 23:52:59 | INFO | Best model saved at epoch 14 with val_loss: 17.4363
2026-01-19 23:58:06 | INFO | Best model saved at epoch 19 with val_loss: 17.0931
2026-01-19 23:59:08 | INFO | Best model saved at epoch 20 with val_loss: 16.9858
2026-01-19 23:59:08 | INFO | Epoch 020/100 | Train: 16.8224 | Val: 16.9858 | Best Val: 16.9858
2026-01-20 00:00:10 | INFO | Best model saved at epoch 21 with val_loss: 16.6609
2026-01-20 00:08:20 | INFO | Best model saved at epoch 29 with val_loss: 16.4526
2026-01-20 00:09:22 | INFO | Best model saved at epoch 30 with val_loss: 16.2300
2026-01-20 00:09:22 | INFO | Epoch 030/100 | Train: 15.9628 | Val: 16.2300 | Best Val: 16.2300
2026-01-20 00:14:28 | INFO | Best model saved at epoch 35 with val_loss: 15.9684
2026-01-20 00:17:33 | INFO | Best model saved at epoch 38 with val_loss: 15.6010
2026-01-20 00:19:36 | INFO | Best model saved at epoch 40 with val_loss: 15.4445
2026-01-20 00:19:36 | INFO | Epoch 040/100 | Train: 15.0732 | Val: 15.4445 | Best Val: 15.4445
2026-01-20 00:24:42 | INFO | Best model saved at epoch 45 with val_loss: 15.1949
2026-01-20 00:29:49 | INFO | Best model saved at epoch 50 with val_loss: 15.0377
2026-01-20 00:29:49 | INFO | Epoch 050/100 | Train: 14.2655 | Val: 15.0377 | Best Val: 15.0377
2026-01-20 00:30:51 | INFO | Best model saved at epoch 51 with val_loss: 14.9930
2026-01-20 00:31:53 | INFO | Best model saved at epoch 52 with val_loss: 14.9220
2026-01-20 00:32:55 | INFO | Best model saved at epoch 53 with val_loss: 14.9187
2026-01-20 00:33:57 | INFO | Best model saved at epoch 54 with val_loss: 14.7167
2026-01-20 00:39:03 | INFO | Best model saved at epoch 59 with val_loss: 14.6819
2026-01-20 00:40:05 | INFO | Best model saved at epoch 60 with val_loss: 14.4085
2026-01-20 00:40:05 | INFO | Epoch 060/100 | Train: 13.5671 | Val: 14.4085 | Best Val: 14.4085
2026-01-20 00:42:09 | INFO | Best model saved at epoch 62 with val_loss: 14.3840
2026-01-20 00:45:13 | INFO | Best model saved at epoch 65 with val_loss: 14.3196
2026-01-20 00:46:15 | INFO | Best model saved at epoch 66 with val_loss: 14.2301
2026-01-20 00:47:17 | INFO | Best model saved at epoch 67 with val_loss: 14.1975
2026-01-20 00:48:19 | INFO | Best model saved at epoch 68 with val_loss: 14.1585
2026-01-20 00:50:22 | INFO | Epoch 070/100 | Train: 13.0031 | Val: 14.2656 | Best Val: 14.1585
2026-01-20 00:52:25 | INFO | Best model saved at epoch 72 with val_loss: 13.9600
2026-01-20 00:54:28 | INFO | Best model saved at epoch 74 with val_loss: 13.9422
2026-01-20 00:59:35 | INFO | Best model saved at epoch 79 with val_loss: 13.8505
2026-01-20 01:00:36 | INFO | Epoch 080/100 | Train: 12.9631 | Val: 14.8197 | Best Val: 13.8505
2026-01-20 01:02:39 | INFO | Best model saved at epoch 82 with val_loss: 13.7164
2026-01-20 01:07:46 | INFO | Best model saved at epoch 87 with val_loss: 13.7118
2026-01-20 01:10:50 | INFO | Epoch 090/100 | Train: 13.1527 | Val: 13.9802 | Best Val: 13.7118
2026-01-20 01:11:51 | INFO | Best model saved at epoch 91 with val_loss: 13.6966
2026-01-20 01:15:57 | INFO | Best model saved at epoch 95 with val_loss: 13.6631
2026-01-20 01:16:59 | INFO | Best model saved at epoch 96 with val_loss: 13.6101
2026-01-20 01:19:02 | INFO | Best model saved at epoch 98 with val_loss: 13.4578
2026-01-20 01:21:05 | INFO | Best model saved at epoch 100 with val_loss: 13.4032
2026-01-20 01:21:05 | INFO | Epoch 100/100 | Train: 11.6648 | Val: 13.4032 | Best Val: 13.4032
2026-01-20 01:21:05 | INFO | ================================================================================
2026-01-20 01:21:05 | INFO | Training Complete
2026-01-20 01:21:05 | INFO | ================================================================================
2026-01-20 01:21:05 | INFO | Final train loss: 11.6648
2026-01-20 01:21:05 | INFO | Final validation loss: 13.4032
2026-01-20 01:21:05 | INFO | Best validation loss: 13.4032
2026-01-20 01:21:05 | INFO | Metrics saved to /home/debnathk/drug-synergy/logs/synergy_attn_20260119_233831/metrics.json
2026-01-20 01:21:05 | INFO | Saving trained OmicsFusionModel weights...
2026-01-20 01:21:05 | INFO | OmicsFusionModel weights saved to /home/debnathk/drug-synergy/logs/synergy_attn_20260119_233831/omics_encoder.pt
2026-01-20 01:21:05 | INFO | OmicsFusionModel weights also saved to /home/debnathk/drug-synergy/data/models/omics_fusion_model_best.pt
2026-01-20 01:21:05 | INFO | Generating loss plot...
2026-01-20 01:21:06 | INFO | Loss plot saved to /home/debnathk/drug-synergy/logs/synergy_attn_20260119_233831/loss_plot_wo_std.png
2026-01-20 01:21:06 | INFO | Loss plot also saved to /home/debnathk/drug-synergy/assets/loss_plot_wo_std.png
2026-01-20 01:21:06 | INFO | ================================================================================
2026-01-20 01:21:06 | INFO | All outputs saved to: /home/debnathk/drug-synergy/logs/synergy_attn_20260119_233831
2026-01-20 01:21:06 | INFO | ================================================================================
