2026-02-14 16:55:24 | INFO | Run directory: /home/debnathk/drug-synergy/logs/mlp_std_random_Synergy_ZIP_e100_20260214_165524
2026-02-14 16:55:24 | INFO | Log file: /home/debnathk/drug-synergy/logs/mlp_std_random_Synergy_ZIP_e100_20260214_165524/training.log
2026-02-14 16:55:24 | INFO | Script copied to /home/debnathk/drug-synergy/logs/mlp_std_random_Synergy_ZIP_e100_20260214_165524/main.py
2026-02-14 16:55:24 | INFO | ================================================================================
2026-02-14 16:55:24 | INFO | Starting Drug Synergy Prediction Training (MLP Head)
2026-02-14 16:55:24 | INFO | ================================================================================
2026-02-14 16:55:24 | INFO | Split type: random, raw path: /home/debnathk/drug-synergy/data/raw/random, drug embeddings: /home/debnathk/drug-synergy/data/embeddings/drug_embeddings_random.pt
2026-02-14 16:55:24 | INFO | Loading datasets...
2026-02-14 16:55:25 | INFO | Applying target standardization...
2026-02-14 16:55:25 | INFO | Target scaler fitted - Mean: -0.8427, Std: 5.3524
2026-02-14 16:55:25 | INFO | Original target range: [-36.01, 66.66]
2026-02-14 16:55:25 | INFO | Standardized target range: [-6.57, 12.61]
2026-02-14 16:55:25 | INFO | Datasets loaded successfully
2026-02-14 16:55:25 | INFO | Configuration saved to /home/debnathk/drug-synergy/logs/mlp_std_random_Synergy_ZIP_e100_20260214_165524/config.json
2026-02-14 16:55:25 | INFO | Device: cuda
2026-02-14 16:55:25 | INFO | Training samples: 207968
2026-02-14 16:55:25 | INFO | Validation samples: 29710
2026-02-14 16:55:25 | INFO | Target column: Synergy_ZIP
2026-02-14 16:55:25 | INFO | Target standardization: True
2026-02-14 16:55:25 | INFO | Batch size: 64
2026-02-14 16:55:25 | INFO | Learning rate: 0.0001
2026-02-14 16:55:25 | INFO | Number of epochs: 100
2026-02-14 16:55:25 | INFO | Omics dimensions - mRNA: 23808, miRNA: 627, Proteomics: 3171
2026-02-14 16:55:25 | INFO | Running sanity check...
2026-02-14 16:55:25 | INFO | Drug1 embedding shape: torch.Size([768])
2026-02-14 16:55:25 | INFO | Drug2 embedding shape: torch.Size([768])
2026-02-14 16:55:25 | INFO | mRNA shape: torch.Size([23808])
2026-02-14 16:55:25 | INFO | miRNA shape: torch.Size([627])
2026-02-14 16:55:25 | INFO | Proteomics shape: torch.Size([3171])
2026-02-14 16:55:25 | INFO | Target shape: torch.Size([1])
2026-02-14 16:55:25 | INFO | Target sample: -0.1987028419971466
2026-02-14 16:55:25 | INFO | Train batches: 3250
2026-02-14 16:55:25 | INFO | Validation batches: 465
2026-02-14 16:55:25 | INFO | Initializing SynergyModel with MLP head...
2026-02-14 16:55:25 | INFO | Total parameters: 17,671,597
2026-02-14 16:55:25 | INFO | Trainable parameters: 17,671,597
2026-02-14 16:55:25 | INFO | ================================================================================
2026-02-14 16:55:25 | INFO | Starting Training
2026-02-14 16:55:25 | INFO | ================================================================================
2026-02-14 16:56:20 | INFO | Best model saved at epoch 1 with val_loss: 0.7056
2026-02-14 16:57:16 | INFO | Best model saved at epoch 2 with val_loss: 0.6472
2026-02-14 16:58:11 | INFO | Best model saved at epoch 3 with val_loss: 0.6205
2026-02-14 16:59:06 | INFO | Best model saved at epoch 4 with val_loss: 0.5866
2026-02-14 17:00:01 | INFO | Best model saved at epoch 5 with val_loss: 0.5756
2026-02-14 17:00:56 | INFO | Best model saved at epoch 6 with val_loss: 0.5612
2026-02-14 17:01:52 | INFO | Best model saved at epoch 7 with val_loss: 0.5472
2026-02-14 17:02:47 | INFO | Best model saved at epoch 8 with val_loss: 0.5431
2026-02-14 17:03:42 | INFO | Best model saved at epoch 9 with val_loss: 0.5215
2026-02-14 17:04:37 | INFO | Best model saved at epoch 10 with val_loss: 0.5140
2026-02-14 17:04:37 | INFO | Epoch 010/100 | Train: 0.4914 | Val: 0.5140 | Best Val: 0.5140 | RMSE: 3.8371 | SCC: 0.6531 | PCC: 0.7004
2026-02-14 17:06:29 | INFO | Best model saved at epoch 12 with val_loss: 0.4962
2026-02-14 17:07:24 | INFO | Best model saved at epoch 13 with val_loss: 0.4905
2026-02-14 17:08:19 | INFO | Best model saved at epoch 14 with val_loss: 0.4836
2026-02-14 17:09:15 | INFO | Best model saved at epoch 15 with val_loss: 0.4795
2026-02-14 17:10:10 | INFO | Best model saved at epoch 16 with val_loss: 0.4688
2026-02-14 17:11:59 | INFO | Best model saved at epoch 18 with val_loss: 0.4664
2026-02-14 17:12:55 | INFO | Best model saved at epoch 19 with val_loss: 0.4606
2026-02-14 17:13:49 | INFO | Epoch 020/100 | Train: 0.3865 | Val: 0.4650 | Best Val: 0.4606 | RMSE: 3.6457 | SCC: 0.6909 | PCC: 0.7386
2026-02-14 17:14:45 | INFO | Best model saved at epoch 21 with val_loss: 0.4539
2026-02-14 17:15:40 | INFO | Best model saved at epoch 22 with val_loss: 0.4539
2026-02-14 17:16:35 | INFO | Best model saved at epoch 23 with val_loss: 0.4453
2026-02-14 17:20:14 | INFO | Best model saved at epoch 27 with val_loss: 0.4371
2026-02-14 17:22:58 | INFO | Epoch 030/100 | Train: 0.3271 | Val: 0.4437 | Best Val: 0.4371 | RMSE: 3.5644 | SCC: 0.7030 | PCC: 0.7499
2026-02-14 17:23:53 | INFO | Best model saved at epoch 31 with val_loss: 0.4335
2026-02-14 17:25:43 | INFO | Best model saved at epoch 33 with val_loss: 0.4273
2026-02-14 17:27:33 | INFO | Best model saved at epoch 35 with val_loss: 0.4270
2026-02-14 17:28:28 | INFO | Best model saved at epoch 36 with val_loss: 0.4227
2026-02-14 17:32:07 | INFO | Epoch 040/100 | Train: 0.2902 | Val: 0.4257 | Best Val: 0.4227 | RMSE: 3.4927 | SCC: 0.7102 | PCC: 0.7602
2026-02-14 17:34:51 | INFO | Best model saved at epoch 43 with val_loss: 0.4226
2026-02-14 17:38:33 | INFO | Best model saved at epoch 47 with val_loss: 0.4219
2026-02-14 17:40:23 | INFO | Best model saved at epoch 49 with val_loss: 0.4215
2026-02-14 17:41:18 | INFO | Epoch 050/100 | Train: 0.2624 | Val: 0.4223 | Best Val: 0.4215 | RMSE: 3.4776 | SCC: 0.7128 | PCC: 0.7627
2026-02-14 17:43:08 | INFO | Best model saved at epoch 52 with val_loss: 0.4208
2026-02-14 17:44:03 | INFO | Best model saved at epoch 53 with val_loss: 0.4187
2026-02-14 17:48:37 | INFO | Best model saved at epoch 58 with val_loss: 0.4182
2026-02-14 17:49:32 | INFO | Best model saved at epoch 59 with val_loss: 0.4167
2026-02-14 17:50:27 | INFO | Epoch 060/100 | Train: 0.2411 | Val: 0.4206 | Best Val: 0.4167 | RMSE: 3.4690 | SCC: 0.7147 | PCC: 0.7652
2026-02-14 17:51:23 | INFO | Best model saved at epoch 61 with val_loss: 0.4129
2026-02-14 17:59:35 | INFO | Epoch 070/100 | Train: 0.2253 | Val: 0.4186 | Best Val: 0.4129 | RMSE: 3.4660 | SCC: 0.7158 | PCC: 0.7656
2026-02-14 18:09:15 | INFO | Epoch 080/100 | Train: 0.2121 | Val: 0.4182 | Best Val: 0.4129 | RMSE: 3.4614 | SCC: 0.7151 | PCC: 0.7660
2026-02-14 18:19:07 | INFO | Epoch 090/100 | Train: 0.2055 | Val: 0.4156 | Best Val: 0.4129 | RMSE: 3.4522 | SCC: 0.7152 | PCC: 0.7664
2026-02-14 18:28:59 | INFO | Epoch 100/100 | Train: 0.1962 | Val: 0.4199 | Best Val: 0.4129 | RMSE: 3.4707 | SCC: 0.7140 | PCC: 0.7639
2026-02-14 18:28:59 | INFO | ================================================================================
2026-02-14 18:28:59 | INFO | Training Complete
2026-02-14 18:28:59 | INFO | ================================================================================
2026-02-14 18:28:59 | INFO | Final train loss: 0.1962
2026-02-14 18:28:59 | INFO | Final validation loss: 0.4199
2026-02-14 18:28:59 | INFO | Best validation loss: 0.4129
2026-02-14 18:28:59 | INFO | Best validation loss (original scale): 11.8295
2026-02-14 18:28:59 | INFO | 
Best validation metrics (RMSE, SCC, PCC)
+--------+-------------+
| Metric |    Value    |
+--------+-------------+
|  RMSE  | 3.44 (0.02) |
|  SCC   | 0.72 (0.00) |
|  PCC   | 0.77 (0.00) |
+--------+-------------+

2026-02-14 18:28:59 | INFO | Metrics saved to /home/debnathk/drug-synergy/logs/mlp_std_random_Synergy_ZIP_e100_20260214_165524/metrics.json
2026-02-14 18:28:59 | INFO | Saving trained OmicsFusionModel weights...
2026-02-14 18:28:59 | INFO | OmicsFusionModel weights saved to /home/debnathk/drug-synergy/logs/mlp_std_random_Synergy_ZIP_e100_20260214_165524/omics_encoder.pt
2026-02-14 18:29:00 | INFO | OmicsFusionModel weights also saved to /home/debnathk/drug-synergy/data/models/omics_fusion_model_best.pt
2026-02-14 18:29:00 | INFO | Generating loss plot...
2026-02-14 18:29:00 | INFO | Loss plot saved to /home/debnathk/drug-synergy/logs/mlp_std_random_Synergy_ZIP_e100_20260214_165524/loss_plot_std.png
2026-02-14 18:29:00 | INFO | Loss plot also saved to /home/debnathk/drug-synergy/assets/loss_plot_std.png
2026-02-14 18:29:00 | INFO | ================================================================================
2026-02-14 18:29:00 | INFO | All outputs saved to: /home/debnathk/drug-synergy/logs/mlp_std_random_Synergy_ZIP_e100_20260214_165524
2026-02-14 18:29:00 | INFO | ================================================================================
