Job started on Mon Feb  9 11:01:34 PM EST 2026
Device: NVIDIA A100-PCIE-40GB

Best validation metrics (RMSE, SCC, PCC)
+--------+-------------+
| Metric |    Value    |
+--------+-------------+
|  RMSE  | 4.27 (0.03) |
|  SCC   | 0.60 (0.00) |
|  PCC   | 0.72 (0.01) |
+--------+-------------+

Device: cuda
Split type: random, evaluation split: test, target: Synergy_Bliss
Output directory: /home/debnathk/drug-synergy/logs/evaluation_20260210_011248

Loading data...
Loaded 59420 samples from test split (raw path: /home/debnathk/drug-synergy/data/raw/random)

============================================================
 Evaluating SynergyModel (Attention-based)
============================================================
Omics dimensions - mRNA: 23808, miRNA: 627, Proteomics: 3171
Auto-detected checkpoint: /home/debnathk/drug-synergy/logs/kan_std_random_Bliss_e100_20260209_230140/checkpoint_best.pt
Loaded SynergyModel from /home/debnathk/drug-synergy/logs/kan_std_random_Bliss_e100_20260209_230140/checkpoint_best.pt
  - Checkpoint epoch: 54
  - Checkpoint val_loss: 0.4884
  - Head type: kan, grid_size=5
  - Target standardization: Yes (mean=0.1273, std=6.1044)

Inverse transforming predictions from standardized space...

============================================================
 SynergyModel (Attention) - Evaluation Metrics
============================================================
Metric               Value               
----------------------------------------
MSE                  18.2260             
RMSE                 4.2692              
MAE                  3.1133              
R²                   0.5145              
Pearson r            0.7209              
Pearson p-value      0.00e+00            
Spearman ρ           0.5940              
Spearman p-value     0.00e+00            
============================================================


SynergyModel (Attention) - RMSE, SCC, PCC
+--------+-------------+
| Metric |    Value    |
+--------+-------------+
|  RMSE  | 4.27 (0.02) |
|  SCC   | 0.59 (0.00) |
|  PCC   | 0.72 (0.00) |
+--------+-------------+

Results saved to /home/debnathk/drug-synergy/logs/evaluation_20260210_011248/evaluation_results.json

Evaluation complete! Results saved to /home/debnathk/drug-synergy/logs/evaluation_20260210_011248

Best validation metrics (RMSE, SCC, PCC)
+--------+-------------+
| Metric |    Value    |
+--------+-------------+
|  RMSE  | 5.71 (0.06) |
|  SCC   | 0.18 (0.01) |
|  PCC   | 0.20 (0.01) |
+--------+-------------+

Device: cuda
Split type: cold_drug, evaluation split: test, target: Synergy_Bliss
Output directory: /home/debnathk/drug-synergy/logs/evaluation_20260210_032223

Loading data...
Loaded 61723 samples from test split (raw path: /home/debnathk/drug-synergy/data/raw/cold_drug)

============================================================
 Evaluating SynergyModel (Attention-based)
============================================================
Omics dimensions - mRNA: 23808, miRNA: 627, Proteomics: 3171
Auto-detected checkpoint: /home/debnathk/drug-synergy/logs/kan_std_cold_drug_Bliss_e100_20260210_011309/checkpoint_best.pt
Loaded SynergyModel from /home/debnathk/drug-synergy/logs/kan_std_cold_drug_Bliss_e100_20260210_011309/checkpoint_best.pt
  - Checkpoint epoch: 1
  - Checkpoint val_loss: 0.8784
  - Head type: kan, grid_size=5
  - Target standardization: Yes (mean=0.2305, std=6.0961)

Inverse transforming predictions from standardized space...

============================================================
 SynergyModel (Attention) - Evaluation Metrics
============================================================
Metric               Value               
----------------------------------------
MSE                  37.1768             
RMSE                 6.0973              
MAE                  4.3259              
R²                   0.0693              
Pearson r            0.2840              
Pearson p-value      0.00e+00            
Spearman ρ           0.2423              
Spearman p-value     0.00e+00            
============================================================


SynergyModel (Attention) - RMSE, SCC, PCC
+--------+-------------+
| Metric |    Value    |
+--------+-------------+
|  RMSE  | 6.10 (0.04) |
|  SCC   | 0.24 (0.00) |
|  PCC   | 0.28 (0.00) |
+--------+-------------+

Results saved to /home/debnathk/drug-synergy/logs/evaluation_20260210_032223/evaluation_results.json

Evaluation complete! Results saved to /home/debnathk/drug-synergy/logs/evaluation_20260210_032223

Best validation metrics (RMSE, SCC, PCC)
+--------+-------------+
| Metric |    Value    |
+--------+-------------+
|  RMSE  | 3.97 (0.03) |
|  SCC   | 0.65 (0.00) |
|  PCC   | 0.76 (0.00) |
+--------+-------------+

Device: cuda
Split type: random, evaluation split: test, target: Synergy_Bliss
Output directory: /home/debnathk/drug-synergy/logs/evaluation_20260210_051140

Loading data...
Loaded 59420 samples from test split (raw path: /home/debnathk/drug-synergy/data/raw/random)

============================================================
 Evaluating SynergyModel (Attention-based)
============================================================
Omics dimensions - mRNA: 23808, miRNA: 627, Proteomics: 3171
Auto-detected checkpoint: /home/debnathk/drug-synergy/logs/mlp_std_random_Bliss_e100_20260210_032244/checkpoint_best.pt
Loaded SynergyModel from /home/debnathk/drug-synergy/logs/mlp_std_random_Bliss_e100_20260210_032244/checkpoint_best.pt
  - Checkpoint epoch: 95
  - Checkpoint val_loss: 0.4228
  - Head type: mlp
  - Target standardization: Yes (mean=0.1273, std=6.1044)

Inverse transforming predictions from standardized space...

============================================================
 SynergyModel (Attention) - Evaluation Metrics
============================================================
Metric               Value               
----------------------------------------
MSE                  15.7004             
RMSE                 3.9624              
MAE                  2.8692              
R²                   0.5818              
Pearson r            0.7629              
Pearson p-value      0.00e+00            
Spearman ρ           0.6490              
Spearman p-value     0.00e+00            
============================================================


SynergyModel (Attention) - RMSE, SCC, PCC
+--------+-------------+
| Metric |    Value    |
+--------+-------------+
|  RMSE  | 3.97 (0.02) |
|  SCC   | 0.65 (0.00) |
|  PCC   | 0.76 (0.00) |
+--------+-------------+

Results saved to /home/debnathk/drug-synergy/logs/evaluation_20260210_051140/evaluation_results.json

Evaluation complete! Results saved to /home/debnathk/drug-synergy/logs/evaluation_20260210_051140

Best validation metrics (RMSE, SCC, PCC)
+--------+-------------+
| Metric |    Value    |
+--------+-------------+
|  RMSE  | 5.71 (0.06) |
|  SCC   | 0.25 (0.01) |
|  PCC   | 0.25 (0.01) |
+--------+-------------+

Device: cuda
Split type: cold_drug, evaluation split: test, target: Synergy_Bliss
Output directory: /home/debnathk/drug-synergy/logs/evaluation_20260210_065902

Loading data...
Loaded 61723 samples from test split (raw path: /home/debnathk/drug-synergy/data/raw/cold_drug)

============================================================
 Evaluating SynergyModel (Attention-based)
============================================================
Omics dimensions - mRNA: 23808, miRNA: 627, Proteomics: 3171
Auto-detected checkpoint: /home/debnathk/drug-synergy/logs/mlp_std_cold_drug_Bliss_e100_20260210_051159/checkpoint_best.pt
Loaded SynergyModel from /home/debnathk/drug-synergy/logs/mlp_std_cold_drug_Bliss_e100_20260210_051159/checkpoint_best.pt
  - Checkpoint epoch: 18
  - Checkpoint val_loss: 0.8776
  - Head type: mlp
  - Target standardization: Yes (mean=0.2305, std=6.0961)

Inverse transforming predictions from standardized space...

============================================================
 SynergyModel (Attention) - Evaluation Metrics
============================================================
Metric               Value               
----------------------------------------
MSE                  35.2911             
RMSE                 5.9406              
MAE                  4.2371              
R²                   0.1165              
Pearson r            0.3643              
Pearson p-value      0.00e+00            
Spearman ρ           0.3097              
Spearman p-value     0.00e+00            
============================================================


SynergyModel (Attention) - RMSE, SCC, PCC
+--------+-------------+
| Metric |    Value    |
+--------+-------------+
|  RMSE  | 5.94 (0.04) |
|  SCC   | 0.31 (0.00) |
|  PCC   | 0.36 (0.01) |
+--------+-------------+

Results saved to /home/debnathk/drug-synergy/logs/evaluation_20260210_065902/evaluation_results.json

Evaluation complete! Results saved to /home/debnathk/drug-synergy/logs/evaluation_20260210_065902

Best validation metrics (RMSE, SCC, PCC)
+--------+-------------+
| Metric |    Value    |
+--------+-------------+
|  RMSE  | 9.88 (0.08) |
|  SCC   | 0.65 (0.00) |
|  PCC   | 0.73 (0.00) |
+--------+-------------+

Device: cuda
Split type: random, evaluation split: test, target: Synergy_Loewe
Output directory: /home/debnathk/drug-synergy/logs/evaluation_20260210_090956

Loading data...
Loaded 59420 samples from test split (raw path: /home/debnathk/drug-synergy/data/raw/random)

============================================================
 Evaluating SynergyModel (Attention-based)
============================================================
Omics dimensions - mRNA: 23808, miRNA: 627, Proteomics: 3171
Auto-detected checkpoint: /home/debnathk/drug-synergy/logs/kan_std_random_Loewe_e100_20260210_065921/checkpoint_best.pt
Loaded SynergyModel from /home/debnathk/drug-synergy/logs/kan_std_random_Loewe_e100_20260210_065921/checkpoint_best.pt
  - Checkpoint epoch: 32
  - Checkpoint val_loss: 0.4588
  - Head type: kan, grid_size=5
  - Target standardization: Yes (mean=-9.1090, std=14.5873)

Inverse transforming predictions from standardized space...

============================================================
 SynergyModel (Attention) - Evaluation Metrics
============================================================
Metric               Value               
----------------------------------------
MSE                  101.8305            
RMSE                 10.0911             
MAE                  6.7023              
R²                   0.5191              
Pearson r            0.7226              
Pearson p-value      0.00e+00            
Spearman ρ           0.6474              
Spearman p-value     0.00e+00            
============================================================


SynergyModel (Attention) - RMSE, SCC, PCC
+--------+--------------+
| Metric |    Value     |
+--------+--------------+
|  RMSE  | 10.10 (0.06) |
|  SCC   | 0.65 (0.00)  |
|  PCC   | 0.72 (0.00)  |
+--------+--------------+

Results saved to /home/debnathk/drug-synergy/logs/evaluation_20260210_090956/evaluation_results.json

Evaluation complete! Results saved to /home/debnathk/drug-synergy/logs/evaluation_20260210_090956

Best validation metrics (RMSE, SCC, PCC)
+--------+--------------+
| Metric |    Value     |
+--------+--------------+
|  RMSE  | 14.44 (0.11) |
|  SCC   | 0.22 (0.01)  |
|  PCC   | 0.25 (0.01)  |
+--------+--------------+

Device: cuda
Split type: cold_drug, evaluation split: test, target: Synergy_Loewe
Output directory: /home/debnathk/drug-synergy/logs/evaluation_20260210_112000

Loading data...
Loaded 61723 samples from test split (raw path: /home/debnathk/drug-synergy/data/raw/cold_drug)

============================================================
 Evaluating SynergyModel (Attention-based)
============================================================
Omics dimensions - mRNA: 23808, miRNA: 627, Proteomics: 3171
Auto-detected checkpoint: /home/debnathk/drug-synergy/logs/kan_std_cold_drug_Loewe_e100_20260210_091017/checkpoint_best.pt
Loaded SynergyModel from /home/debnathk/drug-synergy/logs/kan_std_cold_drug_Loewe_e100_20260210_091017/checkpoint_best.pt
  - Checkpoint epoch: 4
  - Checkpoint val_loss: 0.9718
  - Head type: kan, grid_size=5
  - Target standardization: Yes (mean=-9.0538, std=14.6522)

Inverse transforming predictions from standardized space...

============================================================
 SynergyModel (Attention) - Evaluation Metrics
============================================================
Metric               Value               
----------------------------------------
MSE                  190.2045            
RMSE                 13.7915             
MAE                  9.5351              
R²                   0.0726              
Pearson r            0.3101              
Pearson p-value      0.00e+00            
Spearman ρ           0.2665              
Spearman p-value     0.00e+00            
============================================================


SynergyModel (Attention) - RMSE, SCC, PCC
+--------+--------------+
| Metric |    Value     |
+--------+--------------+
|  RMSE  | 13.79 (0.07) |
|  SCC   | 0.27 (0.00)  |
|  PCC   | 0.31 (0.00)  |
+--------+--------------+

Results saved to /home/debnathk/drug-synergy/logs/evaluation_20260210_112000/evaluation_results.json

Evaluation complete! Results saved to /home/debnathk/drug-synergy/logs/evaluation_20260210_112000

Best validation metrics (RMSE, SCC, PCC)
+--------+-------------+
| Metric |    Value    |
+--------+-------------+
|  RMSE  | 8.92 (0.08) |
|  SCC   | 0.72 (0.00) |
|  PCC   | 0.79 (0.00) |
+--------+-------------+

Device: cuda
Split type: random, evaluation split: test, target: Synergy_Loewe
Output directory: /home/debnathk/drug-synergy/logs/evaluation_20260210_130906

Loading data...
Loaded 59420 samples from test split (raw path: /home/debnathk/drug-synergy/data/raw/random)

============================================================
 Evaluating SynergyModel (Attention-based)
============================================================
Omics dimensions - mRNA: 23808, miRNA: 627, Proteomics: 3171
Auto-detected checkpoint: /home/debnathk/drug-synergy/logs/mlp_std_random_Loewe_e100_20260210_112021/checkpoint_best.pt
Loaded SynergyModel from /home/debnathk/drug-synergy/logs/mlp_std_random_Loewe_e100_20260210_112021/checkpoint_best.pt
  - Checkpoint epoch: 97
  - Checkpoint val_loss: 0.3742
  - Head type: mlp
  - Target standardization: Yes (mean=-9.1090, std=14.5873)

Inverse transforming predictions from standardized space...

============================================================
 SynergyModel (Attention) - Evaluation Metrics
============================================================
Metric               Value               
----------------------------------------
MSE                  83.4201             
RMSE                 9.1335              
MAE                  5.9799              
R²                   0.6061              
Pearson r            0.7791              
Pearson p-value      0.00e+00            
Spearman ρ           0.7154              
Spearman p-value     0.00e+00            
============================================================


SynergyModel (Attention) - RMSE, SCC, PCC
+--------+-------------+
| Metric |    Value    |
+--------+-------------+
|  RMSE  | 9.14 (0.07) |
|  SCC   | 0.72 (0.00) |
|  PCC   | 0.78 (0.00) |
+--------+-------------+

Results saved to /home/debnathk/drug-synergy/logs/evaluation_20260210_130906/evaluation_results.json

Evaluation complete! Results saved to /home/debnathk/drug-synergy/logs/evaluation_20260210_130906

Best validation metrics (RMSE, SCC, PCC)
+--------+--------------+
| Metric |    Value     |
+--------+--------------+
|  RMSE  | 14.47 (0.12) |
|  SCC   | 0.20 (0.01)  |
|  PCC   | 0.22 (0.01)  |
+--------+--------------+

Device: cuda
Split type: cold_drug, evaluation split: test, target: Synergy_Loewe
Output directory: /home/debnathk/drug-synergy/logs/evaluation_20260210_145738

Loading data...
Loaded 61723 samples from test split (raw path: /home/debnathk/drug-synergy/data/raw/cold_drug)

============================================================
 Evaluating SynergyModel (Attention-based)
============================================================
Omics dimensions - mRNA: 23808, miRNA: 627, Proteomics: 3171
Auto-detected checkpoint: /home/debnathk/drug-synergy/logs/mlp_std_cold_drug_Loewe_e100_20260210_130925/checkpoint_best.pt
Loaded SynergyModel from /home/debnathk/drug-synergy/logs/mlp_std_cold_drug_Loewe_e100_20260210_130925/checkpoint_best.pt
  - Checkpoint epoch: 1
  - Checkpoint val_loss: 0.9752
  - Head type: mlp
  - Target standardization: Yes (mean=-9.0538, std=14.6522)

Inverse transforming predictions from standardized space...

============================================================
 SynergyModel (Attention) - Evaluation Metrics
============================================================
Metric               Value               
----------------------------------------
MSE                  181.7666            
RMSE                 13.4821             
MAE                  9.1419              
R²                   0.1138              
Pearson r            0.3432              
Pearson p-value      0.00e+00            
Spearman ρ           0.3400              
Spearman p-value     0.00e+00            
============================================================


SynergyModel (Attention) - RMSE, SCC, PCC
+--------+--------------+
| Metric |    Value     |
+--------+--------------+
|  RMSE  | 13.48 (0.08) |
|  SCC   | 0.34 (0.00)  |
|  PCC   | 0.34 (0.00)  |
+--------+--------------+

Results saved to /home/debnathk/drug-synergy/logs/evaluation_20260210_145738/evaluation_results.json

Evaluation complete! Results saved to /home/debnathk/drug-synergy/logs/evaluation_20260210_145738
Job ended on Tue Feb 10 02:57:54 PM EST 2026
