Job started on Wed Feb 11 01:25:26 AM EST 2026
Device: NVIDIA A100-PCIE-40GB

Best validation metrics (RMSE, SCC, PCC)
+--------+-------------+
| Metric |    Value    |
+--------+-------------+
|  RMSE  | 3.74 (0.03) |
|  SCC   | 0.66 (0.00) |
|  PCC   | 0.72 (0.00) |
+--------+-------------+

Device: cuda
Split type: random, evaluation split: test, target: Synergy_ZIP
Output directory: /home/debnathk/drug-synergy/logs/evaluation_20260211_033454

Loading data...
Loaded 59420 samples from test split (raw path: /home/debnathk/drug-synergy/data/raw/random)

============================================================
 Evaluating SynergyModel (Attention-based)
============================================================
Omics dimensions - mRNA: 23808, miRNA: 627, Proteomics: 3171
Auto-detected checkpoint: /home/debnathk/drug-synergy/logs/kan_std_random_ZIP_e100_20260211_012532/checkpoint_best.pt
Loaded SynergyModel from /home/debnathk/drug-synergy/logs/kan_std_random_ZIP_e100_20260211_012532/checkpoint_best.pt
  - Checkpoint epoch: 35
  - Checkpoint val_loss: 0.4883
  - Head type: kan, grid_size=5
  - Target standardization: Yes (mean=-0.8427, std=5.3524)

Inverse transforming predictions from standardized space...

============================================================
 SynergyModel (Attention) - Evaluation Metrics
============================================================
Metric               Value               
----------------------------------------
MSE                  13.8601             
RMSE                 3.7229              
MAE                  2.7271              
R²                   0.5184              
Pearson r            0.7212              
Pearson p-value      0.00e+00            
Spearman ρ           0.6689              
Spearman p-value     0.00e+00            
============================================================


SynergyModel (Attention) - RMSE, SCC, PCC
+--------+-------------+
| Metric |    Value    |
+--------+-------------+
|  RMSE  | 3.72 (0.02) |
|  SCC   | 0.67 (0.00) |
|  PCC   | 0.72 (0.00) |
+--------+-------------+

Results saved to /home/debnathk/drug-synergy/logs/evaluation_20260211_033454/evaluation_results.json

Evaluation complete! Results saved to /home/debnathk/drug-synergy/logs/evaluation_20260211_033454

Best validation metrics (RMSE, SCC, PCC)
+--------+-------------+
| Metric |    Value    |
+--------+-------------+
|  RMSE  | 4.85 (0.04) |
|  SCC   | 0.28 (0.01) |
|  PCC   | 0.27 (0.01) |
+--------+-------------+

Device: cuda
Split type: cold_drug, evaluation split: test, target: Synergy_ZIP
Output directory: /home/debnathk/drug-synergy/logs/evaluation_20260211_053711

Loading data...
Loaded 61723 samples from test split (raw path: /home/debnathk/drug-synergy/data/raw/cold_drug)

============================================================
 Evaluating SynergyModel (Attention-based)
============================================================
Omics dimensions - mRNA: 23808, miRNA: 627, Proteomics: 3171
Auto-detected checkpoint: /home/debnathk/drug-synergy/logs/kan_std_cold_drug_ZIP_e100_20260211_033513/checkpoint_best.pt
Loaded SynergyModel from /home/debnathk/drug-synergy/logs/kan_std_cold_drug_ZIP_e100_20260211_033513/checkpoint_best.pt
  - Checkpoint epoch: 5
  - Checkpoint val_loss: 0.8045
  - Head type: kan, grid_size=5
  - Target standardization: Yes (mean=-0.7900, std=5.4054)

Inverse transforming predictions from standardized space...

============================================================
 SynergyModel (Attention) - Evaluation Metrics
============================================================
Metric               Value               
----------------------------------------
MSE                  25.4459             
RMSE                 5.0444              
MAE                  3.7413              
R²                   0.1330              
Pearson r            0.3803              
Pearson p-value      0.00e+00            
Spearman ρ           0.3509              
Spearman p-value     0.00e+00            
============================================================


SynergyModel (Attention) - RMSE, SCC, PCC
+--------+-------------+
| Metric |    Value    |
+--------+-------------+
|  RMSE  | 5.04 (0.02) |
|  SCC   | 0.35 (0.00) |
|  PCC   | 0.38 (0.00) |
+--------+-------------+

Results saved to /home/debnathk/drug-synergy/logs/evaluation_20260211_053711/evaluation_results.json

Evaluation complete! Results saved to /home/debnathk/drug-synergy/logs/evaluation_20260211_053711

Best validation metrics (RMSE, SCC, PCC)
+--------+-------------+
| Metric |    Value    |
+--------+-------------+
|  RMSE  | 3.47 (0.02) |
|  SCC   | 0.71 (0.00) |
|  PCC   | 0.76 (0.00) |
+--------+-------------+

Device: cuda
Split type: random, evaluation split: test, target: Synergy_ZIP
Output directory: /home/debnathk/drug-synergy/logs/evaluation_20260211_071829

Loading data...
Loaded 59420 samples from test split (raw path: /home/debnathk/drug-synergy/data/raw/random)

============================================================
 Evaluating SynergyModel (Attention-based)
============================================================
Omics dimensions - mRNA: 23808, miRNA: 627, Proteomics: 3171
Auto-detected checkpoint: /home/debnathk/drug-synergy/logs/mlp_std_random_ZIP_e100_20260211_053730/checkpoint_best.pt
Loaded SynergyModel from /home/debnathk/drug-synergy/logs/mlp_std_random_ZIP_e100_20260211_053730/checkpoint_best.pt
  - Checkpoint epoch: 93
  - Checkpoint val_loss: 0.4197
  - Head type: mlp
  - Target standardization: Yes (mean=-0.8427, std=5.3524)

Inverse transforming predictions from standardized space...

============================================================
 SynergyModel (Attention) - Evaluation Metrics
============================================================
Metric               Value               
----------------------------------------
MSE                  12.0317             
RMSE                 3.4687              
MAE                  2.5088              
R²                   0.5820              
Pearson r            0.7629              
Pearson p-value      0.00e+00            
Spearman ρ           0.7131              
Spearman p-value     0.00e+00            
============================================================


SynergyModel (Attention) - RMSE, SCC, PCC
+--------+-------------+
| Metric |    Value    |
+--------+-------------+
|  RMSE  | 3.47 (0.02) |
|  SCC   | 0.71 (0.00) |
|  PCC   | 0.76 (0.00) |
+--------+-------------+

Results saved to /home/debnathk/drug-synergy/logs/evaluation_20260211_071829/evaluation_results.json

Evaluation complete! Results saved to /home/debnathk/drug-synergy/logs/evaluation_20260211_071829

Best validation metrics (RMSE, SCC, PCC)
+--------+-------------+
| Metric |    Value    |
+--------+-------------+
|  RMSE  | 4.66 (0.04) |
|  SCC   | 0.31 (0.01) |
|  PCC   | 0.30 (0.01) |
+--------+-------------+

Device: cuda
Split type: cold_drug, evaluation split: test, target: Synergy_ZIP
Output directory: /home/debnathk/drug-synergy/logs/evaluation_20260211_085753

Loading data...
Loaded 61723 samples from test split (raw path: /home/debnathk/drug-synergy/data/raw/cold_drug)

============================================================
 Evaluating SynergyModel (Attention-based)
============================================================
Omics dimensions - mRNA: 23808, miRNA: 627, Proteomics: 3171
Auto-detected checkpoint: /home/debnathk/drug-synergy/logs/mlp_std_cold_drug_ZIP_e100_20260211_071846/checkpoint_best.pt
Loaded SynergyModel from /home/debnathk/drug-synergy/logs/mlp_std_cold_drug_ZIP_e100_20260211_071846/checkpoint_best.pt
  - Checkpoint epoch: 3
  - Checkpoint val_loss: 0.7445
  - Head type: mlp
  - Target standardization: Yes (mean=-0.7900, std=5.4054)

Inverse transforming predictions from standardized space...

============================================================
 SynergyModel (Attention) - Evaluation Metrics
============================================================
Metric               Value               
----------------------------------------
MSE                  24.9812             
RMSE                 4.9981              
MAE                  3.6407              
R²                   0.1488              
Pearson r            0.3877              
Pearson p-value      0.00e+00            
Spearman ρ           0.3770              
Spearman p-value     0.00e+00            
============================================================


SynergyModel (Attention) - RMSE, SCC, PCC
+--------+-------------+
| Metric |    Value    |
+--------+-------------+
|  RMSE  | 4.99 (0.02) |
|  SCC   | 0.38 (0.00) |
|  PCC   | 0.39 (0.00) |
+--------+-------------+

Results saved to /home/debnathk/drug-synergy/logs/evaluation_20260211_085753/evaluation_results.json

Evaluation complete! Results saved to /home/debnathk/drug-synergy/logs/evaluation_20260211_085753
Job ended on Wed Feb 11 08:58:08 AM EST 2026
