Job started on Thu Feb  5 02:46:19 PM EST 2026
Device: NVIDIA A100-PCIE-40GB

Best validation metrics (RMSE, SCC, PCC)
+--------+---------------+
| Metric |     Value     |
+--------+---------------+
|  RMSE  | 3.475 (0.023) |
|  SCC   | 0.712 (0.003) |
|  PCC   | 0.764 (0.004) |
+--------+---------------+

Device: cuda
Split type: random, evaluation split: test, target: Synergy_ZIP
Output directory: /home/debnathk/drug-synergy/logs/evaluation_20260205_162728

Loading data...
Loaded 59420 samples from test split (raw path: /home/debnathk/drug-synergy/data/raw/random)

============================================================
 Evaluating SynergyModel (Attention-based)
============================================================
Omics dimensions - mRNA: 23808, miRNA: 627, Proteomics: 3171
Auto-detected checkpoint: /home/debnathk/drug-synergy/logs/kan_std_random_20260129_183527/checkpoint_best.pt
Loaded SynergyModel from /home/debnathk/drug-synergy/logs/kan_std_random_20260129_183527/checkpoint_best.pt
  - Checkpoint epoch: 45
  - Checkpoint val_loss: 0.4897
  - Head type: kan, grid_size=5
  - Target standardization: Yes (mean=-0.8427, std=5.3524)

Inverse transforming predictions from standardized space...

============================================================
 SynergyModel (Attention) - Evaluation Metrics
============================================================
Metric               Value               
----------------------------------------
MSE                  13.9889             
RMSE                 3.7402              
MAE                  2.7460              
R²                   0.5140              
Pearson r            0.7216              
Pearson p-value      0.00e+00            
Spearman ρ           0.6686              
Spearman p-value     0.00e+00            
============================================================


SynergyModel (Attention) - RMSE, SCC, PCC
+--------+-------------+
| Metric |    Value    |
+--------+-------------+
|  RMSE  | 3.74 (0.02) |
|  SCC   | 0.67 (0.00) |
|  PCC   | 0.72 (0.00) |
+--------+-------------+

Results saved to /home/debnathk/drug-synergy/logs/evaluation_20260205_162728/evaluation_results.json

Evaluation complete! Results saved to /home/debnathk/drug-synergy/logs/evaluation_20260205_162728
Job ended on Thu Feb  5 04:27:43 PM EST 2026
