Job started on Fri Feb  6 12:24:03 AM EST 2026
Device: NVIDIA A100-PCIE-40GB

Best validation metrics (RMSE, SCC, PCC)
+--------+-------------+
| Metric |    Value    |
+--------+-------------+
|  RMSE  | 4.87 (0.03) |
|  SCC   | 0.27 (0.01) |
|  PCC   | 0.24 (0.01) |
+--------+-------------+

Device: cuda
Split type: cold_drug, evaluation split: test, target: Synergy_ZIP
Output directory: /home/debnathk/drug-synergy/logs/evaluation_20260206_022542

Loading data...
Loaded 61723 samples from test split (raw path: /home/debnathk/drug-synergy/data/raw/cold_drug)

============================================================
 Evaluating SynergyModel (Attention-based)
============================================================
Omics dimensions - mRNA: 23808, miRNA: 627, Proteomics: 3171
Auto-detected checkpoint: /home/debnathk/drug-synergy/logs/kan_std_cold_drug_20260206_002409/checkpoint_best.pt
Loaded SynergyModel from /home/debnathk/drug-synergy/logs/kan_std_cold_drug_20260206_002409/checkpoint_best.pt
  - Checkpoint epoch: 0
  - Checkpoint val_loss: 0.8132
  - Head type: kan, grid_size=5
  - Target standardization: Yes (mean=-0.7900, std=5.4054)

Inverse transforming predictions from standardized space...

============================================================
 SynergyModel (Attention) - Evaluation Metrics
============================================================
Metric               Value               
----------------------------------------
MSE                  24.2918             
RMSE                 4.9287              
MAE                  3.6172              
R²                   0.1723              
Pearson r            0.4156              
Pearson p-value      0.00e+00            
Spearman ρ           0.3889              
Spearman p-value     0.00e+00            
============================================================


SynergyModel (Attention) - RMSE, SCC, PCC
+--------+-------------+
| Metric |    Value    |
+--------+-------------+
|  RMSE  | 4.93 (0.02) |
|  SCC   | 0.39 (0.00) |
|  PCC   | 0.42 (0.00) |
+--------+-------------+

Results saved to /home/debnathk/drug-synergy/logs/evaluation_20260206_022542/evaluation_results.json

Evaluation complete! Results saved to /home/debnathk/drug-synergy/logs/evaluation_20260206_022542

Best validation metrics (RMSE, SCC, PCC)
+--------+-------------+
| Metric |    Value    |
+--------+-------------+
|  RMSE  | 4.71 (0.04) |
|  SCC   | 0.32 (0.01) |
|  PCC   | 0.31 (0.01) |
+--------+-------------+

Device: cuda
Split type: cold_drug, evaluation split: test, target: Synergy_ZIP
Output directory: /home/debnathk/drug-synergy/logs/evaluation_20260206_040511

Loading data...
Loaded 61723 samples from test split (raw path: /home/debnathk/drug-synergy/data/raw/cold_drug)

============================================================
 Evaluating SynergyModel (Attention-based)
============================================================
Omics dimensions - mRNA: 23808, miRNA: 627, Proteomics: 3171
Auto-detected checkpoint: /home/debnathk/drug-synergy/logs/mlp_std_cold_drug_20260206_022601/checkpoint_best.pt
Loaded SynergyModel from /home/debnathk/drug-synergy/logs/mlp_std_cold_drug_20260206_022601/checkpoint_best.pt
  - Checkpoint epoch: 13
  - Checkpoint val_loss: 0.7614
  - Head type: mlp
  - Target standardization: Yes (mean=-0.7900, std=5.4054)

Inverse transforming predictions from standardized space...

============================================================
 SynergyModel (Attention) - Evaluation Metrics
============================================================
Metric               Value               
----------------------------------------
MSE                  24.4262             
RMSE                 4.9423              
MAE                  3.6319              
R²                   0.1677              
Pearson r            0.4163              
Pearson p-value      0.00e+00            
Spearman ρ           0.3860              
Spearman p-value     0.00e+00            
============================================================


SynergyModel (Attention) - RMSE, SCC, PCC
+--------+-------------+
| Metric |    Value    |
+--------+-------------+
|  RMSE  | 4.94 (0.02) |
|  SCC   | 0.39 (0.00) |
|  PCC   | 0.42 (0.00) |
+--------+-------------+

Results saved to /home/debnathk/drug-synergy/logs/evaluation_20260206_040511/evaluation_results.json

Evaluation complete! Results saved to /home/debnathk/drug-synergy/logs/evaluation_20260206_040511
Job ended on Fri Feb  6 04:05:25 AM EST 2026
