Job started on Thu Jan 29 06:35:21 PM EST 2026
Device: NVIDIA A100-PCIE-40GB

Best validation metrics (RMSE, SCC, PCC)
+--------+-----------------+
| Metric |      Value      |
+--------+-----------------+
|  RMSE  | 3.7453 (0.0238) |
|  SCC   | 0.6654 (0.0034) |
|  PCC   | 0.7223 (0.0047) |
+--------+-----------------+

Device: cuda
Split type: random, evaluation split: test, target: Synergy_ZIP
Output directory: /home/debnathk/drug-synergy/logs/evaluation_20260129_203546

Loading data...
Loaded 59420 samples from test split (raw path: /home/debnathk/drug-synergy/data/raw/random)

============================================================
 Evaluating SynergyModel (Attention-based)
============================================================
Omics dimensions - mRNA: 23808, miRNA: 627, Proteomics: 3171
Auto-detected checkpoint: /home/debnathk/drug-synergy/logs/kan_std_random_20260129_183527/checkpoint_best.pt
Loaded SynergyModel from /home/debnathk/drug-synergy/logs/kan_std_random_20260129_183527/checkpoint_best.pt
  - Checkpoint epoch: 45
  - Checkpoint val_loss: 0.4897
  - Head type: kan, grid_size=5
  - Target standardization: Yes (mean=-0.8427, std=5.3524)

Inverse transforming predictions from standardized space...

============================================================
 SynergyModel (Attention) - Evaluation Metrics
============================================================
Metric               Value               
----------------------------------------
MSE                  13.9889             
RMSE                 3.7402              
MAE                  2.7460              
R²                   0.5140              
Pearson r            0.7216              
Pearson p-value      0.00e+00            
Spearman ρ           0.6686              
Spearman p-value     0.00e+00            
============================================================


SynergyModel (Attention) - RMSE, SCC, PCC
+--------+-----------------+
| Metric |      Value      |
+--------+-----------------+
|  RMSE  | 3.7397 (0.0180) |
|  SCC   | 0.6685 (0.0027) |
|  PCC   | 0.7217 (0.0030) |
+--------+-----------------+

Results saved to /home/debnathk/drug-synergy/logs/evaluation_20260129_203546/evaluation_results.json

Evaluation complete! Results saved to /home/debnathk/drug-synergy/logs/evaluation_20260129_203546
Job ended on Thu Jan 29 08:36:00 PM EST 2026
