Job started on Thu Jan 29 05:00:40 PM EST 2026
Device: NVIDIA A100-PCIE-40GB
Train data already exists at /home/debnathk/drug-synergy/data/raw/random/train_split.pkl
Validation data already exists at /home/debnathk/drug-synergy/data/raw/random/val_split.pkl
Test data already exists at /home/debnathk/drug-synergy/data/raw/random/test_split.pkl
Train data already exists at /home/debnathk/drug-synergy/data/raw/cold_drug/train_split.pkl
Validation data already exists at /home/debnathk/drug-synergy/data/raw/cold_drug/val_split.pkl
Test data already exists at /home/debnathk/drug-synergy/data/raw/cold_drug/test_split.pkl
Drug embeddings type and shape: <class 'torch.Tensor'> ,torch.Size([768])
Embeddings generated and saved to /home/debnathk/drug-synergy/data/embeddings/drug_embeddings_random.pt
Drug embeddings type and shape: <class 'torch.Tensor'> ,torch.Size([768])
Embeddings generated and saved to /home/debnathk/drug-synergy/data/embeddings/drug_embeddings_cold_drug.pt

Best validation metrics (RMSE, SCC, PCC)
+--------+-----------------+
| Metric |      Value      |
+--------+-----------------+
|  RMSE  | 4.0005 (0.0288) |
|  SCC   | 0.6184 (0.0041) |
|  PCC   | 0.6681 (0.0050) |
+--------+-----------------+

Device: cuda
Split type: random, evaluation split: test, target: Synergy_ZIP
Output directory: /home/debnathk/drug-synergy/logs/evaluation_20260129_171338

Loading data...
Loaded 59420 samples from test split (raw path: /home/debnathk/drug-synergy/data/raw/random)

============================================================
 Evaluating SynergyModel (Attention-based)
============================================================
Omics dimensions - mRNA: 23808, miRNA: 627, Proteomics: 3171
Job ended on Thu Jan 29 05:13:39 PM EST 2026
