Job started on Fri Feb  6 12:14:48 PM EST 2026
Device: NVIDIA A100-PCIE-40GB

Best validation metrics (RMSE, SCC, PCC)
+--------+-------------+
| Metric |    Value    |
+--------+-------------+
|  RMSE  | 4.03 (0.03) |
|  SCC   | 0.63 (0.00) |
|  PCC   | 0.74 (0.00) |
+--------+-------------+

Device: cuda
Split type: random, evaluation split: test, target: Synergy_HSA
Output directory: /home/debnathk/drug-synergy/logs/evaluation_20260206_141506

Loading data...
Loaded 59420 samples from test split (raw path: /home/debnathk/drug-synergy/data/raw/random)

============================================================
 Evaluating SynergyModel (Attention-based)
============================================================
Omics dimensions - mRNA: 23808, miRNA: 627, Proteomics: 3171
Auto-detected checkpoint: /home/debnathk/drug-synergy/logs/kan_std_random_HSA_e100_20260206_121454/checkpoint_best.pt
Loaded SynergyModel from /home/debnathk/drug-synergy/logs/kan_std_random_HSA_e100_20260206_121454/checkpoint_best.pt
  - Checkpoint epoch: 41
  - Checkpoint val_loss: 0.4625
  - Head type: kan, grid_size=5
  - Target standardization: Yes (mean=-0.4388, std=5.9223)

Inverse transforming predictions from standardized space...

============================================================
 SynergyModel (Attention) - Evaluation Metrics
============================================================
Metric               Value               
----------------------------------------
MSE                  16.0572             
RMSE                 4.0071              
MAE                  2.9095              
R²                   0.5476              
Pearson r            0.7410              
Pearson p-value      0.00e+00            
Spearman ρ           0.6313              
Spearman p-value     0.00e+00            
============================================================


SynergyModel (Attention) - RMSE, SCC, PCC
+--------+-------------+
| Metric |    Value    |
+--------+-------------+
|  RMSE  | 4.01 (0.02) |
|  SCC   | 0.63 (0.00) |
|  PCC   | 0.74 (0.00) |
+--------+-------------+

Results saved to /home/debnathk/drug-synergy/logs/evaluation_20260206_141506/evaluation_results.json

Evaluation complete! Results saved to /home/debnathk/drug-synergy/logs/evaluation_20260206_141506

Best validation metrics (RMSE, SCC, PCC)
+--------+-------------+
| Metric |    Value    |
+--------+-------------+
|  RMSE  | 5.57 (0.06) |
|  SCC   | 0.25 (0.01) |
|  PCC   | 0.26 (0.01) |
+--------+-------------+

Device: cuda
Split type: cold_drug, evaluation split: test, target: Synergy_HSA
Output directory: /home/debnathk/drug-synergy/logs/evaluation_20260206_161438

Loading data...
Loaded 61723 samples from test split (raw path: /home/debnathk/drug-synergy/data/raw/cold_drug)

============================================================
 Evaluating SynergyModel (Attention-based)
============================================================
Omics dimensions - mRNA: 23808, miRNA: 627, Proteomics: 3171
Auto-detected checkpoint: /home/debnathk/drug-synergy/logs/kan_std_cold_drug_HSA_e100_20260206_141524/checkpoint_best.pt
Loaded SynergyModel from /home/debnathk/drug-synergy/logs/kan_std_cold_drug_HSA_e100_20260206_141524/checkpoint_best.pt
  - Checkpoint epoch: 2
  - Checkpoint val_loss: 0.8958
  - Head type: kan, grid_size=5
  - Target standardization: Yes (mean=-0.3370, std=5.8735)

Inverse transforming predictions from standardized space...

============================================================
 SynergyModel (Attention) - Evaluation Metrics
============================================================
Metric               Value               
----------------------------------------
MSE                  34.4506             
RMSE                 5.8695              
MAE                  4.1493              
R²                   0.1088              
Pearson r            0.3373              
Pearson p-value      0.00e+00            
Spearman ρ           0.3141              
Spearman p-value     0.00e+00            
============================================================


SynergyModel (Attention) - RMSE, SCC, PCC
+--------+-------------+
| Metric |    Value    |
+--------+-------------+
|  RMSE  | 5.87 (0.04) |
|  SCC   | 0.31 (0.00) |
|  PCC   | 0.34 (0.00) |
+--------+-------------+

Results saved to /home/debnathk/drug-synergy/logs/evaluation_20260206_161438/evaluation_results.json

Evaluation complete! Results saved to /home/debnathk/drug-synergy/logs/evaluation_20260206_161438

Best validation metrics (RMSE, SCC, PCC)
+--------+-------------+
| Metric |    Value    |
+--------+-------------+
|  RMSE  | 3.66 (0.04) |
|  SCC   | 0.70 (0.00) |
|  PCC   | 0.79 (0.00) |
+--------+-------------+

Device: cuda
Split type: random, evaluation split: test, target: Synergy_HSA
Output directory: /home/debnathk/drug-synergy/logs/evaluation_20260206_175331

Loading data...
Loaded 59420 samples from test split (raw path: /home/debnathk/drug-synergy/data/raw/random)

============================================================
 Evaluating SynergyModel (Attention-based)
============================================================
Omics dimensions - mRNA: 23808, miRNA: 627, Proteomics: 3171
Auto-detected checkpoint: /home/debnathk/drug-synergy/logs/mlp_std_random_HSA_e100_20260206_161457/checkpoint_best.pt
Loaded SynergyModel from /home/debnathk/drug-synergy/logs/mlp_std_random_HSA_e100_20260206_161457/checkpoint_best.pt
  - Checkpoint epoch: 99
  - Checkpoint val_loss: 0.3812
  - Head type: mlp
  - Target standardization: Yes (mean=-0.4388, std=5.9223)

Inverse transforming predictions from standardized space...

============================================================
 SynergyModel (Attention) - Evaluation Metrics
============================================================
Metric               Value               
----------------------------------------
MSE                  13.1849             
RMSE                 3.6311              
MAE                  2.6226              
R²                   0.6286              
Pearson r            0.7931              
Pearson p-value      0.00e+00            
Spearman ρ           0.6966              
Spearman p-value     0.00e+00            
============================================================


SynergyModel (Attention) - RMSE, SCC, PCC
+--------+-------------+
| Metric |    Value    |
+--------+-------------+
|  RMSE  | 3.63 (0.02) |
|  SCC   | 0.70 (0.00) |
|  PCC   | 0.79 (0.00) |
+--------+-------------+

Results saved to /home/debnathk/drug-synergy/logs/evaluation_20260206_175331/evaluation_results.json

Evaluation complete! Results saved to /home/debnathk/drug-synergy/logs/evaluation_20260206_175331

Best validation metrics (RMSE, SCC, PCC)
+--------+-------------+
| Metric |    Value    |
+--------+-------------+
|  RMSE  | 5.54 (0.06) |
|  SCC   | 0.25 (0.01) |
|  PCC   | 0.24 (0.01) |
+--------+-------------+

Device: cuda
Split type: cold_drug, evaluation split: test, target: Synergy_HSA
Output directory: /home/debnathk/drug-synergy/logs/evaluation_20260206_193152

Loading data...
Loaded 61723 samples from test split (raw path: /home/debnathk/drug-synergy/data/raw/cold_drug)

============================================================
 Evaluating SynergyModel (Attention-based)
============================================================
Omics dimensions - mRNA: 23808, miRNA: 627, Proteomics: 3171
Auto-detected checkpoint: /home/debnathk/drug-synergy/logs/mlp_std_cold_drug_HSA_e100_20260206_175348/checkpoint_best.pt
Loaded SynergyModel from /home/debnathk/drug-synergy/logs/mlp_std_cold_drug_HSA_e100_20260206_175348/checkpoint_best.pt
  - Checkpoint epoch: 1
  - Checkpoint val_loss: 0.8897
  - Head type: mlp
  - Target standardization: Yes (mean=-0.3370, std=5.8735)

Inverse transforming predictions from standardized space...

============================================================
 SynergyModel (Attention) - Evaluation Metrics
============================================================
Metric               Value               
----------------------------------------
MSE                  33.9577             
RMSE                 5.8273              
MAE                  4.0756              
R²                   0.1215              
Pearson r            0.3497              
Pearson p-value      0.00e+00            
Spearman ρ           0.3504              
Spearman p-value     0.00e+00            
============================================================


SynergyModel (Attention) - RMSE, SCC, PCC
+--------+-------------+
| Metric |    Value    |
+--------+-------------+
|  RMSE  | 5.82 (0.04) |
|  SCC   | 0.35 (0.00) |
|  PCC   | 0.35 (0.00) |
+--------+-------------+

Results saved to /home/debnathk/drug-synergy/logs/evaluation_20260206_193152/evaluation_results.json

Evaluation complete! Results saved to /home/debnathk/drug-synergy/logs/evaluation_20260206_193152
Job ended on Fri Feb  6 07:32:06 PM EST 2026
