Job started on Fri Feb 13 08:26:44 PM EST 2026
Device: NVIDIA A100-PCIE-40GB

Best validation metrics (RMSE, SCC, PCC)
+--------+-------------+
| Metric |    Value    |
+--------+-------------+
|  RMSE  | 3.72 (0.02) |
|  SCC   | 0.67 (0.00) |
|  PCC   | 0.73 (0.00) |
+--------+-------------+

Device: cuda
Split type: random, evaluation split: test, target: Synergy_ZIP
Output directory: /home/debnathk/drug-synergy/logs/evaluation_20260213_222516

Loading data...
Loaded 59420 samples from test split (raw path: /home/debnathk/drug-synergy/data/raw/random)

============================================================
 Evaluating SynergyModel (Attention-based)
============================================================
Omics dimensions - mRNA: 23808, miRNA: 627, Proteomics: 3171
Auto-detected checkpoint: /home/debnathk/drug-synergy/logs/kan_std_random_ZIP_e100_20260213_202650/checkpoint_best.pt
Loaded SynergyModel from /home/debnathk/drug-synergy/logs/kan_std_random_ZIP_e100_20260213_202650/checkpoint_best.pt
  - Checkpoint epoch: 50
  - Checkpoint val_loss: 0.4825
  - Head type: kan, grid_size=5
  - Target standardization: Yes (mean=-0.8427, std=5.3524)

Inverse transforming predictions from standardized space...

============================================================
 SynergyModel (Attention) - Evaluation Metrics
============================================================
Metric               Value               
----------------------------------------
MSE                  14.0982             
RMSE                 3.7548              
MAE                  2.7572              
R²                   0.5102              
Pearson r            0.7177              
Pearson p-value      0.00e+00            
Spearman ρ           0.6639              
Spearman p-value     0.00e+00            
============================================================


SynergyModel (Attention) - RMSE, SCC, PCC
+--------+-------------+
| Metric |    Value    |
+--------+-------------+
|  RMSE  | 3.76 (0.02) |
|  SCC   | 0.66 (0.00) |
|  PCC   | 0.72 (0.00) |
+--------+-------------+

Results saved to /home/debnathk/drug-synergy/logs/evaluation_20260213_222516/evaluation_results.json

Evaluation complete! Results saved to /home/debnathk/drug-synergy/logs/evaluation_20260213_222516
Job ended on Fri Feb 13 10:25:31 PM EST 2026
