Job started on Sat Feb 14 01:06:38 PM EST 2026
Device: NVIDIA A100-PCIE-40GB
====== TRAIN: kan_std_random_Synergy_ZIP_e100 ======

Best validation metrics (RMSE, SCC, PCC)
+--------+-------------+
| Metric |    Value    |
+--------+-------------+
|  RMSE  | 3.74 (0.02) |
|  SCC   | 0.67 (0.00) |
|  PCC   | 0.72 (0.00) |
+--------+-------------+

====== EVAL: kan_std_random_Synergy_ZIP_e100 ======
Device: cuda
Split type: random, evaluation split: test, target: Synergy_ZIP
Output directory: /home/debnathk/drug-synergy/logs/evaluation_20260214_150347

Loading data...
Loaded 59420 samples from test split (raw path: /home/debnathk/drug-synergy/data/raw/random)

============================================================
 Evaluating SynergyModel (Attention-based)
============================================================
Omics dimensions - mRNA: 23808, miRNA: 627, Proteomics: 3171
Auto-detected checkpoint: /home/debnathk/drug-synergy/logs/kan_std_random_Synergy_ZIP_e100_20260214_130644/checkpoint_best.pt
Loaded SynergyModel from /home/debnathk/drug-synergy/logs/kan_std_random_Synergy_ZIP_e100_20260214_130644/checkpoint_best.pt
  - Checkpoint epoch: 42
  - Checkpoint val_loss: 0.4887
  - Head type: kan, grid_size=5
  - Target standardization: Yes (mean=-0.8427, std=5.3524)

Inverse transforming predictions from standardized space...

============================================================
 SynergyModel (Attention) - Evaluation Metrics
============================================================
Metric               Value               
----------------------------------------
MSE                  13.9367             
RMSE                 3.7332              
MAE                  2.7309              
R²                   0.5158              
Pearson r            0.7205              
Pearson p-value      0.00e+00            
Spearman ρ           0.6687              
Spearman p-value     0.00e+00            
============================================================


SynergyModel (Attention) - RMSE, SCC, PCC
+--------+-------------+
| Metric |    Value    |
+--------+-------------+
|  RMSE  | 3.73 (0.02) |
|  SCC   | 0.67 (0.00) |
|  PCC   | 0.72 (0.00) |
+--------+-------------+

Results saved to /home/debnathk/drug-synergy/logs/evaluation_20260214_150347/evaluation_results.json

Evaluation complete! Results saved to /home/debnathk/drug-synergy/logs/evaluation_20260214_150347

====== TRAIN: kan_std_cold_drug_Synergy_ZIP_e100 ======

Best validation metrics (RMSE, SCC, PCC)
+--------+-------------+
| Metric |    Value    |
+--------+-------------+
|  RMSE  | 4.79 (0.03) |
|  SCC   | 0.28 (0.01) |
|  PCC   | 0.28 (0.01) |
+--------+-------------+

====== EVAL: kan_std_cold_drug_Synergy_ZIP_e100 ======
Device: cuda
Split type: cold_drug, evaluation split: test, target: Synergy_ZIP
Output directory: /home/debnathk/drug-synergy/logs/evaluation_20260214_165506

Loading data...
Loaded 61723 samples from test split (raw path: /home/debnathk/drug-synergy/data/raw/cold_drug)

============================================================
 Evaluating SynergyModel (Attention-based)
============================================================
Omics dimensions - mRNA: 23808, miRNA: 627, Proteomics: 3171
Auto-detected checkpoint: /home/debnathk/drug-synergy/logs/kan_std_cold_drug_Synergy_ZIP_e100_20260214_150405/checkpoint_best.pt
Loaded SynergyModel from /home/debnathk/drug-synergy/logs/kan_std_cold_drug_Synergy_ZIP_e100_20260214_150405/checkpoint_best.pt
  - Checkpoint epoch: 1
  - Checkpoint val_loss: 0.7859
  - Head type: kan, grid_size=5
  - Target standardization: Yes (mean=-0.7900, std=5.4054)

Inverse transforming predictions from standardized space...

============================================================
 SynergyModel (Attention) - Evaluation Metrics
============================================================
Metric               Value               
----------------------------------------
MSE                  24.8944             
RMSE                 4.9894              
MAE                  3.6650              
R²                   0.1518              
Pearson r            0.3935              
Pearson p-value      0.00e+00            
Spearman ρ           0.3634              
Spearman p-value     0.00e+00            
============================================================


SynergyModel (Attention) - RMSE, SCC, PCC
+--------+-------------+
| Metric |    Value    |
+--------+-------------+
|  RMSE  | 4.99 (0.03) |
|  SCC   | 0.36 (0.00) |
|  PCC   | 0.39 (0.00) |
+--------+-------------+

Results saved to /home/debnathk/drug-synergy/logs/evaluation_20260214_165506/evaluation_results.json

Evaluation complete! Results saved to /home/debnathk/drug-synergy/logs/evaluation_20260214_165506

====== TRAIN: mlp_std_random_Synergy_ZIP_e100 ======

Best validation metrics (RMSE, SCC, PCC)
+--------+-------------+
| Metric |    Value    |
+--------+-------------+
|  RMSE  | 3.44 (0.02) |
|  SCC   | 0.72 (0.00) |
|  PCC   | 0.77 (0.00) |
+--------+-------------+

====== EVAL: mlp_std_random_Synergy_ZIP_e100 ======
Device: cuda
Split type: random, evaluation split: test, target: Synergy_ZIP
Output directory: /home/debnathk/drug-synergy/logs/evaluation_20260214_182905

Loading data...
Loaded 59420 samples from test split (raw path: /home/debnathk/drug-synergy/data/raw/random)

============================================================
 Evaluating SynergyModel (Attention-based)
============================================================
Omics dimensions - mRNA: 23808, miRNA: 627, Proteomics: 3171
Auto-detected checkpoint: /home/debnathk/drug-synergy/logs/kan_std_CLS_random_Synergy_ZIP_e100_20260214_180208/checkpoint_best.pt
Loaded SynergyModel from /home/debnathk/drug-synergy/logs/kan_std_CLS_random_Synergy_ZIP_e100_20260214_180208/checkpoint_best.pt
  - Checkpoint epoch: 19
  - Checkpoint val_loss: 0.4992
  - Head type: kan, grid_size=5
  - Target standardization: Yes (mean=-0.8427, std=5.3524)

Inverse transforming predictions from standardized space...

============================================================
 SynergyModel (Attention) - Evaluation Metrics
============================================================
Metric               Value               
----------------------------------------
MSE                  14.3829             
RMSE                 3.7925              
MAE                  2.7818              
R²                   0.5003              
Pearson r            0.7102              
Pearson p-value      0.00e+00            
Spearman ρ           0.6578              
Spearman p-value     0.00e+00            
============================================================


SynergyModel (Attention) - RMSE, SCC, PCC
+--------+-------------+
| Metric |    Value    |
+--------+-------------+
|  RMSE  | 3.79 (0.02) |
|  SCC   | 0.66 (0.00) |
|  PCC   | 0.71 (0.00) |
+--------+-------------+

Results saved to /home/debnathk/drug-synergy/logs/evaluation_20260214_182905/evaluation_results.json

Evaluation complete! Results saved to /home/debnathk/drug-synergy/logs/evaluation_20260214_182905

====== TRAIN: mlp_std_cold_drug_Synergy_ZIP_e100 ======

Best validation metrics (RMSE, SCC, PCC)
+--------+-------------+
| Metric |    Value    |
+--------+-------------+
|  RMSE  | 4.67 (0.03) |
|  SCC   | 0.33 (0.01) |
|  PCC   | 0.33 (0.01) |
+--------+-------------+

====== EVAL: mlp_std_cold_drug_Synergy_ZIP_e100 ======
Device: cuda
Split type: cold_drug, evaluation split: test, target: Synergy_ZIP
Output directory: /home/debnathk/drug-synergy/logs/evaluation_20260214_200803

Loading data...
Loaded 61723 samples from test split (raw path: /home/debnathk/drug-synergy/data/raw/cold_drug)

============================================================
 Evaluating SynergyModel (Attention-based)
============================================================
Omics dimensions - mRNA: 23808, miRNA: 627, Proteomics: 3171
Auto-detected checkpoint: /home/debnathk/drug-synergy/logs/kan_std_CLS_cold_drug_Synergy_ZIP_e100_20260214_200611/checkpoint_best.pt
Loaded SynergyModel from /home/debnathk/drug-synergy/logs/kan_std_CLS_cold_drug_Synergy_ZIP_e100_20260214_200611/checkpoint_best.pt
  - Checkpoint epoch: 0
  - Checkpoint val_loss: 0.7997
  - Head type: kan, grid_size=5
  - Target standardization: Yes (mean=-0.7900, std=5.4054)

Inverse transforming predictions from standardized space...

============================================================
 SynergyModel (Attention) - Evaluation Metrics
============================================================
Metric               Value               
----------------------------------------
MSE                  24.4830             
RMSE                 4.9480              
MAE                  3.6271              
R²                   0.1658              
Pearson r            0.4088              
Pearson p-value      0.00e+00            
Spearman ρ           0.3821              
Spearman p-value     0.00e+00            
============================================================


SynergyModel (Attention) - RMSE, SCC, PCC
+--------+-------------+
| Metric |    Value    |
+--------+-------------+
|  RMSE  | 4.95 (0.03) |
|  SCC   | 0.38 (0.00) |
|  PCC   | 0.41 (0.00) |
+--------+-------------+

Results saved to /home/debnathk/drug-synergy/logs/evaluation_20260214_200803/evaluation_results.json

Evaluation complete! Results saved to /home/debnathk/drug-synergy/logs/evaluation_20260214_200803

====== TRAIN: kan_std_random_Synergy_HSA_e100 ======

Best validation metrics (RMSE, SCC, PCC)
+--------+-------------+
| Metric |    Value    |
+--------+-------------+
|  RMSE  | 3.99 (0.03) |
|  SCC   | 0.64 (0.00) |
|  PCC   | 0.74 (0.01) |
+--------+-------------+

====== EVAL: kan_std_random_Synergy_HSA_e100 ======
Device: cuda
Split type: random, evaluation split: test, target: Synergy_HSA
Output directory: /home/debnathk/drug-synergy/logs/evaluation_20260214_221107

Loading data...
Loaded 59420 samples from test split (raw path: /home/debnathk/drug-synergy/data/raw/random)

============================================================
 Evaluating SynergyModel (Attention-based)
============================================================
Omics dimensions - mRNA: 23808, miRNA: 627, Proteomics: 3171
Auto-detected checkpoint: /home/debnathk/drug-synergy/logs/mlp_std_CLS_random_Synergy_ZIP_e100_20260214_220747/checkpoint_best.pt
Loaded SynergyModel from /home/debnathk/drug-synergy/logs/mlp_std_CLS_random_Synergy_ZIP_e100_20260214_220747/checkpoint_best.pt
  - Checkpoint epoch: 2
  - Checkpoint val_loss: 0.6078
  - Head type: mlp
  - Target standardization: Yes (mean=-0.8427, std=5.3524)

Inverse transforming predictions from standardized space...

============================================================
 SynergyModel (Attention) - Evaluation Metrics
============================================================
Metric               Value               
----------------------------------------
MSE                  35.2681             
RMSE                 5.9387              
MAE                  4.3443              
R²                   0.0064              
Pearson r            0.2752              
Pearson p-value      0.00e+00            
Spearman ρ           0.1093              
Spearman p-value     2.86e-157           
============================================================


SynergyModel (Attention) - RMSE, SCC, PCC
+--------+-------------+
| Metric |    Value    |
+--------+-------------+
|  RMSE  | 5.94 (0.03) |
|  SCC   | 0.11 (0.00) |
|  PCC   | 0.28 (0.01) |
+--------+-------------+

Results saved to /home/debnathk/drug-synergy/logs/evaluation_20260214_221107/evaluation_results.json

Evaluation complete! Results saved to /home/debnathk/drug-synergy/logs/evaluation_20260214_221107

====== TRAIN: kan_std_cold_drug_Synergy_HSA_e100 ======

Best validation metrics (RMSE, SCC, PCC)
+--------+-------------+
| Metric |    Value    |
+--------+-------------+
|  RMSE  | 5.55 (0.06) |
|  SCC   | 0.21 (0.01) |
|  PCC   | 0.23 (0.01) |
+--------+-------------+

====== EVAL: kan_std_cold_drug_Synergy_HSA_e100 ======
Device: cuda
Split type: cold_drug, evaluation split: test, target: Synergy_HSA
Output directory: /home/debnathk/drug-synergy/logs/evaluation_20260215_001333

Loading data...
Loaded 61723 samples from test split (raw path: /home/debnathk/drug-synergy/data/raw/cold_drug)

============================================================
 Evaluating SynergyModel (Attention-based)
============================================================
Omics dimensions - mRNA: 23808, miRNA: 627, Proteomics: 3171
Auto-detected checkpoint: /home/debnathk/drug-synergy/logs/mlp_std_CLS_cold_drug_Synergy_ZIP_e100_20260214_234720/checkpoint_best.pt
Loaded SynergyModel from /home/debnathk/drug-synergy/logs/mlp_std_CLS_cold_drug_Synergy_ZIP_e100_20260214_234720/checkpoint_best.pt
  - Checkpoint epoch: 13
  - Checkpoint val_loss: 0.7497
  - Head type: mlp
  - Target standardization: Yes (mean=-0.7900, std=5.4054)

Inverse transforming predictions from standardized space...

============================================================
 SynergyModel (Attention) - Evaluation Metrics
============================================================
Metric               Value               
----------------------------------------
MSE                  40.3427             
RMSE                 6.3516              
MAE                  4.6472              
R²                   -0.0436             
Pearson r            0.1797              
Pearson p-value      0.00e+00            
Spearman ρ           0.0958              
Spearman p-value     1.01e-125           
============================================================


SynergyModel (Attention) - RMSE, SCC, PCC
+--------+-------------+
| Metric |    Value    |
+--------+-------------+
|  RMSE  | 6.35 (0.04) |
|  SCC   | 0.10 (0.00) |
|  PCC   | 0.18 (0.01) |
+--------+-------------+

Results saved to /home/debnathk/drug-synergy/logs/evaluation_20260215_001333/evaluation_results.json

Evaluation complete! Results saved to /home/debnathk/drug-synergy/logs/evaluation_20260215_001333

====== TRAIN: mlp_std_random_Synergy_HSA_e100 ======

Best validation metrics (RMSE, SCC, PCC)
+--------+-------------+
| Metric |    Value    |
+--------+-------------+
|  RMSE  | 3.64 (0.03) |
|  SCC   | 0.70 (0.00) |
|  PCC   | 0.79 (0.00) |
+--------+-------------+

====== EVAL: mlp_std_random_Synergy_HSA_e100 ======
Device: cuda
Split type: random, evaluation split: test, target: Synergy_HSA
Output directory: /home/debnathk/drug-synergy/logs/evaluation_20260215_015413

Loading data...
Loaded 59420 samples from test split (raw path: /home/debnathk/drug-synergy/data/raw/random)

============================================================
 Evaluating SynergyModel (Attention-based)
============================================================
Omics dimensions - mRNA: 23808, miRNA: 627, Proteomics: 3171
Auto-detected checkpoint: /home/debnathk/drug-synergy/logs/kan_std_CLS_random_Synergy_HSA_e100_20260215_012614/checkpoint_best.pt
Loaded SynergyModel from /home/debnathk/drug-synergy/logs/kan_std_CLS_random_Synergy_HSA_e100_20260215_012614/checkpoint_best.pt
  - Checkpoint epoch: 20
  - Checkpoint val_loss: 0.4881
  - Head type: kan, grid_size=5
  - Target standardization: Yes (mean=-0.4388, std=5.9223)

Inverse transforming predictions from standardized space...

============================================================
 SynergyModel (Attention) - Evaluation Metrics
============================================================
Metric               Value               
----------------------------------------
MSE                  16.9176             
RMSE                 4.1131              
MAE                  2.9752              
R²                   0.5234              
Pearson r            0.7249              
Pearson p-value      0.00e+00            
Spearman ρ           0.6160              
Spearman p-value     0.00e+00            
============================================================


SynergyModel (Attention) - RMSE, SCC, PCC
+--------+-------------+
| Metric |    Value    |
+--------+-------------+
|  RMSE  | 4.12 (0.02) |
|  SCC   | 0.62 (0.00) |
|  PCC   | 0.72 (0.00) |
+--------+-------------+

Results saved to /home/debnathk/drug-synergy/logs/evaluation_20260215_015413/evaluation_results.json

Evaluation complete! Results saved to /home/debnathk/drug-synergy/logs/evaluation_20260215_015413

====== TRAIN: mlp_std_cold_drug_Synergy_HSA_e100 ======

Best validation metrics (RMSE, SCC, PCC)
+--------+-------------+
| Metric |    Value    |
+--------+-------------+
|  RMSE  | 5.54 (0.07) |
|  SCC   | 0.24 (0.01) |
|  PCC   | 0.25 (0.01) |
+--------+-------------+

====== EVAL: mlp_std_cold_drug_Synergy_HSA_e100 ======
Device: cuda
Split type: cold_drug, evaluation split: test, target: Synergy_HSA
Output directory: /home/debnathk/drug-synergy/logs/evaluation_20260215_033212

Loading data...
Loaded 61723 samples from test split (raw path: /home/debnathk/drug-synergy/data/raw/cold_drug)

============================================================
 Evaluating SynergyModel (Attention-based)
============================================================
Omics dimensions - mRNA: 23808, miRNA: 627, Proteomics: 3171
Auto-detected checkpoint: /home/debnathk/drug-synergy/logs/kan_std_CLS_cold_drug_Synergy_HSA_e100_20260215_032937/checkpoint_best.pt
Loaded SynergyModel from /home/debnathk/drug-synergy/logs/kan_std_CLS_cold_drug_Synergy_HSA_e100_20260215_032937/checkpoint_best.pt
  - Checkpoint epoch: 1
  - Checkpoint val_loss: 0.8975
  - Head type: kan, grid_size=5
  - Target standardization: Yes (mean=-0.3370, std=5.8735)

Inverse transforming predictions from standardized space...

============================================================
 SynergyModel (Attention) - Evaluation Metrics
============================================================
Metric               Value               
----------------------------------------
MSE                  34.7068             
RMSE                 5.8912              
MAE                  4.1511              
R²                   0.1022              
Pearson r            0.3309              
Pearson p-value      0.00e+00            
Spearman ρ           0.3160              
Spearman p-value     0.00e+00            
============================================================


SynergyModel (Attention) - RMSE, SCC, PCC
+--------+-------------+
| Metric |    Value    |
+--------+-------------+
|  RMSE  | 5.89 (0.04) |
|  SCC   | 0.32 (0.00) |
|  PCC   | 0.33 (0.00) |
+--------+-------------+

Results saved to /home/debnathk/drug-synergy/logs/evaluation_20260215_033212/evaluation_results.json

Evaluation complete! Results saved to /home/debnathk/drug-synergy/logs/evaluation_20260215_033212

====== TRAIN: kan_std_random_Synergy_Bliss_e100 ======

Best validation metrics (RMSE, SCC, PCC)
+--------+-------------+
| Metric |    Value    |
+--------+-------------+
|  RMSE  | 4.25 (0.03) |
|  SCC   | 0.60 (0.00) |
|  PCC   | 0.73 (0.01) |
+--------+-------------+

====== EVAL: kan_std_random_Synergy_Bliss_e100 ======
Device: cuda
Split type: random, evaluation split: test, target: Synergy_Bliss
Output directory: /home/debnathk/drug-synergy/logs/evaluation_20260215_053434

Loading data...
Loaded 59420 samples from test split (raw path: /home/debnathk/drug-synergy/data/raw/random)

============================================================
 Evaluating SynergyModel (Attention-based)
============================================================
Omics dimensions - mRNA: 23808, miRNA: 627, Proteomics: 3171
Auto-detected checkpoint: /home/debnathk/drug-synergy/logs/mlp_std_CLS_random_Synergy_HSA_e100_20260215_053018/checkpoint_best.pt
Loaded SynergyModel from /home/debnathk/drug-synergy/logs/mlp_std_CLS_random_Synergy_HSA_e100_20260215_053018/checkpoint_best.pt
  - Checkpoint epoch: 3
  - Checkpoint val_loss: 0.6015
  - Head type: mlp
  - Target standardization: Yes (mean=-0.4388, std=5.9223)

Inverse transforming predictions from standardized space...

============================================================
 SynergyModel (Attention) - Evaluation Metrics
============================================================
Metric               Value               
----------------------------------------
MSE                  29.8941             
RMSE                 5.4675              
MAE                  4.0126              
R²                   0.2037              
Pearson r            0.4990              
Pearson p-value      0.00e+00            
Spearman ρ           0.3092              
Spearman p-value     0.00e+00            
============================================================


SynergyModel (Attention) - RMSE, SCC, PCC
+--------+-------------+
| Metric |    Value    |
+--------+-------------+
|  RMSE  | 5.47 (0.03) |
|  SCC   | 0.31 (0.00) |
|  PCC   | 0.50 (0.01) |
+--------+-------------+

Results saved to /home/debnathk/drug-synergy/logs/evaluation_20260215_053434/evaluation_results.json

Evaluation complete! Results saved to /home/debnathk/drug-synergy/logs/evaluation_20260215_053434

====== TRAIN: kan_std_cold_drug_Synergy_Bliss_e100 ======

Best validation metrics (RMSE, SCC, PCC)
+--------+-------------+
| Metric |    Value    |
+--------+-------------+
|  RMSE  | 5.68 (0.06) |
|  SCC   | 0.21 (0.01) |
|  PCC   | 0.22 (0.01) |
+--------+-------------+

====== EVAL: kan_std_cold_drug_Synergy_Bliss_e100 ======
Device: cuda
Split type: cold_drug, evaluation split: test, target: Synergy_Bliss
Output directory: /home/debnathk/drug-synergy/logs/evaluation_20260215_073656

Loading data...
Loaded 61723 samples from test split (raw path: /home/debnathk/drug-synergy/data/raw/cold_drug)

============================================================
 Evaluating SynergyModel (Attention-based)
============================================================
Omics dimensions - mRNA: 23808, miRNA: 627, Proteomics: 3171
Auto-detected checkpoint: /home/debnathk/drug-synergy/logs/mlp_std_CLS_cold_drug_Synergy_HSA_e100_20260215_070911/checkpoint_best.pt
Loaded SynergyModel from /home/debnathk/drug-synergy/logs/mlp_std_CLS_cold_drug_Synergy_HSA_e100_20260215_070911/checkpoint_best.pt
  - Checkpoint epoch: 1
  - Checkpoint val_loss: 0.8895
  - Head type: mlp
  - Target standardization: Yes (mean=-0.3370, std=5.8735)

Inverse transforming predictions from standardized space...

============================================================
 SynergyModel (Attention) - Evaluation Metrics
============================================================
Metric               Value               
----------------------------------------
MSE                  36.7170             
RMSE                 6.0595              
MAE                  4.2957              
R²                   0.0808              
Pearson r            0.2899              
Pearson p-value      0.00e+00            
Spearman ρ           0.2193              
Spearman p-value     0.00e+00            
============================================================


SynergyModel (Attention) - RMSE, SCC, PCC
+--------+-------------+
| Metric |    Value    |
+--------+-------------+
|  RMSE  | 6.06 (0.04) |
|  SCC   | 0.22 (0.00) |
|  PCC   | 0.29 (0.01) |
+--------+-------------+

Results saved to /home/debnathk/drug-synergy/logs/evaluation_20260215_073656/evaluation_results.json

Evaluation complete! Results saved to /home/debnathk/drug-synergy/logs/evaluation_20260215_073656

====== TRAIN: mlp_std_random_Synergy_Bliss_e100 ======

Best validation metrics (RMSE, SCC, PCC)
+--------+-------------+
| Metric |    Value    |
+--------+-------------+
|  RMSE  | 3.94 (0.03) |
|  SCC   | 0.66 (0.00) |
|  PCC   | 0.77 (0.00) |
+--------+-------------+

====== EVAL: mlp_std_random_Synergy_Bliss_e100 ======
Device: cuda
Split type: random, evaluation split: test, target: Synergy_Bliss
Output directory: /home/debnathk/drug-synergy/logs/evaluation_20260215_091743

Loading data...
Loaded 59420 samples from test split (raw path: /home/debnathk/drug-synergy/data/raw/random)

============================================================
 Evaluating SynergyModel (Attention-based)
============================================================
Omics dimensions - mRNA: 23808, miRNA: 627, Proteomics: 3171
Auto-detected checkpoint: /home/debnathk/drug-synergy/logs/kan_std_CLS_random_Synergy_Bliss_e100_20260215_084756/checkpoint_best.pt
Loaded SynergyModel from /home/debnathk/drug-synergy/logs/kan_std_CLS_random_Synergy_Bliss_e100_20260215_084756/checkpoint_best.pt
  - Checkpoint epoch: 23
  - Checkpoint val_loss: 0.5077
  - Head type: kan, grid_size=5
  - Target standardization: Yes (mean=0.1273, std=6.1044)

Inverse transforming predictions from standardized space...

============================================================
 SynergyModel (Attention) - Evaluation Metrics
============================================================
Metric               Value               
----------------------------------------
MSE                  18.5298             
RMSE                 4.3046              
MAE                  3.1576              
R²                   0.5064              
Pearson r            0.7158              
Pearson p-value      0.00e+00            
Spearman ρ           0.5827              
Spearman p-value     0.00e+00            
============================================================


SynergyModel (Attention) - RMSE, SCC, PCC
+--------+-------------+
| Metric |    Value    |
+--------+-------------+
|  RMSE  | 4.31 (0.02) |
|  SCC   | 0.58 (0.00) |
|  PCC   | 0.72 (0.00) |
+--------+-------------+

Results saved to /home/debnathk/drug-synergy/logs/evaluation_20260215_091743/evaluation_results.json

Evaluation complete! Results saved to /home/debnathk/drug-synergy/logs/evaluation_20260215_091743

====== TRAIN: mlp_std_cold_drug_Synergy_Bliss_e100 ======

Best validation metrics (RMSE, SCC, PCC)
+--------+-------------+
| Metric |    Value    |
+--------+-------------+
|  RMSE  | 5.72 (0.06) |
|  SCC   | 0.23 (0.01) |
|  PCC   | 0.21 (0.01) |
+--------+-------------+

====== EVAL: mlp_std_cold_drug_Synergy_Bliss_e100 ======
Device: cuda
Split type: cold_drug, evaluation split: test, target: Synergy_Bliss
Output directory: /home/debnathk/drug-synergy/logs/evaluation_20260215_105626

Loading data...
Loaded 61723 samples from test split (raw path: /home/debnathk/drug-synergy/data/raw/cold_drug)

============================================================
 Evaluating SynergyModel (Attention-based)
============================================================
Omics dimensions - mRNA: 23808, miRNA: 627, Proteomics: 3171
Auto-detected checkpoint: /home/debnathk/drug-synergy/logs/kan_std_CLS_cold_drug_Synergy_Bliss_e100_20260215_105128/checkpoint_best.pt
Loaded SynergyModel from /home/debnathk/drug-synergy/logs/kan_std_CLS_cold_drug_Synergy_Bliss_e100_20260215_105128/checkpoint_best.pt
  - Checkpoint epoch: 0
  - Checkpoint val_loss: 0.8649
  - Head type: kan, grid_size=5
  - Target standardization: Yes (mean=0.2305, std=6.0961)

Inverse transforming predictions from standardized space...

============================================================
 SynergyModel (Attention) - Evaluation Metrics
============================================================
Metric               Value               
----------------------------------------
MSE                  35.7789             
RMSE                 5.9815              
MAE                  4.2138              
R²                   0.1043              
Pearson r            0.3280              
Pearson p-value      0.00e+00            
Spearman ρ           0.2687              
Spearman p-value     0.00e+00            
============================================================


SynergyModel (Attention) - RMSE, SCC, PCC
+--------+-------------+
| Metric |    Value    |
+--------+-------------+
|  RMSE  | 5.98 (0.04) |
|  SCC   | 0.27 (0.00) |
|  PCC   | 0.33 (0.01) |
+--------+-------------+

Results saved to /home/debnathk/drug-synergy/logs/evaluation_20260215_105626/evaluation_results.json

Evaluation complete! Results saved to /home/debnathk/drug-synergy/logs/evaluation_20260215_105626

====== TRAIN: kan_std_random_Synergy_Loewe_e100 ======

Best validation metrics (RMSE, SCC, PCC)
+--------+-------------+
| Metric |    Value    |
+--------+-------------+
|  RMSE  | 9.87 (0.08) |
|  SCC   | 0.65 (0.00) |
|  PCC   | 0.73 (0.00) |
+--------+-------------+

====== EVAL: kan_std_random_Synergy_Loewe_e100 ======
Device: cuda
Split type: random, evaluation split: test, target: Synergy_Loewe
Output directory: /home/debnathk/drug-synergy/logs/evaluation_20260215_130044

Loading data...
Loaded 59420 samples from test split (raw path: /home/debnathk/drug-synergy/data/raw/random)

============================================================
 Evaluating SynergyModel (Attention-based)
============================================================
Omics dimensions - mRNA: 23808, miRNA: 627, Proteomics: 3171
Auto-detected checkpoint: /home/debnathk/drug-synergy/logs/mlp_std_CLS_random_Synergy_Bliss_e100_20260215_125234/checkpoint_best.pt
Loaded SynergyModel from /home/debnathk/drug-synergy/logs/mlp_std_CLS_random_Synergy_Bliss_e100_20260215_125234/checkpoint_best.pt
  - Checkpoint epoch: 7
  - Checkpoint val_loss: 0.5632
  - Head type: mlp
  - Target standardization: Yes (mean=0.1273, std=6.1044)

Inverse transforming predictions from standardized space...

============================================================
 SynergyModel (Attention) - Evaluation Metrics
============================================================
Metric               Value               
----------------------------------------
MSE                  289.5232            
RMSE                 17.0154             
MAE                  10.6357             
R²                   -0.3672             
Pearson r            0.1878              
Pearson p-value      0.00e+00            
Spearman ρ           0.1768              
Spearman p-value     0.00e+00            
============================================================


SynergyModel (Attention) - RMSE, SCC, PCC
+--------+--------------+
| Metric |    Value     |
+--------+--------------+
|  RMSE  | 17.01 (0.09) |
|  SCC   | 0.18 (0.00)  |
|  PCC   | 0.19 (0.01)  |
+--------+--------------+

Results saved to /home/debnathk/drug-synergy/logs/evaluation_20260215_130044/evaluation_results.json

Evaluation complete! Results saved to /home/debnathk/drug-synergy/logs/evaluation_20260215_130044

====== TRAIN: kan_std_cold_drug_Synergy_Loewe_e100 ======

Best validation metrics (RMSE, SCC, PCC)
+--------+--------------+
| Metric |    Value     |
+--------+--------------+
|  RMSE  | 14.61 (0.11) |
|  SCC   | 0.23 (0.01)  |
|  PCC   | 0.26 (0.01)  |
+--------+--------------+

====== EVAL: kan_std_cold_drug_Synergy_Loewe_e100 ======
Device: cuda
Split type: cold_drug, evaluation split: test, target: Synergy_Loewe
Output directory: /home/debnathk/drug-synergy/logs/evaluation_20260215_150302

Loading data...
Loaded 61723 samples from test split (raw path: /home/debnathk/drug-synergy/data/raw/cold_drug)

============================================================
 Evaluating SynergyModel (Attention-based)
============================================================
Omics dimensions - mRNA: 23808, miRNA: 627, Proteomics: 3171
Auto-detected checkpoint: /home/debnathk/drug-synergy/logs/mlp_std_CLS_cold_drug_Synergy_Bliss_e100_20260215_143244/checkpoint_best.pt
Loaded SynergyModel from /home/debnathk/drug-synergy/logs/mlp_std_CLS_cold_drug_Synergy_Bliss_e100_20260215_143244/checkpoint_best.pt
  - Checkpoint epoch: 3
  - Checkpoint val_loss: 0.8665
  - Head type: mlp
  - Target standardization: Yes (mean=0.2305, std=6.0961)

Inverse transforming predictions from standardized space...

============================================================
 SynergyModel (Attention) - Evaluation Metrics
============================================================
Metric               Value               
----------------------------------------
MSE                  276.4129            
RMSE                 16.6257             
MAE                  10.5521             
R²                   -0.3477             
Pearson r            0.1206              
Pearson p-value      0.00e+00            
Spearman ρ           0.1402              
Spearman p-value     1.28e-268           
============================================================


SynergyModel (Attention) - RMSE, SCC, PCC
+--------+--------------+
| Metric |    Value     |
+--------+--------------+
|  RMSE  | 16.63 (0.09) |
|  SCC   | 0.14 (0.00)  |
|  PCC   | 0.12 (0.00)  |
+--------+--------------+

Results saved to /home/debnathk/drug-synergy/logs/evaluation_20260215_150302/evaluation_results.json

Evaluation complete! Results saved to /home/debnathk/drug-synergy/logs/evaluation_20260215_150302

====== TRAIN: mlp_std_random_Synergy_Loewe_e100 ======

Best validation metrics (RMSE, SCC, PCC)
+--------+-------------+
| Metric |    Value    |
+--------+-------------+
|  RMSE  | 8.88 (0.09) |
|  SCC   | 0.72 (0.00) |
|  PCC   | 0.79 (0.00) |
+--------+-------------+

====== EVAL: mlp_std_random_Synergy_Loewe_e100 ======
Device: cuda
Split type: random, evaluation split: test, target: Synergy_Loewe
Output directory: /home/debnathk/drug-synergy/logs/evaluation_20260215_164350

Loading data...
Loaded 59420 samples from test split (raw path: /home/debnathk/drug-synergy/data/raw/random)

============================================================
 Evaluating SynergyModel (Attention-based)
============================================================
Omics dimensions - mRNA: 23808, miRNA: 627, Proteomics: 3171
Auto-detected checkpoint: /home/debnathk/drug-synergy/logs/mlp_std_random_Synergy_Loewe_e100_20260215_150321/checkpoint_best.pt
Loaded SynergyModel from /home/debnathk/drug-synergy/logs/mlp_std_random_Synergy_Loewe_e100_20260215_150321/checkpoint_best.pt
  - Checkpoint epoch: 96
  - Checkpoint val_loss: 0.3706
  - Head type: mlp
  - Target standardization: Yes (mean=-9.1090, std=14.5873)

Inverse transforming predictions from standardized space...

============================================================
 SynergyModel (Attention) - Evaluation Metrics
============================================================
Metric               Value               
----------------------------------------
MSE                  80.7280             
RMSE                 8.9849              
MAE                  5.8560              
R²                   0.6188              
Pearson r            0.7869              
Pearson p-value      0.00e+00            
Spearman ρ           0.7226              
Spearman p-value     0.00e+00            
============================================================


SynergyModel (Attention) - RMSE, SCC, PCC
+--------+-------------+
| Metric |    Value    |
+--------+-------------+
|  RMSE  | 8.99 (0.06) |
|  SCC   | 0.72 (0.00) |
|  PCC   | 0.79 (0.00) |
+--------+-------------+

Results saved to /home/debnathk/drug-synergy/logs/evaluation_20260215_164350/evaluation_results.json

Evaluation complete! Results saved to /home/debnathk/drug-synergy/logs/evaluation_20260215_164350

====== TRAIN: mlp_std_cold_drug_Synergy_Loewe_e100 ======

Best validation metrics (RMSE, SCC, PCC)
+--------+--------------+
| Metric |    Value     |
+--------+--------------+
|  RMSE  | 14.66 (0.10) |
|  SCC   | 0.20 (0.01)  |
|  PCC   | 0.23 (0.01)  |
+--------+--------------+

====== EVAL: mlp_std_cold_drug_Synergy_Loewe_e100 ======
Device: cuda
Split type: cold_drug, evaluation split: test, target: Synergy_Loewe
Output directory: /home/debnathk/drug-synergy/logs/evaluation_20260215_182316

Loading data...
Loaded 61723 samples from test split (raw path: /home/debnathk/drug-synergy/data/raw/cold_drug)

============================================================
 Evaluating SynergyModel (Attention-based)
============================================================
Omics dimensions - mRNA: 23808, miRNA: 627, Proteomics: 3171
Auto-detected checkpoint: /home/debnathk/drug-synergy/logs/kan_std_CLS_cold_drug_Synergy_Loewe_e100_20260215_181554/checkpoint_best.pt
Loaded SynergyModel from /home/debnathk/drug-synergy/logs/kan_std_CLS_cold_drug_Synergy_Loewe_e100_20260215_181554/checkpoint_best.pt
  - Checkpoint epoch: 1
  - Checkpoint val_loss: 0.9898
  - Head type: kan, grid_size=5
  - Target standardization: Yes (mean=-9.0538, std=14.6522)

Inverse transforming predictions from standardized space...

============================================================
 SynergyModel (Attention) - Evaluation Metrics
============================================================
Metric               Value               
----------------------------------------
MSE                  194.3423            
RMSE                 13.9407             
MAE                  9.6020              
R²                   0.0524              
Pearson r            0.2950              
Pearson p-value      0.00e+00            
Spearman ρ           0.2475              
Spearman p-value     0.00e+00            
============================================================


SynergyModel (Attention) - RMSE, SCC, PCC
+--------+--------------+
| Metric |    Value     |
+--------+--------------+
|  RMSE  | 13.94 (0.07) |
|  SCC   | 0.25 (0.00)  |
|  PCC   | 0.29 (0.00)  |
+--------+--------------+

Results saved to /home/debnathk/drug-synergy/logs/evaluation_20260215_182316/evaluation_results.json

Evaluation complete! Results saved to /home/debnathk/drug-synergy/logs/evaluation_20260215_182316

Job ended on Sun Feb 15 06:23:33 PM EST 2026
