Job started on Fri Feb  6 12:21:12 AM EST 2026
Device: NVIDIA A100-PCIE-40GB
Device: cuda
Split type: random, evaluation split: test, target: Synergy_ZIP
Output directory: /home/debnathk/drug-synergy/logs/evaluation_20260206_002118

Loading data...
Loaded 59420 samples from test split (raw path: /home/debnathk/drug-synergy/data/raw/random)

============================================================
 Evaluating SynergyModel (Attention-based)
============================================================
Omics dimensions - mRNA: 23808, miRNA: 627, Proteomics: 3171
Auto-detected checkpoint: /home/debnathk/drug-synergy/logs/mlp_std_random_20260205_144625/checkpoint_best.pt
Loaded SynergyModel from /home/debnathk/drug-synergy/logs/mlp_std_random_20260205_144625/checkpoint_best.pt
  - Checkpoint epoch: 88
  - Checkpoint val_loss: 0.4209
  - Head type: mlp
  - Target standardization: Yes (mean=-0.8427, std=5.3524)

Inverse transforming predictions from standardized space...

============================================================
 SynergyModel (Attention) - Evaluation Metrics
============================================================
Metric               Value               
----------------------------------------
MSE                  12.1397             
RMSE                 3.4842              
MAE                  2.5327              
R²                   0.5782              
Pearson r            0.7611              
Pearson p-value      0.00e+00            
Spearman ρ           0.7124              
Spearman p-value     0.00e+00            
============================================================


SynergyModel (Attention) - RMSE, SCC, PCC
+--------+-------------+
| Metric |    Value    |
+--------+-------------+
|  RMSE  | 3.48 (0.02) |
|  SCC   | 0.71 (0.00) |
|  PCC   | 0.76 (0.00) |
+--------+-------------+

Results saved to /home/debnathk/drug-synergy/logs/evaluation_20260206_002118/evaluation_results.json

Evaluation complete! Results saved to /home/debnathk/drug-synergy/logs/evaluation_20260206_002118
Job ended on Fri Feb  6 12:21:31 AM EST 2026
