Job started on Thu Jan 29 05:38:11 PM EST 2026
Device: NVIDIA A100-PCIE-40GB
Train data already exists at /home/debnathk/drug-synergy/data/raw/random/train_split.pkl
Validation data already exists at /home/debnathk/drug-synergy/data/raw/random/val_split.pkl
Test data already exists at /home/debnathk/drug-synergy/data/raw/random/test_split.pkl
Train data already exists at /home/debnathk/drug-synergy/data/raw/cold_drug/train_split.pkl
Validation data already exists at /home/debnathk/drug-synergy/data/raw/cold_drug/val_split.pkl
Test data already exists at /home/debnathk/drug-synergy/data/raw/cold_drug/test_split.pkl
Drug embeddings type and shape: <class 'torch.Tensor'> ,torch.Size([768])
Embeddings generated and saved to /home/debnathk/drug-synergy/data/embeddings/drug_embeddings_random.pt
Drug embeddings type and shape: <class 'torch.Tensor'> ,torch.Size([768])
Embeddings generated and saved to /home/debnathk/drug-synergy/data/embeddings/drug_embeddings_cold_drug.pt

Best validation metrics (RMSE, SCC, PCC)
+--------+-----------------+
| Metric |      Value      |
+--------+-----------------+
|  RMSE  | 4.0130 (0.0297) |
|  SCC   | 0.6187 (0.0039) |
|  PCC   | 0.6655 (0.0048) |
+--------+-----------------+

Device: cuda
Split type: random, evaluation split: test, target: Synergy_ZIP
Output directory: /home/debnathk/drug-synergy/logs/evaluation_20260129_175054

Loading data...
Loaded 59420 samples from test split (raw path: /home/debnathk/drug-synergy/data/raw/random)

============================================================
 Evaluating SynergyModel (Attention-based)
============================================================
Omics dimensions - mRNA: 23808, miRNA: 627, Proteomics: 3171
Auto-detected checkpoint: /home/debnathk/drug-synergy/logs/kan_std_random_20260129_173850/checkpoint_best.pt
Loaded SynergyModel from /home/debnathk/drug-synergy/logs/kan_std_random_20260129_173850/checkpoint_best.pt
  - Checkpoint epoch: 9
  - Checkpoint val_loss: 0.5632
  - Head type: kan, grid_size=5
  - Target standardization: Yes (mean=-0.8427, std=5.3524)

Inverse transforming predictions from standardized space...

============================================================
 SynergyModel (Attention) - Evaluation Metrics
============================================================
Metric               Value               
----------------------------------------
MSE                  16.2046             
RMSE                 4.0255              
MAE                  2.9449              
R²                   0.4370              
Pearson r            0.6625              
Pearson p-value      0.00e+00            
Spearman ρ           0.6146              
Spearman p-value     0.00e+00            
============================================================


SynergyModel (Attention) - RMSE, SCC, PCC
+--------+-----------------+
| Metric |      Value      |
+--------+-----------------+
|  RMSE  | 4.0256 (0.0219) |
|  SCC   | 0.6146 (0.0028) |
|  PCC   | 0.6625 (0.0031) |
+--------+-----------------+

Results saved to /home/debnathk/drug-synergy/logs/evaluation_20260129_175054/evaluation_results.json

Evaluation complete! Results saved to /home/debnathk/drug-synergy/logs/evaluation_20260129_175054
Job ended on Thu Jan 29 05:51:09 PM EST 2026
