2026-02-14 18:02:08 | INFO | Run directory: /home/debnathk/drug-synergy/logs/kan_std_CLS_random_Synergy_ZIP_e100_20260214_180208
2026-02-14 18:02:08 | INFO | Log file: /home/debnathk/drug-synergy/logs/kan_std_CLS_random_Synergy_ZIP_e100_20260214_180208/training.log
2026-02-14 18:02:08 | INFO | Script copied to /home/debnathk/drug-synergy/logs/kan_std_CLS_random_Synergy_ZIP_e100_20260214_180208/main.py
2026-02-14 18:02:08 | INFO | ================================================================================
2026-02-14 18:02:08 | INFO | Starting Drug Synergy Prediction Training (KAN Head)
2026-02-14 18:02:08 | INFO | ================================================================================
2026-02-14 18:02:08 | INFO | Split type: random, raw path: /home/debnathk/drug-synergy/data/raw/random, drug embeddings: /home/debnathk/drug-synergy/data/embeddings/drug_embeddings_random.pt
2026-02-14 18:02:08 | INFO | Loading datasets...
2026-02-14 18:02:08 | INFO | Applying target standardization...
2026-02-14 18:02:08 | INFO | Target scaler fitted - Mean: -0.8427, Std: 5.3524
2026-02-14 18:02:08 | INFO | Original target range: [-36.01, 66.66]
2026-02-14 18:02:08 | INFO | Standardized target range: [-6.57, 12.61]
2026-02-14 18:02:08 | INFO | Datasets loaded successfully
2026-02-14 18:02:08 | INFO | Configuration saved to /home/debnathk/drug-synergy/logs/kan_std_CLS_random_Synergy_ZIP_e100_20260214_180208/config.json
2026-02-14 18:02:08 | INFO | Device: cuda
2026-02-14 18:02:08 | INFO | Training samples: 207968
2026-02-14 18:02:08 | INFO | Validation samples: 29710
2026-02-14 18:02:08 | INFO | Target column: Synergy_ZIP
2026-02-14 18:02:08 | INFO | Target standardization: True
2026-02-14 18:02:08 | INFO | Batch size: 64
2026-02-14 18:02:08 | INFO | Learning rate: 0.0001
2026-02-14 18:02:08 | INFO | Number of epochs: 100
2026-02-14 18:02:08 | INFO | Omics dimensions - mRNA: 23808, miRNA: 627, Proteomics: 3171
2026-02-14 18:02:08 | INFO | Running sanity check...
2026-02-14 18:02:08 | INFO | Drug1 embedding shape: torch.Size([768])
2026-02-14 18:02:08 | INFO | Drug2 embedding shape: torch.Size([768])
2026-02-14 18:02:08 | INFO | mRNA shape: torch.Size([23808])
2026-02-14 18:02:08 | INFO | miRNA shape: torch.Size([627])
2026-02-14 18:02:08 | INFO | Proteomics shape: torch.Size([3171])
2026-02-14 18:02:08 | INFO | Target shape: torch.Size([1])
2026-02-14 18:02:08 | INFO | Target sample: -0.1987028419971466
2026-02-14 18:02:08 | INFO | Train batches: 3250
2026-02-14 18:02:08 | INFO | Validation batches: 465
2026-02-14 18:02:08 | INFO | Initializing SynergyModel with KAN head...
2026-02-14 18:02:09 | INFO | Total parameters: 18,039,276
2026-02-14 18:02:09 | INFO | Trainable parameters: 18,039,276
2026-02-14 18:02:09 | INFO | ================================================================================
2026-02-14 18:02:09 | INFO | Starting Training
2026-02-14 18:02:09 | INFO | ================================================================================
2026-02-14 18:03:24 | INFO | Best model saved at epoch 1 with val_loss: 0.7374
2026-02-14 18:04:38 | INFO | Best model saved at epoch 2 with val_loss: 0.6723
2026-02-14 18:05:54 | INFO | Best model saved at epoch 3 with val_loss: 0.6332
2026-02-14 18:07:08 | INFO | Best model saved at epoch 4 with val_loss: 0.6090
2026-02-14 18:08:23 | INFO | Best model saved at epoch 5 with val_loss: 0.5902
2026-02-14 18:09:38 | INFO | Best model saved at epoch 6 with val_loss: 0.5714
2026-02-14 18:10:52 | INFO | Best model saved at epoch 7 with val_loss: 0.5659
2026-02-14 18:12:07 | INFO | Best model saved at epoch 8 with val_loss: 0.5564
2026-02-14 18:13:21 | INFO | Best model saved at epoch 9 with val_loss: 0.5513
2026-02-14 18:14:36 | INFO | Best model saved at epoch 10 with val_loss: 0.5423
2026-02-14 18:14:36 | INFO | Epoch 010/100 | Train: 0.4936 | Val: 0.5423 | Best Val: 0.5423 | RMSE: 3.9402 | SCC: 0.6362 | PCC: 0.6834
2026-02-14 18:15:51 | INFO | Best model saved at epoch 11 with val_loss: 0.5354
2026-02-14 18:17:05 | INFO | Best model saved at epoch 12 with val_loss: 0.5305
2026-02-14 18:18:20 | INFO | Best model saved at epoch 13 with val_loss: 0.5215
2026-02-14 18:20:48 | INFO | Best model saved at epoch 15 with val_loss: 0.5084
2026-02-14 18:24:31 | INFO | Best model saved at epoch 18 with val_loss: 0.5029
2026-02-14 18:25:46 | INFO | Best model saved at epoch 19 with val_loss: 0.5014
2026-02-14 18:27:00 | INFO | Best model saved at epoch 20 with val_loss: 0.4992
2026-02-14 18:27:00 | INFO | Epoch 020/100 | Train: 0.4032 | Val: 0.4992 | Best Val: 0.4992 | RMSE: 3.7806 | SCC: 0.6542 | PCC: 0.7140
2026-02-14 18:30:42 | INFO | Best model saved at epoch 23 with val_loss: 0.4914
2026-02-14 18:38:07 | INFO | Best model saved at epoch 29 with val_loss: 0.4899
2026-02-14 18:39:22 | INFO | Best model saved at epoch 30 with val_loss: 0.4888
2026-02-14 18:39:22 | INFO | Epoch 030/100 | Train: 0.3538 | Val: 0.4888 | Best Val: 0.4888 | RMSE: 3.7430 | SCC: 0.6628 | PCC: 0.7223
2026-02-14 18:41:50 | INFO | Best model saved at epoch 32 with val_loss: 0.4888
2026-02-14 18:45:33 | INFO | Best model saved at epoch 35 with val_loss: 0.4836
2026-02-14 18:51:42 | INFO | Epoch 040/100 | Train: 0.3203 | Val: 0.4966 | Best Val: 0.4836 | RMSE: 3.7719 | SCC: 0.6598 | PCC: 0.7165
2026-02-14 18:56:38 | INFO | Best model saved at epoch 44 with val_loss: 0.4804
2026-02-14 19:04:02 | INFO | Epoch 050/100 | Train: 0.2958 | Val: 0.4946 | Best Val: 0.4804 | RMSE: 3.7634 | SCC: 0.6645 | PCC: 0.7210
2026-02-14 19:16:22 | INFO | Epoch 060/100 | Train: 0.2774 | Val: 0.4936 | Best Val: 0.4804 | RMSE: 3.7610 | SCC: 0.6649 | PCC: 0.7202
2026-02-14 19:28:42 | INFO | Epoch 070/100 | Train: 0.2636 | Val: 0.4971 | Best Val: 0.4804 | RMSE: 3.7737 | SCC: 0.6639 | PCC: 0.7190
2026-02-14 19:41:03 | INFO | Epoch 080/100 | Train: 0.2501 | Val: 0.5042 | Best Val: 0.4804 | RMSE: 3.7993 | SCC: 0.6603 | PCC: 0.7174
2026-02-14 19:53:23 | INFO | Epoch 090/100 | Train: 0.2398 | Val: 0.5148 | Best Val: 0.4804 | RMSE: 3.8426 | SCC: 0.6553 | PCC: 0.7099
2026-02-14 20:05:45 | INFO | Epoch 100/100 | Train: 0.2317 | Val: 0.5179 | Best Val: 0.4804 | RMSE: 3.8516 | SCC: 0.6524 | PCC: 0.7096
2026-02-14 20:05:45 | INFO | ================================================================================
2026-02-14 20:05:45 | INFO | Training Complete
2026-02-14 20:05:45 | INFO | ================================================================================
2026-02-14 20:05:45 | INFO | Final train loss: 0.2317
2026-02-14 20:05:45 | INFO | Final validation loss: 0.5179
2026-02-14 20:05:45 | INFO | Best validation loss: 0.4804
2026-02-14 20:05:45 | INFO | Best validation loss (original scale): 13.7620
2026-02-14 20:05:45 | INFO | 
Best validation metrics (RMSE, SCC, PCC)
+--------+-------------+
| Metric |    Value    |
+--------+-------------+
|  RMSE  | 3.71 (0.02) |
|  SCC   | 0.67 (0.00) |
|  PCC   | 0.73 (0.00) |
+--------+-------------+

2026-02-14 20:05:45 | INFO | Metrics saved to /home/debnathk/drug-synergy/logs/kan_std_CLS_random_Synergy_ZIP_e100_20260214_180208/metrics.json
2026-02-14 20:05:45 | INFO | Saving trained OmicsFusionModel weights...
2026-02-14 20:05:45 | INFO | OmicsFusionModel weights saved to /home/debnathk/drug-synergy/logs/kan_std_CLS_random_Synergy_ZIP_e100_20260214_180208/omics_encoder.pt
2026-02-14 20:05:45 | INFO | OmicsFusionModel weights also saved to /home/debnathk/drug-synergy/data/models/omics_fusion_model_best.pt
2026-02-14 20:05:45 | INFO | Generating loss plot...
2026-02-14 20:05:46 | INFO | Loss plot saved to /home/debnathk/drug-synergy/logs/kan_std_CLS_random_Synergy_ZIP_e100_20260214_180208/loss_plot_std.png
2026-02-14 20:05:46 | INFO | Loss plot also saved to /home/debnathk/drug-synergy/assets/loss_plot_std.png
2026-02-14 20:05:46 | INFO | ================================================================================
2026-02-14 20:05:46 | INFO | All outputs saved to: /home/debnathk/drug-synergy/logs/kan_std_CLS_random_Synergy_ZIP_e100_20260214_180208
2026-02-14 20:05:46 | INFO | ================================================================================
