2026-02-14 23:47:20 | INFO | Run directory: /home/debnathk/drug-synergy/logs/mlp_std_CLS_cold_drug_Synergy_ZIP_e100_20260214_234720
2026-02-14 23:47:20 | INFO | Log file: /home/debnathk/drug-synergy/logs/mlp_std_CLS_cold_drug_Synergy_ZIP_e100_20260214_234720/training.log
2026-02-14 23:47:20 | INFO | Script copied to /home/debnathk/drug-synergy/logs/mlp_std_CLS_cold_drug_Synergy_ZIP_e100_20260214_234720/main.py
2026-02-14 23:47:20 | INFO | ================================================================================
2026-02-14 23:47:20 | INFO | Starting Drug Synergy Prediction Training (MLP Head)
2026-02-14 23:47:20 | INFO | ================================================================================
2026-02-14 23:47:20 | INFO | Split type: cold_drug, raw path: /home/debnathk/drug-synergy/data/raw/cold_drug, drug embeddings: /home/debnathk/drug-synergy/data/embeddings/drug_embeddings_cold_drug.pt
2026-02-14 23:47:20 | INFO | Loading datasets...
2026-02-14 23:47:21 | INFO | Applying target standardization...
2026-02-14 23:47:21 | INFO | Target scaler fitted - Mean: -0.7900, Std: 5.4054
2026-02-14 23:47:21 | INFO | Original target range: [-35.55, 66.66]
2026-02-14 23:47:21 | INFO | Standardized target range: [-6.43, 12.48]
2026-02-14 23:47:21 | INFO | Datasets loaded successfully
2026-02-14 23:47:21 | INFO | Configuration saved to /home/debnathk/drug-synergy/logs/mlp_std_CLS_cold_drug_Synergy_ZIP_e100_20260214_234720/config.json
2026-02-14 23:47:21 | INFO | Device: cuda
2026-02-14 23:47:21 | INFO | Training samples: 206494
2026-02-14 23:47:21 | INFO | Validation samples: 28881
2026-02-14 23:47:21 | INFO | Target column: Synergy_ZIP
2026-02-14 23:47:21 | INFO | Target standardization: True
2026-02-14 23:47:21 | INFO | Batch size: 64
2026-02-14 23:47:21 | INFO | Learning rate: 0.0001
2026-02-14 23:47:21 | INFO | Number of epochs: 100
2026-02-14 23:47:21 | INFO | Omics dimensions - mRNA: 23808, miRNA: 627, Proteomics: 3171
2026-02-14 23:47:21 | INFO | Running sanity check...
2026-02-14 23:47:21 | INFO | Drug1 embedding shape: torch.Size([768])
2026-02-14 23:47:21 | INFO | Drug2 embedding shape: torch.Size([768])
2026-02-14 23:47:21 | INFO | mRNA shape: torch.Size([23808])
2026-02-14 23:47:21 | INFO | miRNA shape: torch.Size([627])
2026-02-14 23:47:21 | INFO | Proteomics shape: torch.Size([3171])
2026-02-14 23:47:21 | INFO | Target shape: torch.Size([1])
2026-02-14 23:47:21 | INFO | Target sample: 0.6366568803787231
2026-02-14 23:47:21 | INFO | Train batches: 3227
2026-02-14 23:47:21 | INFO | Validation batches: 452
2026-02-14 23:47:21 | INFO | Initializing SynergyModel with MLP head...
2026-02-14 23:47:22 | INFO | Total parameters: 17,671,853
2026-02-14 23:47:22 | INFO | Trainable parameters: 17,671,853
2026-02-14 23:47:22 | INFO | ================================================================================
2026-02-14 23:47:22 | INFO | Starting Training
2026-02-14 23:47:22 | INFO | ================================================================================
2026-02-14 23:48:20 | INFO | Best model saved at epoch 1 with val_loss: 0.8192
2026-02-14 23:49:19 | INFO | Best model saved at epoch 2 with val_loss: 0.8144
2026-02-14 23:50:18 | INFO | Best model saved at epoch 3 with val_loss: 0.7556
2026-02-14 23:57:05 | INFO | Epoch 010/100 | Train: 0.4751 | Val: 0.7716 | Best Val: 0.7556 | RMSE: 4.7489 | SCC: 0.3265 | PCC: 0.3219
2026-02-15 00:00:58 | INFO | Best model saved at epoch 14 with val_loss: 0.7497
2026-02-15 00:06:49 | INFO | Epoch 020/100 | Train: 0.3729 | Val: 0.7873 | Best Val: 0.7497 | RMSE: 4.7979 | SCC: 0.3329 | PCC: 0.3203
2026-02-15 00:16:34 | INFO | Epoch 030/100 | Train: 0.3179 | Val: 0.7751 | Best Val: 0.7497 | RMSE: 4.7598 | SCC: 0.3392 | PCC: 0.3269
2026-02-15 00:26:26 | INFO | Epoch 040/100 | Train: 0.2797 | Val: 0.7892 | Best Val: 0.7497 | RMSE: 4.7985 | SCC: 0.3326 | PCC: 0.3242
2026-02-15 00:36:20 | INFO | Epoch 050/100 | Train: 0.2523 | Val: 0.8073 | Best Val: 0.7497 | RMSE: 4.8565 | SCC: 0.3372 | PCC: 0.3228
2026-02-15 00:46:13 | INFO | Epoch 060/100 | Train: 0.2334 | Val: 0.7945 | Best Val: 0.7497 | RMSE: 4.8179 | SCC: 0.3478 | PCC: 0.3323
2026-02-15 00:56:07 | INFO | Epoch 070/100 | Train: 0.2197 | Val: 0.8188 | Best Val: 0.7497 | RMSE: 4.8902 | SCC: 0.3201 | PCC: 0.3098
2026-02-15 01:06:02 | INFO | Epoch 080/100 | Train: 0.2082 | Val: 0.8355 | Best Val: 0.7497 | RMSE: 4.9414 | SCC: 0.3279 | PCC: 0.3139
2026-02-15 01:15:56 | INFO | Epoch 090/100 | Train: 0.1993 | Val: 0.8199 | Best Val: 0.7497 | RMSE: 4.8913 | SCC: 0.3282 | PCC: 0.3190
2026-02-15 01:25:49 | INFO | Epoch 100/100 | Train: 0.1910 | Val: 0.8221 | Best Val: 0.7497 | RMSE: 4.8979 | SCC: 0.3312 | PCC: 0.3184
2026-02-15 01:25:49 | INFO | ================================================================================
2026-02-15 01:25:49 | INFO | Training Complete
2026-02-15 01:25:49 | INFO | ================================================================================
2026-02-15 01:25:49 | INFO | Final train loss: 0.1910
2026-02-15 01:25:49 | INFO | Final validation loss: 0.8221
2026-02-15 01:25:49 | INFO | Best validation loss: 0.7497
2026-02-15 01:25:49 | INFO | Best validation loss (original scale): 21.9049
2026-02-15 01:25:49 | INFO | 
Best validation metrics (RMSE, SCC, PCC)
+--------+-------------+
| Metric |    Value    |
+--------+-------------+
|  RMSE  | 4.68 (0.03) |
|  SCC   | 0.34 (0.01) |
|  PCC   | 0.33 (0.01) |
+--------+-------------+

2026-02-15 01:25:49 | INFO | Metrics saved to /home/debnathk/drug-synergy/logs/mlp_std_CLS_cold_drug_Synergy_ZIP_e100_20260214_234720/metrics.json
2026-02-15 01:25:49 | INFO | Saving trained OmicsFusionModel weights...
2026-02-15 01:25:49 | INFO | OmicsFusionModel weights saved to /home/debnathk/drug-synergy/logs/mlp_std_CLS_cold_drug_Synergy_ZIP_e100_20260214_234720/omics_encoder.pt
2026-02-15 01:25:49 | INFO | OmicsFusionModel weights also saved to /home/debnathk/drug-synergy/data/models/omics_fusion_model_best.pt
2026-02-15 01:25:49 | INFO | Generating loss plot...
2026-02-15 01:25:50 | INFO | Loss plot saved to /home/debnathk/drug-synergy/logs/mlp_std_CLS_cold_drug_Synergy_ZIP_e100_20260214_234720/loss_plot_std.png
2026-02-15 01:25:50 | INFO | Loss plot also saved to /home/debnathk/drug-synergy/assets/loss_plot_std.png
2026-02-15 01:25:50 | INFO | ================================================================================
2026-02-15 01:25:50 | INFO | All outputs saved to: /home/debnathk/drug-synergy/logs/mlp_std_CLS_cold_drug_Synergy_ZIP_e100_20260214_234720
2026-02-15 01:25:50 | INFO | ================================================================================
