2026-02-14 18:29:25 | INFO | Run directory: /home/debnathk/drug-synergy/logs/mlp_std_cold_drug_Synergy_ZIP_e100_20260214_182925
2026-02-14 18:29:25 | INFO | Log file: /home/debnathk/drug-synergy/logs/mlp_std_cold_drug_Synergy_ZIP_e100_20260214_182925/training.log
2026-02-14 18:29:25 | INFO | Script copied to /home/debnathk/drug-synergy/logs/mlp_std_cold_drug_Synergy_ZIP_e100_20260214_182925/main.py
2026-02-14 18:29:25 | INFO | ================================================================================
2026-02-14 18:29:25 | INFO | Starting Drug Synergy Prediction Training (MLP Head)
2026-02-14 18:29:25 | INFO | ================================================================================
2026-02-14 18:29:25 | INFO | Split type: cold_drug, raw path: /home/debnathk/drug-synergy/data/raw/cold_drug, drug embeddings: /home/debnathk/drug-synergy/data/embeddings/drug_embeddings_cold_drug.pt
2026-02-14 18:29:25 | INFO | Loading datasets...
2026-02-14 18:29:26 | INFO | Applying target standardization...
2026-02-14 18:29:26 | INFO | Target scaler fitted - Mean: -0.7900, Std: 5.4054
2026-02-14 18:29:26 | INFO | Original target range: [-35.55, 66.66]
2026-02-14 18:29:26 | INFO | Standardized target range: [-6.43, 12.48]
2026-02-14 18:29:26 | INFO | Datasets loaded successfully
2026-02-14 18:29:26 | INFO | Configuration saved to /home/debnathk/drug-synergy/logs/mlp_std_cold_drug_Synergy_ZIP_e100_20260214_182925/config.json
2026-02-14 18:29:26 | INFO | Device: cuda
2026-02-14 18:29:26 | INFO | Training samples: 206494
2026-02-14 18:29:26 | INFO | Validation samples: 28881
2026-02-14 18:29:26 | INFO | Target column: Synergy_ZIP
2026-02-14 18:29:26 | INFO | Target standardization: True
2026-02-14 18:29:26 | INFO | Batch size: 64
2026-02-14 18:29:26 | INFO | Learning rate: 0.0001
2026-02-14 18:29:26 | INFO | Number of epochs: 100
2026-02-14 18:29:26 | INFO | Omics dimensions - mRNA: 23808, miRNA: 627, Proteomics: 3171
2026-02-14 18:29:26 | INFO | Running sanity check...
2026-02-14 18:29:26 | INFO | Drug1 embedding shape: torch.Size([768])
2026-02-14 18:29:26 | INFO | Drug2 embedding shape: torch.Size([768])
2026-02-14 18:29:26 | INFO | mRNA shape: torch.Size([23808])
2026-02-14 18:29:26 | INFO | miRNA shape: torch.Size([627])
2026-02-14 18:29:26 | INFO | Proteomics shape: torch.Size([3171])
2026-02-14 18:29:26 | INFO | Target shape: torch.Size([1])
2026-02-14 18:29:26 | INFO | Target sample: 0.6366568803787231
2026-02-14 18:29:26 | INFO | Train batches: 3227
2026-02-14 18:29:26 | INFO | Validation batches: 452
2026-02-14 18:29:26 | INFO | Initializing SynergyModel with MLP head...
2026-02-14 18:29:27 | INFO | Total parameters: 17,671,853
2026-02-14 18:29:27 | INFO | Trainable parameters: 17,671,853
2026-02-14 18:29:27 | INFO | ================================================================================
2026-02-14 18:29:27 | INFO | Starting Training
2026-02-14 18:29:27 | INFO | ================================================================================
2026-02-14 18:30:26 | INFO | Best model saved at epoch 1 with val_loss: 0.7895
2026-02-14 18:32:24 | INFO | Best model saved at epoch 3 with val_loss: 0.7614
2026-02-14 18:38:19 | INFO | Best model saved at epoch 9 with val_loss: 0.7472
2026-02-14 18:39:18 | INFO | Epoch 010/100 | Train: 0.4690 | Val: 0.7537 | Best Val: 0.7472 | RMSE: 4.6910 | SCC: 0.3377 | PCC: 0.3281
2026-02-14 18:49:08 | INFO | Epoch 020/100 | Train: 0.3671 | Val: 0.7868 | Best Val: 0.7472 | RMSE: 4.7977 | SCC: 0.3217 | PCC: 0.3161
2026-02-14 18:58:58 | INFO | Epoch 030/100 | Train: 0.3101 | Val: 0.7790 | Best Val: 0.7472 | RMSE: 4.7709 | SCC: 0.3375 | PCC: 0.3314
2026-02-14 19:08:50 | INFO | Epoch 040/100 | Train: 0.2737 | Val: 0.8094 | Best Val: 0.7472 | RMSE: 4.8601 | SCC: 0.3231 | PCC: 0.3145
2026-02-14 19:18:40 | INFO | Epoch 050/100 | Train: 0.2489 | Val: 0.7954 | Best Val: 0.7472 | RMSE: 4.8239 | SCC: 0.3317 | PCC: 0.3253
2026-02-14 19:28:30 | INFO | Epoch 060/100 | Train: 0.2280 | Val: 0.8257 | Best Val: 0.7472 | RMSE: 4.9098 | SCC: 0.3161 | PCC: 0.3054
2026-02-14 19:38:22 | INFO | Epoch 070/100 | Train: 0.2135 | Val: 0.7995 | Best Val: 0.7472 | RMSE: 4.8316 | SCC: 0.3338 | PCC: 0.3253
2026-02-14 19:48:13 | INFO | Epoch 080/100 | Train: 0.2025 | Val: 0.8160 | Best Val: 0.7472 | RMSE: 4.8820 | SCC: 0.3157 | PCC: 0.3112
2026-02-14 19:58:04 | INFO | Epoch 090/100 | Train: 0.1955 | Val: 0.8001 | Best Val: 0.7472 | RMSE: 4.8335 | SCC: 0.3235 | PCC: 0.3164
2026-02-14 20:07:57 | INFO | Epoch 100/100 | Train: 0.1866 | Val: 0.8129 | Best Val: 0.7472 | RMSE: 4.8738 | SCC: 0.3213 | PCC: 0.3185
2026-02-14 20:07:57 | INFO | ================================================================================
2026-02-14 20:07:57 | INFO | Training Complete
2026-02-14 20:07:57 | INFO | ================================================================================
2026-02-14 20:07:57 | INFO | Final train loss: 0.1866
2026-02-14 20:07:57 | INFO | Final validation loss: 0.8129
2026-02-14 20:07:57 | INFO | Best validation loss: 0.7472
2026-02-14 20:07:57 | INFO | Best validation loss (original scale): 21.8327
2026-02-14 20:07:57 | INFO | 
Best validation metrics (RMSE, SCC, PCC)
+--------+-------------+
| Metric |    Value    |
+--------+-------------+
|  RMSE  | 4.67 (0.03) |
|  SCC   | 0.33 (0.01) |
|  PCC   | 0.33 (0.01) |
+--------+-------------+

2026-02-14 20:07:57 | INFO | Metrics saved to /home/debnathk/drug-synergy/logs/mlp_std_cold_drug_Synergy_ZIP_e100_20260214_182925/metrics.json
2026-02-14 20:07:57 | INFO | Saving trained OmicsFusionModel weights...
2026-02-14 20:07:57 | INFO | OmicsFusionModel weights saved to /home/debnathk/drug-synergy/logs/mlp_std_cold_drug_Synergy_ZIP_e100_20260214_182925/omics_encoder.pt
2026-02-14 20:07:57 | INFO | OmicsFusionModel weights also saved to /home/debnathk/drug-synergy/data/models/omics_fusion_model_best.pt
2026-02-14 20:07:57 | INFO | Generating loss plot...
2026-02-14 20:07:58 | INFO | Loss plot saved to /home/debnathk/drug-synergy/logs/mlp_std_cold_drug_Synergy_ZIP_e100_20260214_182925/loss_plot_std.png
2026-02-14 20:07:58 | INFO | Loss plot also saved to /home/debnathk/drug-synergy/assets/loss_plot_std.png
2026-02-14 20:07:58 | INFO | ================================================================================
2026-02-14 20:07:58 | INFO | All outputs saved to: /home/debnathk/drug-synergy/logs/mlp_std_cold_drug_Synergy_ZIP_e100_20260214_182925
2026-02-14 20:07:58 | INFO | ================================================================================
