2026-02-15 08:47:56 | INFO | Run directory: /home/debnathk/drug-synergy/logs/kan_std_CLS_random_Synergy_Bliss_e100_20260215_084756
2026-02-15 08:47:56 | INFO | Log file: /home/debnathk/drug-synergy/logs/kan_std_CLS_random_Synergy_Bliss_e100_20260215_084756/training.log
2026-02-15 08:47:56 | INFO | Script copied to /home/debnathk/drug-synergy/logs/kan_std_CLS_random_Synergy_Bliss_e100_20260215_084756/main.py
2026-02-15 08:47:56 | INFO | ================================================================================
2026-02-15 08:47:56 | INFO | Starting Drug Synergy Prediction Training (KAN Head)
2026-02-15 08:47:56 | INFO | ================================================================================
2026-02-15 08:47:56 | INFO | Split type: random, raw path: /home/debnathk/drug-synergy/data/raw/random, drug embeddings: /home/debnathk/drug-synergy/data/embeddings/drug_embeddings_random.pt
2026-02-15 08:47:56 | INFO | Loading datasets...
2026-02-15 08:47:56 | INFO | Applying target standardization...
2026-02-15 08:47:56 | INFO | Target scaler fitted - Mean: 0.1273, Std: 6.1044
2026-02-15 08:47:56 | INFO | Original target range: [-74.03, 78.65]
2026-02-15 08:47:56 | INFO | Standardized target range: [-12.15, 12.86]
2026-02-15 08:47:56 | INFO | Datasets loaded successfully
2026-02-15 08:47:56 | INFO | Configuration saved to /home/debnathk/drug-synergy/logs/kan_std_CLS_random_Synergy_Bliss_e100_20260215_084756/config.json
2026-02-15 08:47:56 | INFO | Device: cuda
2026-02-15 08:47:56 | INFO | Training samples: 207968
2026-02-15 08:47:56 | INFO | Validation samples: 29710
2026-02-15 08:47:56 | INFO | Target column: Synergy_Bliss
2026-02-15 08:47:56 | INFO | Target standardization: True
2026-02-15 08:47:56 | INFO | Batch size: 64
2026-02-15 08:47:56 | INFO | Learning rate: 0.0001
2026-02-15 08:47:56 | INFO | Number of epochs: 100
2026-02-15 08:47:56 | INFO | Omics dimensions - mRNA: 23808, miRNA: 627, Proteomics: 3171
2026-02-15 08:47:56 | INFO | Running sanity check...
2026-02-15 08:47:56 | INFO | Drug1 embedding shape: torch.Size([768])
2026-02-15 08:47:56 | INFO | Drug2 embedding shape: torch.Size([768])
2026-02-15 08:47:56 | INFO | mRNA shape: torch.Size([23808])
2026-02-15 08:47:56 | INFO | miRNA shape: torch.Size([627])
2026-02-15 08:47:56 | INFO | Proteomics shape: torch.Size([3171])
2026-02-15 08:47:56 | INFO | Target shape: torch.Size([1])
2026-02-15 08:47:56 | INFO | Target sample: -0.27908357977867126
2026-02-15 08:47:56 | INFO | Train batches: 3250
2026-02-15 08:47:56 | INFO | Validation batches: 465
2026-02-15 08:47:56 | INFO | Initializing SynergyModel with KAN head...
2026-02-15 08:47:57 | INFO | Total parameters: 18,039,276
2026-02-15 08:47:57 | INFO | Trainable parameters: 18,039,276
2026-02-15 08:47:57 | INFO | ================================================================================
2026-02-15 08:47:57 | INFO | Starting Training
2026-02-15 08:47:57 | INFO | ================================================================================
2026-02-15 08:49:11 | INFO | Best model saved at epoch 1 with val_loss: 0.8039
2026-02-15 08:50:25 | INFO | Best model saved at epoch 2 with val_loss: 0.7229
2026-02-15 08:51:39 | INFO | Best model saved at epoch 3 with val_loss: 0.6672
2026-02-15 08:52:54 | INFO | Best model saved at epoch 4 with val_loss: 0.6257
2026-02-15 08:54:08 | INFO | Best model saved at epoch 5 with val_loss: 0.6165
2026-02-15 08:55:22 | INFO | Best model saved at epoch 6 with val_loss: 0.5982
2026-02-15 08:56:36 | INFO | Best model saved at epoch 7 with val_loss: 0.5858
2026-02-15 08:57:51 | INFO | Best model saved at epoch 8 with val_loss: 0.5732
2026-02-15 08:59:05 | INFO | Best model saved at epoch 9 with val_loss: 0.5662
2026-02-15 09:00:19 | INFO | Best model saved at epoch 10 with val_loss: 0.5597
2026-02-15 09:00:19 | INFO | Epoch 010/100 | Train: 0.5015 | Val: 0.5597 | Best Val: 0.5597 | RMSE: 4.5652 | SCC: 0.5449 | PCC: 0.6702
2026-02-15 09:01:33 | INFO | Best model saved at epoch 11 with val_loss: 0.5532
2026-02-15 09:02:47 | INFO | Best model saved at epoch 12 with val_loss: 0.5461
2026-02-15 09:04:02 | INFO | Best model saved at epoch 13 with val_loss: 0.5437
2026-02-15 09:05:16 | INFO | Best model saved at epoch 14 with val_loss: 0.5318
2026-02-15 09:08:58 | INFO | Best model saved at epoch 17 with val_loss: 0.5285
2026-02-15 09:10:12 | INFO | Best model saved at epoch 18 with val_loss: 0.5203
2026-02-15 09:12:40 | INFO | Epoch 020/100 | Train: 0.4094 | Val: 0.5224 | Best Val: 0.5203 | RMSE: 4.4110 | SCC: 0.5699 | PCC: 0.6991
2026-02-15 09:15:08 | INFO | Best model saved at epoch 22 with val_loss: 0.5107
2026-02-15 09:17:36 | INFO | Best model saved at epoch 24 with val_loss: 0.5077
2026-02-15 09:20:03 | INFO | Best model saved at epoch 26 with val_loss: 0.5044
2026-02-15 09:22:31 | INFO | Best model saved at epoch 28 with val_loss: 0.5040
2026-02-15 09:24:59 | INFO | Epoch 030/100 | Train: 0.3600 | Val: 0.5132 | Best Val: 0.5040 | RMSE: 4.3735 | SCC: 0.5834 | PCC: 0.7088
2026-02-15 09:27:27 | INFO | Best model saved at epoch 32 with val_loss: 0.5020
2026-02-15 09:29:54 | INFO | Best model saved at epoch 34 with val_loss: 0.5019
2026-02-15 09:37:17 | INFO | Epoch 040/100 | Train: 0.3248 | Val: 0.5034 | Best Val: 0.5019 | RMSE: 4.3290 | SCC: 0.5924 | PCC: 0.7148
2026-02-15 09:38:31 | INFO | Best model saved at epoch 41 with val_loss: 0.4994
2026-02-15 09:40:59 | INFO | Best model saved at epoch 43 with val_loss: 0.4975
2026-02-15 09:49:35 | INFO | Best model saved at epoch 50 with val_loss: 0.4967
2026-02-15 09:49:35 | INFO | Epoch 050/100 | Train: 0.2996 | Val: 0.4967 | Best Val: 0.4967 | RMSE: 4.3002 | SCC: 0.5979 | PCC: 0.7190
2026-02-15 10:01:50 | INFO | Epoch 060/100 | Train: 0.2806 | Val: 0.5033 | Best Val: 0.4967 | RMSE: 4.3296 | SCC: 0.5961 | PCC: 0.7153
2026-02-15 10:14:07 | INFO | Epoch 070/100 | Train: 0.2658 | Val: 0.5132 | Best Val: 0.4967 | RMSE: 4.3751 | SCC: 0.5925 | PCC: 0.7127
2026-02-15 10:26:25 | INFO | Epoch 080/100 | Train: 0.2543 | Val: 0.5120 | Best Val: 0.4967 | RMSE: 4.3665 | SCC: 0.5933 | PCC: 0.7122
2026-02-15 10:38:44 | INFO | Epoch 090/100 | Train: 0.2436 | Val: 0.5194 | Best Val: 0.4967 | RMSE: 4.3968 | SCC: 0.5935 | PCC: 0.7092
2026-02-15 10:51:02 | INFO | Epoch 100/100 | Train: 0.2348 | Val: 0.5141 | Best Val: 0.4967 | RMSE: 4.3767 | SCC: 0.5942 | PCC: 0.7141
2026-02-15 10:51:02 | INFO | ================================================================================
2026-02-15 10:51:02 | INFO | Training Complete
2026-02-15 10:51:02 | INFO | ================================================================================
2026-02-15 10:51:02 | INFO | Final train loss: 0.2348
2026-02-15 10:51:02 | INFO | Final validation loss: 0.5141
2026-02-15 10:51:02 | INFO | Best validation loss: 0.4967
2026-02-15 10:51:02 | INFO | Best validation loss (original scale): 18.5082
2026-02-15 10:51:02 | INFO | 
Best validation metrics (RMSE, SCC, PCC)
+--------+-------------+
| Metric |    Value    |
+--------+-------------+
|  RMSE  | 4.30 (0.03) |
|  SCC   | 0.60 (0.00) |
|  PCC   | 0.72 (0.00) |
+--------+-------------+

2026-02-15 10:51:02 | INFO | Metrics saved to /home/debnathk/drug-synergy/logs/kan_std_CLS_random_Synergy_Bliss_e100_20260215_084756/metrics.json
2026-02-15 10:51:02 | INFO | Saving trained OmicsFusionModel weights...
2026-02-15 10:51:02 | INFO | OmicsFusionModel weights saved to /home/debnathk/drug-synergy/logs/kan_std_CLS_random_Synergy_Bliss_e100_20260215_084756/omics_encoder.pt
2026-02-15 10:51:02 | INFO | OmicsFusionModel weights also saved to /home/debnathk/drug-synergy/data/models/omics_fusion_model_best.pt
2026-02-15 10:51:02 | INFO | Generating loss plot...
2026-02-15 10:51:02 | INFO | Loss plot saved to /home/debnathk/drug-synergy/logs/kan_std_CLS_random_Synergy_Bliss_e100_20260215_084756/loss_plot_std.png
2026-02-15 10:51:03 | INFO | Loss plot also saved to /home/debnathk/drug-synergy/assets/loss_plot_std.png
2026-02-15 10:51:03 | INFO | ================================================================================
2026-02-15 10:51:03 | INFO | All outputs saved to: /home/debnathk/drug-synergy/logs/kan_std_CLS_random_Synergy_Bliss_e100_20260215_084756
2026-02-15 10:51:03 | INFO | ================================================================================
