2026-02-14 22:07:47 | INFO | Run directory: /home/debnathk/drug-synergy/logs/mlp_std_CLS_random_Synergy_ZIP_e100_20260214_220747
2026-02-14 22:07:47 | INFO | Log file: /home/debnathk/drug-synergy/logs/mlp_std_CLS_random_Synergy_ZIP_e100_20260214_220747/training.log
2026-02-14 22:07:47 | INFO | Script copied to /home/debnathk/drug-synergy/logs/mlp_std_CLS_random_Synergy_ZIP_e100_20260214_220747/main.py
2026-02-14 22:07:47 | INFO | ================================================================================
2026-02-14 22:07:47 | INFO | Starting Drug Synergy Prediction Training (MLP Head)
2026-02-14 22:07:47 | INFO | ================================================================================
2026-02-14 22:07:47 | INFO | Split type: random, raw path: /home/debnathk/drug-synergy/data/raw/random, drug embeddings: /home/debnathk/drug-synergy/data/embeddings/drug_embeddings_random.pt
2026-02-14 22:07:47 | INFO | Loading datasets...
2026-02-14 22:07:47 | INFO | Applying target standardization...
2026-02-14 22:07:47 | INFO | Target scaler fitted - Mean: -0.8427, Std: 5.3524
2026-02-14 22:07:47 | INFO | Original target range: [-36.01, 66.66]
2026-02-14 22:07:47 | INFO | Standardized target range: [-6.57, 12.61]
2026-02-14 22:07:47 | INFO | Datasets loaded successfully
2026-02-14 22:07:47 | INFO | Configuration saved to /home/debnathk/drug-synergy/logs/mlp_std_CLS_random_Synergy_ZIP_e100_20260214_220747/config.json
2026-02-14 22:07:47 | INFO | Device: cuda
2026-02-14 22:07:47 | INFO | Training samples: 207968
2026-02-14 22:07:47 | INFO | Validation samples: 29710
2026-02-14 22:07:47 | INFO | Target column: Synergy_ZIP
2026-02-14 22:07:47 | INFO | Target standardization: True
2026-02-14 22:07:47 | INFO | Batch size: 64
2026-02-14 22:07:47 | INFO | Learning rate: 0.0001
2026-02-14 22:07:47 | INFO | Number of epochs: 100
2026-02-14 22:07:47 | INFO | Omics dimensions - mRNA: 23808, miRNA: 627, Proteomics: 3171
2026-02-14 22:07:47 | INFO | Running sanity check...
2026-02-14 22:07:47 | INFO | Drug1 embedding shape: torch.Size([768])
2026-02-14 22:07:47 | INFO | Drug2 embedding shape: torch.Size([768])
2026-02-14 22:07:47 | INFO | mRNA shape: torch.Size([23808])
2026-02-14 22:07:47 | INFO | miRNA shape: torch.Size([627])
2026-02-14 22:07:47 | INFO | Proteomics shape: torch.Size([3171])
2026-02-14 22:07:47 | INFO | Target shape: torch.Size([1])
2026-02-14 22:07:47 | INFO | Target sample: -0.1987028419971466
2026-02-14 22:07:47 | INFO | Train batches: 3250
2026-02-14 22:07:47 | INFO | Validation batches: 465
2026-02-14 22:07:47 | INFO | Initializing SynergyModel with MLP head...
2026-02-14 22:07:48 | INFO | Total parameters: 17,671,853
2026-02-14 22:07:48 | INFO | Trainable parameters: 17,671,853
2026-02-14 22:07:48 | INFO | ================================================================================
2026-02-14 22:07:48 | INFO | Starting Training
2026-02-14 22:07:48 | INFO | ================================================================================
2026-02-14 22:08:48 | INFO | Best model saved at epoch 1 with val_loss: 0.6958
2026-02-14 22:09:48 | INFO | Best model saved at epoch 2 with val_loss: 0.6477
2026-02-14 22:10:48 | INFO | Best model saved at epoch 3 with val_loss: 0.6078
2026-02-14 22:11:48 | INFO | Best model saved at epoch 4 with val_loss: 0.5939
2026-02-14 22:12:47 | INFO | Best model saved at epoch 5 with val_loss: 0.5841
2026-02-14 22:13:47 | INFO | Best model saved at epoch 6 with val_loss: 0.5618
2026-02-14 22:14:47 | INFO | Best model saved at epoch 7 with val_loss: 0.5563
2026-02-14 22:15:47 | INFO | Best model saved at epoch 8 with val_loss: 0.5365
2026-02-14 22:16:47 | INFO | Best model saved at epoch 9 with val_loss: 0.5274
2026-02-14 22:17:46 | INFO | Best model saved at epoch 10 with val_loss: 0.5228
2026-02-14 22:17:46 | INFO | Epoch 010/100 | Train: 0.4922 | Val: 0.5228 | Best Val: 0.5228 | RMSE: 3.8699 | SCC: 0.6528 | PCC: 0.6936
2026-02-14 22:18:46 | INFO | Best model saved at epoch 11 with val_loss: 0.5078
2026-02-14 22:20:45 | INFO | Best model saved at epoch 13 with val_loss: 0.5038
2026-02-14 22:21:45 | INFO | Best model saved at epoch 14 with val_loss: 0.4916
2026-02-14 22:22:45 | INFO | Best model saved at epoch 15 with val_loss: 0.4853
2026-02-14 22:23:45 | INFO | Best model saved at epoch 16 with val_loss: 0.4777
2026-02-14 22:24:45 | INFO | Best model saved at epoch 17 with val_loss: 0.4746
2026-02-14 22:25:45 | INFO | Best model saved at epoch 18 with val_loss: 0.4740
2026-02-14 22:26:45 | INFO | Best model saved at epoch 19 with val_loss: 0.4642
2026-02-14 22:27:45 | INFO | Best model saved at epoch 20 with val_loss: 0.4593
2026-02-14 22:27:45 | INFO | Epoch 020/100 | Train: 0.3897 | Val: 0.4593 | Best Val: 0.4593 | RMSE: 3.6288 | SCC: 0.6861 | PCC: 0.7381
2026-02-14 22:30:44 | INFO | Best model saved at epoch 23 with val_loss: 0.4514
2026-02-14 22:31:44 | INFO | Best model saved at epoch 24 with val_loss: 0.4489
2026-02-14 22:33:43 | INFO | Best model saved at epoch 26 with val_loss: 0.4452
2026-02-14 22:34:42 | INFO | Best model saved at epoch 27 with val_loss: 0.4442
2026-02-14 22:35:43 | INFO | Best model saved at epoch 28 with val_loss: 0.4435
2026-02-14 22:37:42 | INFO | Epoch 030/100 | Train: 0.3281 | Val: 0.4442 | Best Val: 0.4435 | RMSE: 3.5676 | SCC: 0.6992 | PCC: 0.7485
2026-02-14 22:38:42 | INFO | Best model saved at epoch 31 with val_loss: 0.4339
2026-02-14 22:46:35 | INFO | Best model saved at epoch 39 with val_loss: 0.4307
2026-02-14 22:47:34 | INFO | Epoch 040/100 | Train: 0.2869 | Val: 0.4352 | Best Val: 0.4307 | RMSE: 3.5289 | SCC: 0.7034 | PCC: 0.7542
2026-02-14 22:51:32 | INFO | Best model saved at epoch 44 with val_loss: 0.4294
2026-02-14 22:53:31 | INFO | Best model saved at epoch 46 with val_loss: 0.4225
2026-02-14 22:57:28 | INFO | Epoch 050/100 | Train: 0.2623 | Val: 0.4297 | Best Val: 0.4225 | RMSE: 3.5088 | SCC: 0.7079 | PCC: 0.7572
2026-02-14 23:07:21 | INFO | Epoch 060/100 | Train: 0.2401 | Val: 0.4243 | Best Val: 0.4225 | RMSE: 3.4896 | SCC: 0.7096 | PCC: 0.7614
2026-02-14 23:17:14 | INFO | Epoch 070/100 | Train: 0.2254 | Val: 0.4295 | Best Val: 0.4225 | RMSE: 3.5093 | SCC: 0.7055 | PCC: 0.7576
2026-02-14 23:27:06 | INFO | Epoch 080/100 | Train: 0.2136 | Val: 0.4274 | Best Val: 0.4225 | RMSE: 3.5007 | SCC: 0.7069 | PCC: 0.7596
2026-02-14 23:29:06 | INFO | Best model saved at epoch 82 with val_loss: 0.4221
2026-02-14 23:35:02 | INFO | Best model saved at epoch 88 with val_loss: 0.4211
2026-02-14 23:37:02 | INFO | Epoch 090/100 | Train: 0.2035 | Val: 0.4313 | Best Val: 0.4211 | RMSE: 3.5154 | SCC: 0.7047 | PCC: 0.7561
2026-02-14 23:46:56 | INFO | Best model saved at epoch 100 with val_loss: 0.4203
2026-02-14 23:46:56 | INFO | Epoch 100/100 | Train: 0.1957 | Val: 0.4203 | Best Val: 0.4203 | RMSE: 3.4745 | SCC: 0.7134 | PCC: 0.7636
2026-02-14 23:46:56 | INFO | ================================================================================
2026-02-14 23:46:56 | INFO | Training Complete
2026-02-14 23:46:56 | INFO | ================================================================================
2026-02-14 23:46:56 | INFO | Final train loss: 0.1957
2026-02-14 23:46:56 | INFO | Final validation loss: 0.4203
2026-02-14 23:46:56 | INFO | Best validation loss: 0.4203
2026-02-14 23:46:56 | INFO | Best validation loss (original scale): 12.0421
2026-02-14 23:46:56 | INFO | 
Best validation metrics (RMSE, SCC, PCC)
+--------+-------------+
| Metric |    Value    |
+--------+-------------+
|  RMSE  | 3.47 (0.02) |
|  SCC   | 0.71 (0.00) |
|  PCC   | 0.76 (0.00) |
+--------+-------------+

2026-02-14 23:46:56 | INFO | Metrics saved to /home/debnathk/drug-synergy/logs/mlp_std_CLS_random_Synergy_ZIP_e100_20260214_220747/metrics.json
2026-02-14 23:46:56 | INFO | Saving trained OmicsFusionModel weights...
2026-02-14 23:46:56 | INFO | OmicsFusionModel weights saved to /home/debnathk/drug-synergy/logs/mlp_std_CLS_random_Synergy_ZIP_e100_20260214_220747/omics_encoder.pt
2026-02-14 23:46:57 | INFO | OmicsFusionModel weights also saved to /home/debnathk/drug-synergy/data/models/omics_fusion_model_best.pt
2026-02-14 23:46:57 | INFO | Generating loss plot...
2026-02-14 23:46:57 | INFO | Loss plot saved to /home/debnathk/drug-synergy/logs/mlp_std_CLS_random_Synergy_ZIP_e100_20260214_220747/loss_plot_std.png
2026-02-14 23:46:57 | INFO | Loss plot also saved to /home/debnathk/drug-synergy/assets/loss_plot_std.png
2026-02-14 23:46:57 | INFO | ================================================================================
2026-02-14 23:46:57 | INFO | All outputs saved to: /home/debnathk/drug-synergy/logs/mlp_std_CLS_random_Synergy_ZIP_e100_20260214_220747
2026-02-14 23:46:57 | INFO | ================================================================================
