2026-02-10 06:59:21 | INFO | Run directory: /home/debnathk/drug-synergy/logs/kan_std_random_Loewe_e100_20260210_065921
2026-02-10 06:59:21 | INFO | Log file: /home/debnathk/drug-synergy/logs/kan_std_random_Loewe_e100_20260210_065921/training.log
2026-02-10 06:59:21 | INFO | Script copied to /home/debnathk/drug-synergy/logs/kan_std_random_Loewe_e100_20260210_065921/main.py
2026-02-10 06:59:21 | INFO | ================================================================================
2026-02-10 06:59:21 | INFO | Starting Drug Synergy Prediction Training (KAN Head)
2026-02-10 06:59:21 | INFO | ================================================================================
2026-02-10 06:59:21 | INFO | Split type: random, raw path: /home/debnathk/drug-synergy/data/raw/random, drug embeddings: /home/debnathk/drug-synergy/data/embeddings/drug_embeddings_random.pt
2026-02-10 06:59:21 | INFO | Loading datasets...
2026-02-10 06:59:21 | INFO | Applying target standardization...
2026-02-10 06:59:21 | INFO | Target scaler fitted - Mean: -9.1090, Std: 14.5873
2026-02-10 06:59:21 | INFO | Original target range: [-114.32, 83.55]
2026-02-10 06:59:21 | INFO | Standardized target range: [-7.21, 6.35]
2026-02-10 06:59:21 | INFO | Datasets loaded successfully
2026-02-10 06:59:21 | INFO | Configuration saved to /home/debnathk/drug-synergy/logs/kan_std_random_Loewe_e100_20260210_065921/config.json
2026-02-10 06:59:21 | INFO | Device: cuda
2026-02-10 06:59:21 | INFO | Training samples: 207968
2026-02-10 06:59:21 | INFO | Validation samples: 29710
2026-02-10 06:59:21 | INFO | Target column: Synergy_Loewe
2026-02-10 06:59:21 | INFO | Target standardization: True
2026-02-10 06:59:21 | INFO | Batch size: 64
2026-02-10 06:59:21 | INFO | Learning rate: 0.0001
2026-02-10 06:59:21 | INFO | Number of epochs: 100
2026-02-10 06:59:21 | INFO | Omics dimensions - mRNA: 23808, miRNA: 627, Proteomics: 3171
2026-02-10 06:59:21 | INFO | Running sanity check...
2026-02-10 06:59:21 | INFO | Drug1 embedding shape: torch.Size([768])
2026-02-10 06:59:21 | INFO | Drug2 embedding shape: torch.Size([768])
2026-02-10 06:59:21 | INFO | mRNA shape: torch.Size([23808])
2026-02-10 06:59:21 | INFO | miRNA shape: torch.Size([627])
2026-02-10 06:59:21 | INFO | Proteomics shape: torch.Size([3171])
2026-02-10 06:59:21 | INFO | Target shape: torch.Size([1])
2026-02-10 06:59:21 | INFO | Target sample: -1.461743712425232
2026-02-10 06:59:21 | INFO | Train batches: 3250
2026-02-10 06:59:21 | INFO | Validation batches: 465
2026-02-10 06:59:21 | INFO | Initializing SynergyModel with KAN head...
2026-02-10 06:59:22 | INFO | Total parameters: 20,599,532
2026-02-10 06:59:22 | INFO | Trainable parameters: 20,599,532
2026-02-10 06:59:22 | INFO | ================================================================================
2026-02-10 06:59:22 | INFO | Starting Training
2026-02-10 06:59:22 | INFO | ================================================================================
2026-02-10 07:00:41 | INFO | Best model saved at epoch 1 with val_loss: 0.6288
2026-02-10 07:01:59 | INFO | Best model saved at epoch 2 with val_loss: 0.5756
2026-02-10 07:03:18 | INFO | Best model saved at epoch 3 with val_loss: 0.5516
2026-02-10 07:04:37 | INFO | Best model saved at epoch 4 with val_loss: 0.5391
2026-02-10 07:05:55 | INFO | Best model saved at epoch 5 with val_loss: 0.5269
2026-02-10 07:07:14 | INFO | Best model saved at epoch 6 with val_loss: 0.5117
2026-02-10 07:08:33 | INFO | Best model saved at epoch 7 with val_loss: 0.5116
2026-02-10 07:11:10 | INFO | Best model saved at epoch 9 with val_loss: 0.4970
2026-02-10 07:12:28 | INFO | Best model saved at epoch 10 with val_loss: 0.4949
2026-02-10 07:12:28 | INFO | Epoch 010/100 | Train: 0.4787 | Val: 0.4949 | Best Val: 0.4949 | RMSE: 10.2634 | SCC: 0.6244 | PCC: 0.7057
2026-02-10 07:13:47 | INFO | Best model saved at epoch 11 with val_loss: 0.4918
2026-02-10 07:15:06 | INFO | Best model saved at epoch 12 with val_loss: 0.4890
2026-02-10 07:16:25 | INFO | Best model saved at epoch 13 with val_loss: 0.4880
2026-02-10 07:17:44 | INFO | Best model saved at epoch 14 with val_loss: 0.4772
2026-02-10 07:19:02 | INFO | Best model saved at epoch 15 with val_loss: 0.4705
2026-02-10 07:25:33 | INFO | Best model saved at epoch 20 with val_loss: 0.4659
2026-02-10 07:25:33 | INFO | Epoch 020/100 | Train: 0.3903 | Val: 0.4659 | Best Val: 0.4659 | RMSE: 9.9673 | SCC: 0.6433 | PCC: 0.7266
2026-02-10 07:33:22 | INFO | Best model saved at epoch 26 with val_loss: 0.4609
2026-02-10 07:38:35 | INFO | Best model saved at epoch 30 with val_loss: 0.4607
2026-02-10 07:38:35 | INFO | Epoch 030/100 | Train: 0.3361 | Val: 0.4607 | Best Val: 0.4607 | RMSE: 9.8993 | SCC: 0.6484 | PCC: 0.7311
2026-02-10 07:42:30 | INFO | Best model saved at epoch 33 with val_loss: 0.4588
2026-02-10 07:51:37 | INFO | Epoch 040/100 | Train: 0.2982 | Val: 0.4661 | Best Val: 0.4588 | RMSE: 9.9600 | SCC: 0.6481 | PCC: 0.7263
2026-02-10 08:04:39 | INFO | Epoch 050/100 | Train: 0.2715 | Val: 0.4698 | Best Val: 0.4588 | RMSE: 9.9875 | SCC: 0.6529 | PCC: 0.7286
2026-02-10 08:17:40 | INFO | Epoch 060/100 | Train: 0.2499 | Val: 0.4740 | Best Val: 0.4588 | RMSE: 10.0450 | SCC: 0.6511 | PCC: 0.7248
2026-02-10 08:30:42 | INFO | Epoch 070/100 | Train: 0.2342 | Val: 0.4816 | Best Val: 0.4588 | RMSE: 10.1198 | SCC: 0.6484 | PCC: 0.7228
2026-02-10 08:43:44 | INFO | Epoch 080/100 | Train: 0.2207 | Val: 0.4856 | Best Val: 0.4588 | RMSE: 10.1649 | SCC: 0.6486 | PCC: 0.7225
2026-02-10 08:56:47 | INFO | Epoch 090/100 | Train: 0.2090 | Val: 0.4856 | Best Val: 0.4588 | RMSE: 10.1677 | SCC: 0.6475 | PCC: 0.7251
2026-02-10 09:09:50 | INFO | Epoch 100/100 | Train: 0.2012 | Val: 0.4857 | Best Val: 0.4588 | RMSE: 10.1650 | SCC: 0.6455 | PCC: 0.7212
2026-02-10 09:09:50 | INFO | ================================================================================
2026-02-10 09:09:50 | INFO | Training Complete
2026-02-10 09:09:50 | INFO | ================================================================================
2026-02-10 09:09:50 | INFO | Final train loss: 0.2012
2026-02-10 09:09:50 | INFO | Final validation loss: 0.4857
2026-02-10 09:09:50 | INFO | Best validation loss: 0.4588
2026-02-10 09:09:50 | INFO | Best validation loss (original scale): 97.6338
2026-02-10 09:09:50 | INFO | 
Best validation metrics (RMSE, SCC, PCC)
+--------+-------------+
| Metric |    Value    |
+--------+-------------+
|  RMSE  | 9.88 (0.08) |
|  SCC   | 0.65 (0.00) |
|  PCC   | 0.73 (0.00) |
+--------+-------------+

2026-02-10 09:09:50 | INFO | Metrics saved to /home/debnathk/drug-synergy/logs/kan_std_random_Loewe_e100_20260210_065921/metrics.json
2026-02-10 09:09:50 | INFO | Saving trained OmicsFusionModel weights...
2026-02-10 09:09:50 | INFO | OmicsFusionModel weights saved to /home/debnathk/drug-synergy/logs/kan_std_random_Loewe_e100_20260210_065921/omics_encoder.pt
2026-02-10 09:09:50 | INFO | OmicsFusionModel weights also saved to /home/debnathk/drug-synergy/data/models/omics_fusion_model_best.pt
2026-02-10 09:09:50 | INFO | Generating loss plot...
2026-02-10 09:09:51 | INFO | Loss plot saved to /home/debnathk/drug-synergy/logs/kan_std_random_Loewe_e100_20260210_065921/loss_plot_std.png
2026-02-10 09:09:51 | INFO | Loss plot also saved to /home/debnathk/drug-synergy/assets/loss_plot_std.png
2026-02-10 09:09:51 | INFO | ================================================================================
2026-02-10 09:09:51 | INFO | All outputs saved to: /home/debnathk/drug-synergy/logs/kan_std_random_Loewe_e100_20260210_065921
2026-02-10 09:09:51 | INFO | ================================================================================
