2026-02-06 12:14:54 | INFO | Run directory: /home/debnathk/drug-synergy/logs/kan_std_random_HSA_e100_20260206_121454
2026-02-06 12:14:54 | INFO | Log file: /home/debnathk/drug-synergy/logs/kan_std_random_HSA_e100_20260206_121454/training.log
2026-02-06 12:14:54 | INFO | Script copied to /home/debnathk/drug-synergy/logs/kan_std_random_HSA_e100_20260206_121454/main.py
2026-02-06 12:14:54 | INFO | ================================================================================
2026-02-06 12:14:54 | INFO | Starting Drug Synergy Prediction Training (KAN Head)
2026-02-06 12:14:54 | INFO | ================================================================================
2026-02-06 12:14:54 | INFO | Split type: random, raw path: /home/debnathk/drug-synergy/data/raw/random, drug embeddings: /home/debnathk/drug-synergy/data/embeddings/drug_embeddings_random.pt
2026-02-06 12:14:54 | INFO | Loading datasets...
2026-02-06 12:14:55 | INFO | Applying target standardization...
2026-02-06 12:14:55 | INFO | Target scaler fitted - Mean: -0.4388, Std: 5.9223
2026-02-06 12:14:55 | INFO | Original target range: [-80.86, 64.29]
2026-02-06 12:14:55 | INFO | Standardized target range: [-13.58, 10.93]
2026-02-06 12:14:55 | INFO | Datasets loaded successfully
2026-02-06 12:14:55 | INFO | Configuration saved to /home/debnathk/drug-synergy/logs/kan_std_random_HSA_e100_20260206_121454/config.json
2026-02-06 12:14:55 | INFO | Device: cuda
2026-02-06 12:14:55 | INFO | Training samples: 207968
2026-02-06 12:14:55 | INFO | Validation samples: 29710
2026-02-06 12:14:55 | INFO | Target column: Synergy_HSA
2026-02-06 12:14:55 | INFO | Target standardization: True
2026-02-06 12:14:55 | INFO | Batch size: 64
2026-02-06 12:14:55 | INFO | Learning rate: 0.0001
2026-02-06 12:14:55 | INFO | Number of epochs: 100
2026-02-06 12:14:55 | INFO | Omics dimensions - mRNA: 23808, miRNA: 627, Proteomics: 3171
2026-02-06 12:14:55 | INFO | Running sanity check...
2026-02-06 12:14:55 | INFO | Drug1 embedding shape: torch.Size([768])
2026-02-06 12:14:55 | INFO | Drug2 embedding shape: torch.Size([768])
2026-02-06 12:14:55 | INFO | mRNA shape: torch.Size([23808])
2026-02-06 12:14:55 | INFO | miRNA shape: torch.Size([627])
2026-02-06 12:14:55 | INFO | Proteomics shape: torch.Size([3171])
2026-02-06 12:14:55 | INFO | Target shape: torch.Size([1])
2026-02-06 12:14:55 | INFO | Target sample: -0.3848823010921478
2026-02-06 12:14:55 | INFO | Train batches: 3250
2026-02-06 12:14:55 | INFO | Validation batches: 465
2026-02-06 12:14:55 | INFO | Initializing SynergyModel with KAN head...
2026-02-06 12:14:56 | INFO | Total parameters: 20,599,532
2026-02-06 12:14:56 | INFO | Trainable parameters: 20,599,532
2026-02-06 12:14:56 | INFO | ================================================================================
2026-02-06 12:14:56 | INFO | Starting Training
2026-02-06 12:14:56 | INFO | ================================================================================
2026-02-06 12:16:08 | INFO | Best model saved at epoch 1 with val_loss: 0.7794
2026-02-06 12:17:20 | INFO | Best model saved at epoch 2 with val_loss: 0.6831
2026-02-06 12:18:33 | INFO | Best model saved at epoch 3 with val_loss: 0.6382
2026-02-06 12:19:45 | INFO | Best model saved at epoch 4 with val_loss: 0.6171
2026-02-06 12:20:57 | INFO | Best model saved at epoch 5 with val_loss: 0.5996
2026-02-06 12:22:10 | INFO | Best model saved at epoch 6 with val_loss: 0.5849
2026-02-06 12:23:22 | INFO | Best model saved at epoch 7 with val_loss: 0.5737
2026-02-06 12:24:34 | INFO | Best model saved at epoch 8 with val_loss: 0.5694
2026-02-06 12:25:47 | INFO | Best model saved at epoch 9 with val_loss: 0.5621
2026-02-06 12:26:59 | INFO | Best model saved at epoch 10 with val_loss: 0.5505
2026-02-06 12:26:59 | INFO | Epoch 010/100 | Train: 0.4935 | Val: 0.5505 | Best Val: 0.5505 | RMSE: 4.3971 | SCC: 0.5802 | PCC: 0.6750
2026-02-06 12:28:12 | INFO | Best model saved at epoch 11 with val_loss: 0.5478
2026-02-06 12:29:24 | INFO | Best model saved at epoch 12 with val_loss: 0.5389
2026-02-06 12:30:36 | INFO | Best model saved at epoch 13 with val_loss: 0.5256
2026-02-06 12:31:49 | INFO | Best model saved at epoch 14 with val_loss: 0.5200
2026-02-06 12:33:01 | INFO | Best model saved at epoch 15 with val_loss: 0.5178
2026-02-06 12:34:13 | INFO | Best model saved at epoch 16 with val_loss: 0.5091
2026-02-06 12:37:51 | INFO | Best model saved at epoch 19 with val_loss: 0.4993
2026-02-06 12:39:04 | INFO | Epoch 020/100 | Train: 0.3974 | Val: 0.5019 | Best Val: 0.4993 | RMSE: 4.1935 | SCC: 0.6055 | PCC: 0.7091
2026-02-06 12:41:28 | INFO | Best model saved at epoch 22 with val_loss: 0.4952
2026-02-06 12:42:40 | INFO | Best model saved at epoch 23 with val_loss: 0.4872
2026-02-06 12:45:05 | INFO | Best model saved at epoch 25 with val_loss: 0.4822
2026-02-06 12:51:05 | INFO | Best model saved at epoch 30 with val_loss: 0.4781
2026-02-06 12:51:05 | INFO | Epoch 030/100 | Train: 0.3428 | Val: 0.4781 | Best Val: 0.4781 | RMSE: 4.0982 | SCC: 0.6220 | PCC: 0.7279
2026-02-06 12:55:52 | INFO | Best model saved at epoch 34 with val_loss: 0.4780
2026-02-06 12:57:05 | INFO | Best model saved at epoch 35 with val_loss: 0.4757
2026-02-06 12:58:18 | INFO | Best model saved at epoch 36 with val_loss: 0.4672
2026-02-06 13:01:54 | INFO | Best model saved at epoch 39 with val_loss: 0.4652
2026-02-06 13:03:07 | INFO | Epoch 040/100 | Train: 0.3075 | Val: 0.4733 | Best Val: 0.4652 | RMSE: 4.0784 | SCC: 0.6270 | PCC: 0.7309
2026-02-06 13:05:33 | INFO | Best model saved at epoch 42 with val_loss: 0.4625
2026-02-06 13:15:07 | INFO | Epoch 050/100 | Train: 0.2819 | Val: 0.4681 | Best Val: 0.4625 | RMSE: 4.0515 | SCC: 0.6312 | PCC: 0.7353
2026-02-06 13:27:05 | INFO | Epoch 060/100 | Train: 0.2635 | Val: 0.4740 | Best Val: 0.4625 | RMSE: 4.0787 | SCC: 0.6292 | PCC: 0.7365
2026-02-06 13:39:05 | INFO | Epoch 070/100 | Train: 0.2487 | Val: 0.4761 | Best Val: 0.4625 | RMSE: 4.0869 | SCC: 0.6318 | PCC: 0.7339
2026-02-06 13:51:02 | INFO | Epoch 080/100 | Train: 0.2366 | Val: 0.4763 | Best Val: 0.4625 | RMSE: 4.0908 | SCC: 0.6330 | PCC: 0.7371
2026-02-06 14:03:00 | INFO | Epoch 090/100 | Train: 0.2262 | Val: 0.4867 | Best Val: 0.4625 | RMSE: 4.1307 | SCC: 0.6315 | PCC: 0.7345
2026-02-06 14:15:00 | INFO | Epoch 100/100 | Train: 0.2189 | Val: 0.4897 | Best Val: 0.4625 | RMSE: 4.1424 | SCC: 0.6237 | PCC: 0.7275
2026-02-06 14:15:00 | INFO | ================================================================================
2026-02-06 14:15:00 | INFO | Training Complete
2026-02-06 14:15:00 | INFO | ================================================================================
2026-02-06 14:15:00 | INFO | Final train loss: 0.2189
2026-02-06 14:15:00 | INFO | Final validation loss: 0.4897
2026-02-06 14:15:00 | INFO | Best validation loss: 0.4625
2026-02-06 14:15:00 | INFO | Best validation loss (original scale): 16.2216
2026-02-06 14:15:00 | INFO | 
Best validation metrics (RMSE, SCC, PCC)
+--------+-------------+
| Metric |    Value    |
+--------+-------------+
|  RMSE  | 4.03 (0.03) |
|  SCC   | 0.63 (0.00) |
|  PCC   | 0.74 (0.00) |
+--------+-------------+

2026-02-06 14:15:00 | INFO | Metrics saved to /home/debnathk/drug-synergy/logs/kan_std_random_HSA_e100_20260206_121454/metrics.json
2026-02-06 14:15:00 | INFO | Saving trained OmicsFusionModel weights...
2026-02-06 14:15:01 | INFO | OmicsFusionModel weights saved to /home/debnathk/drug-synergy/logs/kan_std_random_HSA_e100_20260206_121454/omics_encoder.pt
2026-02-06 14:15:01 | INFO | OmicsFusionModel weights also saved to /home/debnathk/drug-synergy/data/models/omics_fusion_model_best.pt
2026-02-06 14:15:01 | INFO | Generating loss plot...
2026-02-06 14:15:01 | INFO | Loss plot saved to /home/debnathk/drug-synergy/logs/kan_std_random_HSA_e100_20260206_121454/loss_plot_std.png
2026-02-06 14:15:01 | INFO | Loss plot also saved to /home/debnathk/drug-synergy/assets/loss_plot_std.png
2026-02-06 14:15:01 | INFO | ================================================================================
2026-02-06 14:15:01 | INFO | All outputs saved to: /home/debnathk/drug-synergy/logs/kan_std_random_HSA_e100_20260206_121454
2026-02-06 14:15:01 | INFO | ================================================================================
