2026-02-15 05:30:18 | INFO | Run directory: /home/debnathk/drug-synergy/logs/mlp_std_CLS_random_Synergy_HSA_e100_20260215_053018
2026-02-15 05:30:18 | INFO | Log file: /home/debnathk/drug-synergy/logs/mlp_std_CLS_random_Synergy_HSA_e100_20260215_053018/training.log
2026-02-15 05:30:18 | INFO | Script copied to /home/debnathk/drug-synergy/logs/mlp_std_CLS_random_Synergy_HSA_e100_20260215_053018/main.py
2026-02-15 05:30:18 | INFO | ================================================================================
2026-02-15 05:30:18 | INFO | Starting Drug Synergy Prediction Training (MLP Head)
2026-02-15 05:30:18 | INFO | ================================================================================
2026-02-15 05:30:18 | INFO | Split type: random, raw path: /home/debnathk/drug-synergy/data/raw/random, drug embeddings: /home/debnathk/drug-synergy/data/embeddings/drug_embeddings_random.pt
2026-02-15 05:30:18 | INFO | Loading datasets...
2026-02-15 05:30:18 | INFO | Applying target standardization...
2026-02-15 05:30:18 | INFO | Target scaler fitted - Mean: -0.4388, Std: 5.9223
2026-02-15 05:30:18 | INFO | Original target range: [-80.86, 64.29]
2026-02-15 05:30:18 | INFO | Standardized target range: [-13.58, 10.93]
2026-02-15 05:30:18 | INFO | Datasets loaded successfully
2026-02-15 05:30:18 | INFO | Configuration saved to /home/debnathk/drug-synergy/logs/mlp_std_CLS_random_Synergy_HSA_e100_20260215_053018/config.json
2026-02-15 05:30:18 | INFO | Device: cuda
2026-02-15 05:30:18 | INFO | Training samples: 207968
2026-02-15 05:30:18 | INFO | Validation samples: 29710
2026-02-15 05:30:18 | INFO | Target column: Synergy_HSA
2026-02-15 05:30:18 | INFO | Target standardization: True
2026-02-15 05:30:18 | INFO | Batch size: 64
2026-02-15 05:30:18 | INFO | Learning rate: 0.0001
2026-02-15 05:30:18 | INFO | Number of epochs: 100
2026-02-15 05:30:18 | INFO | Omics dimensions - mRNA: 23808, miRNA: 627, Proteomics: 3171
2026-02-15 05:30:18 | INFO | Running sanity check...
2026-02-15 05:30:18 | INFO | Drug1 embedding shape: torch.Size([768])
2026-02-15 05:30:18 | INFO | Drug2 embedding shape: torch.Size([768])
2026-02-15 05:30:18 | INFO | mRNA shape: torch.Size([23808])
2026-02-15 05:30:18 | INFO | miRNA shape: torch.Size([627])
2026-02-15 05:30:18 | INFO | Proteomics shape: torch.Size([3171])
2026-02-15 05:30:18 | INFO | Target shape: torch.Size([1])
2026-02-15 05:30:18 | INFO | Target sample: -0.3848823010921478
2026-02-15 05:30:18 | INFO | Train batches: 3250
2026-02-15 05:30:18 | INFO | Validation batches: 465
2026-02-15 05:30:18 | INFO | Initializing SynergyModel with MLP head...
2026-02-15 05:30:19 | INFO | Total parameters: 17,671,853
2026-02-15 05:30:19 | INFO | Trainable parameters: 17,671,853
2026-02-15 05:30:19 | INFO | ================================================================================
2026-02-15 05:30:19 | INFO | Starting Training
2026-02-15 05:30:19 | INFO | ================================================================================
2026-02-15 05:31:18 | INFO | Best model saved at epoch 1 with val_loss: 0.7268
2026-02-15 05:32:18 | INFO | Best model saved at epoch 2 with val_loss: 0.6640
2026-02-15 05:33:17 | INFO | Best model saved at epoch 3 with val_loss: 0.6148
2026-02-15 05:34:16 | INFO | Best model saved at epoch 4 with val_loss: 0.6015
2026-02-15 05:35:16 | INFO | Best model saved at epoch 5 with val_loss: 0.5773
2026-02-15 05:36:16 | INFO | Best model saved at epoch 6 with val_loss: 0.5535
2026-02-15 05:37:15 | INFO | Best model saved at epoch 7 with val_loss: 0.5411
2026-02-15 05:38:15 | INFO | Best model saved at epoch 8 with val_loss: 0.5322
2026-02-15 05:39:14 | INFO | Best model saved at epoch 9 with val_loss: 0.5139
2026-02-15 05:40:13 | INFO | Best model saved at epoch 10 with val_loss: 0.5016
2026-02-15 05:40:13 | INFO | Epoch 010/100 | Train: 0.4768 | Val: 0.5016 | Best Val: 0.5016 | RMSE: 4.1894 | SCC: 0.6104 | PCC: 0.7098
2026-02-15 05:41:12 | INFO | Best model saved at epoch 11 with val_loss: 0.4955
2026-02-15 05:42:12 | INFO | Best model saved at epoch 12 with val_loss: 0.4922
2026-02-15 05:43:11 | INFO | Best model saved at epoch 13 with val_loss: 0.4789
2026-02-15 05:44:10 | INFO | Best model saved at epoch 14 with val_loss: 0.4724
2026-02-15 05:45:10 | INFO | Best model saved at epoch 15 with val_loss: 0.4672
2026-02-15 05:46:09 | INFO | Best model saved at epoch 16 with val_loss: 0.4591
2026-02-15 05:47:09 | INFO | Best model saved at epoch 17 with val_loss: 0.4577
2026-02-15 05:48:08 | INFO | Best model saved at epoch 18 with val_loss: 0.4510
2026-02-15 05:49:07 | INFO | Best model saved at epoch 19 with val_loss: 0.4465
2026-02-15 05:50:06 | INFO | Best model saved at epoch 20 with val_loss: 0.4348
2026-02-15 05:50:06 | INFO | Epoch 020/100 | Train: 0.3693 | Val: 0.4348 | Best Val: 0.4348 | RMSE: 3.9029 | SCC: 0.6643 | PCC: 0.7546
2026-02-15 05:53:03 | INFO | Best model saved at epoch 23 with val_loss: 0.4318
2026-02-15 05:54:02 | INFO | Best model saved at epoch 24 with val_loss: 0.4282
2026-02-15 05:55:02 | INFO | Best model saved at epoch 25 with val_loss: 0.4273
2026-02-15 05:56:01 | INFO | Best model saved at epoch 26 with val_loss: 0.4235
2026-02-15 05:57:00 | INFO | Best model saved at epoch 27 with val_loss: 0.4156
2026-02-15 05:59:57 | INFO | Epoch 030/100 | Train: 0.3090 | Val: 0.4182 | Best Val: 0.4156 | RMSE: 3.8274 | SCC: 0.6765 | PCC: 0.7659
2026-02-15 06:00:56 | INFO | Best model saved at epoch 31 with val_loss: 0.4129
2026-02-15 06:01:55 | INFO | Best model saved at epoch 32 with val_loss: 0.4046
2026-02-15 06:04:52 | INFO | Best model saved at epoch 35 with val_loss: 0.4043
2026-02-15 06:07:50 | INFO | Best model saved at epoch 38 with val_loss: 0.4028
2026-02-15 06:08:49 | INFO | Best model saved at epoch 39 with val_loss: 0.4014
2026-02-15 06:09:49 | INFO | Best model saved at epoch 40 with val_loss: 0.3995
2026-02-15 06:09:49 | INFO | Epoch 040/100 | Train: 0.2714 | Val: 0.3995 | Best Val: 0.3995 | RMSE: 3.7427 | SCC: 0.6890 | PCC: 0.7790
2026-02-15 06:10:48 | INFO | Best model saved at epoch 41 with val_loss: 0.3968
2026-02-15 06:11:47 | INFO | Best model saved at epoch 42 with val_loss: 0.3955
2026-02-15 06:13:45 | INFO | Best model saved at epoch 44 with val_loss: 0.3937
2026-02-15 06:15:44 | INFO | Best model saved at epoch 46 with val_loss: 0.3928
2026-02-15 06:16:43 | INFO | Best model saved at epoch 47 with val_loss: 0.3910
2026-02-15 06:18:41 | INFO | Best model saved at epoch 49 with val_loss: 0.3908
2026-02-15 06:19:40 | INFO | Epoch 050/100 | Train: 0.2457 | Val: 0.3951 | Best Val: 0.3908 | RMSE: 3.7269 | SCC: 0.6913 | PCC: 0.7804
2026-02-15 06:24:34 | INFO | Best model saved at epoch 55 with val_loss: 0.3902
2026-02-15 06:25:34 | INFO | Best model saved at epoch 56 with val_loss: 0.3852
2026-02-15 06:29:29 | INFO | Epoch 060/100 | Train: 0.2262 | Val: 0.3922 | Best Val: 0.3852 | RMSE: 3.7076 | SCC: 0.6945 | PCC: 0.7826
2026-02-15 06:37:20 | INFO | Best model saved at epoch 68 with val_loss: 0.3847
2026-02-15 06:39:18 | INFO | Epoch 070/100 | Train: 0.2120 | Val: 0.3870 | Best Val: 0.3847 | RMSE: 3.6868 | SCC: 0.6988 | PCC: 0.7855
2026-02-15 06:42:15 | INFO | Best model saved at epoch 73 with val_loss: 0.3842
2026-02-15 06:44:13 | INFO | Best model saved at epoch 75 with val_loss: 0.3797
2026-02-15 06:45:12 | INFO | Best model saved at epoch 76 with val_loss: 0.3790
2026-02-15 06:49:08 | INFO | Epoch 080/100 | Train: 0.2020 | Val: 0.3843 | Best Val: 0.3790 | RMSE: 3.6737 | SCC: 0.6973 | PCC: 0.7875
2026-02-15 06:50:07 | INFO | Best model saved at epoch 81 with val_loss: 0.3773
2026-02-15 06:58:57 | INFO | Epoch 090/100 | Train: 0.1920 | Val: 0.3810 | Best Val: 0.3773 | RMSE: 3.6536 | SCC: 0.6996 | PCC: 0.7892
2026-02-15 07:03:52 | INFO | Best model saved at epoch 95 with val_loss: 0.3773
2026-02-15 07:08:47 | INFO | Epoch 100/100 | Train: 0.1844 | Val: 0.3793 | Best Val: 0.3773 | RMSE: 3.6426 | SCC: 0.7025 | PCC: 0.7906
2026-02-15 07:08:47 | INFO | ================================================================================
2026-02-15 07:08:47 | INFO | Training Complete
2026-02-15 07:08:47 | INFO | ================================================================================
2026-02-15 07:08:47 | INFO | Final train loss: 0.1844
2026-02-15 07:08:47 | INFO | Final validation loss: 0.3793
2026-02-15 07:08:47 | INFO | Best validation loss: 0.3773
2026-02-15 07:08:47 | INFO | Best validation loss (original scale): 13.2333
2026-02-15 07:08:47 | INFO | 
Best validation metrics (RMSE, SCC, PCC)
+--------+-------------+
| Metric |    Value    |
+--------+-------------+
|  RMSE  | 3.63 (0.03) |
|  SCC   | 0.70 (0.00) |
|  PCC   | 0.79 (0.00) |
+--------+-------------+

2026-02-15 07:08:47 | INFO | Metrics saved to /home/debnathk/drug-synergy/logs/mlp_std_CLS_random_Synergy_HSA_e100_20260215_053018/metrics.json
2026-02-15 07:08:47 | INFO | Saving trained OmicsFusionModel weights...
2026-02-15 07:08:47 | INFO | OmicsFusionModel weights saved to /home/debnathk/drug-synergy/logs/mlp_std_CLS_random_Synergy_HSA_e100_20260215_053018/omics_encoder.pt
2026-02-15 07:08:47 | INFO | OmicsFusionModel weights also saved to /home/debnathk/drug-synergy/data/models/omics_fusion_model_best.pt
2026-02-15 07:08:47 | INFO | Generating loss plot...
2026-02-15 07:08:48 | INFO | Loss plot saved to /home/debnathk/drug-synergy/logs/mlp_std_CLS_random_Synergy_HSA_e100_20260215_053018/loss_plot_std.png
2026-02-15 07:08:48 | INFO | Loss plot also saved to /home/debnathk/drug-synergy/assets/loss_plot_std.png
2026-02-15 07:08:48 | INFO | ================================================================================
2026-02-15 07:08:48 | INFO | All outputs saved to: /home/debnathk/drug-synergy/logs/mlp_std_CLS_random_Synergy_HSA_e100_20260215_053018
2026-02-15 07:08:48 | INFO | ================================================================================
