2026-01-29 17:38:50 | INFO | Run directory: /home/debnathk/drug-synergy/logs/kan_std_random_20260129_173850
2026-01-29 17:38:50 | INFO | Log file: /home/debnathk/drug-synergy/logs/kan_std_random_20260129_173850/training.log
2026-01-29 17:38:50 | INFO | Script copied to /home/debnathk/drug-synergy/logs/kan_std_random_20260129_173850/main.py
2026-01-29 17:38:50 | INFO | ================================================================================
2026-01-29 17:38:50 | INFO | Starting Drug Synergy Prediction Training (KAN Head)
2026-01-29 17:38:50 | INFO | ================================================================================
2026-01-29 17:38:50 | INFO | Split type: random, raw path: /home/debnathk/drug-synergy/data/raw/random, drug embeddings: /home/debnathk/drug-synergy/data/embeddings/drug_embeddings_random.pt
2026-01-29 17:38:50 | INFO | Loading datasets...
2026-01-29 17:38:50 | INFO | Applying target standardization...
2026-01-29 17:38:50 | INFO | Target scaler fitted - Mean: -0.8427, Std: 5.3524
2026-01-29 17:38:50 | INFO | Original target range: [-36.01, 66.66]
2026-01-29 17:38:50 | INFO | Standardized target range: [-6.57, 12.61]
2026-01-29 17:38:50 | INFO | Datasets loaded successfully
2026-01-29 17:38:50 | INFO | Configuration saved to /home/debnathk/drug-synergy/logs/kan_std_random_20260129_173850/config.json
2026-01-29 17:38:50 | INFO | Device: cuda
2026-01-29 17:38:50 | INFO | Training samples: 207968
2026-01-29 17:38:50 | INFO | Validation samples: 29710
2026-01-29 17:38:50 | INFO | Target column: Synergy_ZIP
2026-01-29 17:38:50 | INFO | Target standardization: True
2026-01-29 17:38:50 | INFO | Batch size: 64
2026-01-29 17:38:50 | INFO | Learning rate: 0.0001
2026-01-29 17:38:50 | INFO | Number of epochs: 10
2026-01-29 17:38:50 | INFO | Omics dimensions - mRNA: 23808, miRNA: 627, Proteomics: 3171
2026-01-29 17:38:50 | INFO | Running sanity check...
2026-01-29 17:38:50 | INFO | Drug1 embedding shape: torch.Size([768])
2026-01-29 17:38:50 | INFO | Drug2 embedding shape: torch.Size([768])
2026-01-29 17:38:50 | INFO | mRNA shape: torch.Size([23808])
2026-01-29 17:38:50 | INFO | miRNA shape: torch.Size([627])
2026-01-29 17:38:50 | INFO | Proteomics shape: torch.Size([3171])
2026-01-29 17:38:50 | INFO | Target shape: torch.Size([1])
2026-01-29 17:38:50 | INFO | Target sample: -0.1987028419971466
2026-01-29 17:38:50 | INFO | Train batches: 3250
2026-01-29 17:38:50 | INFO | Validation batches: 465
2026-01-29 17:38:50 | INFO | Initializing SynergyModel with KAN head...
2026-01-29 17:38:51 | INFO | Total parameters: 20,599,532
2026-01-29 17:38:51 | INFO | Trainable parameters: 20,599,532
2026-01-29 17:38:51 | INFO | ================================================================================
2026-01-29 17:38:51 | INFO | Starting Training
2026-01-29 17:38:51 | INFO | ================================================================================
2026-01-29 17:40:02 | INFO | Best model saved at epoch 1 with val_loss: 0.7445
2026-01-29 17:41:12 | INFO | Best model saved at epoch 2 with val_loss: 0.6754
2026-01-29 17:42:24 | INFO | Best model saved at epoch 3 with val_loss: 0.6489
2026-01-29 17:43:37 | INFO | Best model saved at epoch 4 with val_loss: 0.6248
2026-01-29 17:44:50 | INFO | Best model saved at epoch 5 with val_loss: 0.6010
2026-01-29 17:46:01 | INFO | Best model saved at epoch 6 with val_loss: 0.5911
2026-01-29 17:47:14 | INFO | Best model saved at epoch 7 with val_loss: 0.5767
2026-01-29 17:48:25 | INFO | Best model saved at epoch 8 with val_loss: 0.5703
2026-01-29 17:49:36 | INFO | Best model saved at epoch 9 with val_loss: 0.5695
2026-01-29 17:50:48 | INFO | Best model saved at epoch 10 with val_loss: 0.5632
2026-01-29 17:50:48 | INFO | Epoch 010/10 | Train: 0.5144 | Val: 0.5632 | Best Val: 0.5632 | RMSE: 4.0130 | SCC: 0.6187 | PCC: 0.6655
2026-01-29 17:50:48 | INFO | ================================================================================
2026-01-29 17:50:48 | INFO | Training Complete
2026-01-29 17:50:48 | INFO | ================================================================================
2026-01-29 17:50:48 | INFO | Final train loss: 0.5144
2026-01-29 17:50:48 | INFO | Final validation loss: 0.5632
2026-01-29 17:50:48 | INFO | Best validation loss: 0.5632
2026-01-29 17:50:48 | INFO | Best validation loss (original scale): 16.1335
2026-01-29 17:50:48 | INFO | 
Best validation metrics (RMSE, SCC, PCC)
+--------+-----------------+
| Metric |      Value      |
+--------+-----------------+
|  RMSE  | 4.0130 (0.0297) |
|  SCC   | 0.6187 (0.0039) |
|  PCC   | 0.6655 (0.0048) |
+--------+-----------------+

2026-01-29 17:50:48 | INFO | Metrics saved to /home/debnathk/drug-synergy/logs/kan_std_random_20260129_173850/metrics.json
2026-01-29 17:50:48 | INFO | Saving trained OmicsFusionModel weights...
2026-01-29 17:50:48 | INFO | OmicsFusionModel weights saved to /home/debnathk/drug-synergy/logs/kan_std_random_20260129_173850/omics_encoder.pt
2026-01-29 17:50:48 | INFO | OmicsFusionModel weights also saved to /home/debnathk/drug-synergy/data/models/omics_fusion_model_best.pt
2026-01-29 17:50:48 | INFO | Generating loss plot...
2026-01-29 17:50:48 | INFO | Loss plot saved to /home/debnathk/drug-synergy/logs/kan_std_random_20260129_173850/loss_plot_std.png
2026-01-29 17:50:49 | INFO | Loss plot also saved to /home/debnathk/drug-synergy/assets/loss_plot_std.png
2026-01-29 17:50:49 | INFO | ================================================================================
2026-01-29 17:50:49 | INFO | All outputs saved to: /home/debnathk/drug-synergy/logs/kan_std_random_20260129_173850
2026-01-29 17:50:49 | INFO | ================================================================================
