2026-02-15 14:32:44 | INFO | Run directory: /home/debnathk/drug-synergy/logs/mlp_std_CLS_cold_drug_Synergy_Bliss_e100_20260215_143244
2026-02-15 14:32:44 | INFO | Log file: /home/debnathk/drug-synergy/logs/mlp_std_CLS_cold_drug_Synergy_Bliss_e100_20260215_143244/training.log
2026-02-15 14:32:44 | INFO | Script copied to /home/debnathk/drug-synergy/logs/mlp_std_CLS_cold_drug_Synergy_Bliss_e100_20260215_143244/main.py
2026-02-15 14:32:44 | INFO | ================================================================================
2026-02-15 14:32:44 | INFO | Starting Drug Synergy Prediction Training (MLP Head)
2026-02-15 14:32:44 | INFO | ================================================================================
2026-02-15 14:32:44 | INFO | Split type: cold_drug, raw path: /home/debnathk/drug-synergy/data/raw/cold_drug, drug embeddings: /home/debnathk/drug-synergy/data/embeddings/drug_embeddings_cold_drug.pt
2026-02-15 14:32:44 | INFO | Loading datasets...
2026-02-15 14:32:45 | INFO | Applying target standardization...
2026-02-15 14:32:45 | INFO | Target scaler fitted - Mean: 0.2305, Std: 6.0961
2026-02-15 14:32:45 | INFO | Original target range: [-77.07, 78.65]
2026-02-15 14:32:45 | INFO | Standardized target range: [-12.68, 12.86]
2026-02-15 14:32:45 | INFO | Datasets loaded successfully
2026-02-15 14:32:45 | INFO | Configuration saved to /home/debnathk/drug-synergy/logs/mlp_std_CLS_cold_drug_Synergy_Bliss_e100_20260215_143244/config.json
2026-02-15 14:32:45 | INFO | Device: cuda
2026-02-15 14:32:45 | INFO | Training samples: 206494
2026-02-15 14:32:45 | INFO | Validation samples: 28881
2026-02-15 14:32:45 | INFO | Target column: Synergy_Bliss
2026-02-15 14:32:45 | INFO | Target standardization: True
2026-02-15 14:32:45 | INFO | Batch size: 64
2026-02-15 14:32:45 | INFO | Learning rate: 0.0001
2026-02-15 14:32:45 | INFO | Number of epochs: 100
2026-02-15 14:32:45 | INFO | Omics dimensions - mRNA: 23808, miRNA: 627, Proteomics: 3171
2026-02-15 14:32:45 | INFO | Running sanity check...
2026-02-15 14:32:45 | INFO | Drug1 embedding shape: torch.Size([768])
2026-02-15 14:32:45 | INFO | Drug2 embedding shape: torch.Size([768])
2026-02-15 14:32:45 | INFO | mRNA shape: torch.Size([23808])
2026-02-15 14:32:45 | INFO | miRNA shape: torch.Size([627])
2026-02-15 14:32:45 | INFO | Proteomics shape: torch.Size([3171])
2026-02-15 14:32:45 | INFO | Target shape: torch.Size([1])
2026-02-15 14:32:45 | INFO | Target sample: 0.36312562227249146
2026-02-15 14:32:45 | INFO | Train batches: 3227
2026-02-15 14:32:45 | INFO | Validation batches: 452
2026-02-15 14:32:45 | INFO | Initializing SynergyModel with MLP head...
2026-02-15 14:32:46 | INFO | Total parameters: 17,671,853
2026-02-15 14:32:46 | INFO | Trainable parameters: 17,671,853
2026-02-15 14:32:46 | INFO | ================================================================================
2026-02-15 14:32:46 | INFO | Starting Training
2026-02-15 14:32:46 | INFO | ================================================================================
2026-02-15 14:33:45 | INFO | Best model saved at epoch 1 with val_loss: 0.8794
2026-02-15 14:35:43 | INFO | Best model saved at epoch 3 with val_loss: 0.8728
2026-02-15 14:36:42 | INFO | Best model saved at epoch 4 with val_loss: 0.8665
2026-02-15 14:42:34 | INFO | Epoch 010/100 | Train: 0.4893 | Val: 0.9224 | Best Val: 0.8665 | RMSE: 5.8606 | SCC: 0.2283 | PCC: 0.2095
2026-02-15 14:52:19 | INFO | Epoch 020/100 | Train: 0.3860 | Val: 0.9389 | Best Val: 0.8665 | RMSE: 5.9074 | SCC: 0.2411 | PCC: 0.2153
2026-02-15 15:02:04 | INFO | Epoch 030/100 | Train: 0.3265 | Val: 0.9243 | Best Val: 0.8665 | RMSE: 5.8593 | SCC: 0.2297 | PCC: 0.2194
2026-02-15 15:11:58 | INFO | Epoch 040/100 | Train: 0.2893 | Val: 0.9446 | Best Val: 0.8665 | RMSE: 5.9180 | SCC: 0.2331 | PCC: 0.2251
2026-02-15 15:21:53 | INFO | Epoch 050/100 | Train: 0.2626 | Val: 0.9575 | Best Val: 0.8665 | RMSE: 5.9588 | SCC: 0.2297 | PCC: 0.2151
2026-02-15 15:31:48 | INFO | Epoch 060/100 | Train: 0.2421 | Val: 0.9481 | Best Val: 0.8665 | RMSE: 5.9412 | SCC: 0.2280 | PCC: 0.2165
2026-02-15 15:41:45 | INFO | Epoch 070/100 | Train: 0.2274 | Val: 0.9400 | Best Val: 0.8665 | RMSE: 5.9092 | SCC: 0.2317 | PCC: 0.2219
2026-02-15 15:51:40 | INFO | Epoch 080/100 | Train: 0.2163 | Val: 0.9606 | Best Val: 0.8665 | RMSE: 5.9800 | SCC: 0.2290 | PCC: 0.2207
2026-02-15 16:01:36 | INFO | Epoch 090/100 | Train: 0.2064 | Val: 0.9514 | Best Val: 0.8665 | RMSE: 5.9551 | SCC: 0.2332 | PCC: 0.2270
2026-02-15 16:11:33 | INFO | Epoch 100/100 | Train: 0.1979 | Val: 0.9668 | Best Val: 0.8665 | RMSE: 5.9939 | SCC: 0.2294 | PCC: 0.2150
2026-02-15 16:11:33 | INFO | ================================================================================
2026-02-15 16:11:33 | INFO | Training Complete
2026-02-15 16:11:33 | INFO | ================================================================================
2026-02-15 16:11:33 | INFO | Final train loss: 0.1979
2026-02-15 16:11:33 | INFO | Final validation loss: 0.9668
2026-02-15 16:11:33 | INFO | Best validation loss: 0.8665
2026-02-15 16:11:33 | INFO | Best validation loss (original scale): 32.2003
2026-02-15 16:11:33 | INFO | 
Best validation metrics (RMSE, SCC, PCC)
+--------+-------------+
| Metric |    Value    |
+--------+-------------+
|  RMSE  | 5.67 (0.06) |
|  SCC   | 0.23 (0.01) |
|  PCC   | 0.23 (0.01) |
+--------+-------------+

2026-02-15 16:11:33 | INFO | Metrics saved to /home/debnathk/drug-synergy/logs/mlp_std_CLS_cold_drug_Synergy_Bliss_e100_20260215_143244/metrics.json
2026-02-15 16:11:33 | INFO | Saving trained OmicsFusionModel weights...
2026-02-15 16:11:33 | INFO | OmicsFusionModel weights saved to /home/debnathk/drug-synergy/logs/mlp_std_CLS_cold_drug_Synergy_Bliss_e100_20260215_143244/omics_encoder.pt
2026-02-15 16:11:33 | INFO | OmicsFusionModel weights also saved to /home/debnathk/drug-synergy/data/models/omics_fusion_model_best.pt
2026-02-15 16:11:33 | INFO | Generating loss plot...
2026-02-15 16:11:34 | INFO | Loss plot saved to /home/debnathk/drug-synergy/logs/mlp_std_CLS_cold_drug_Synergy_Bliss_e100_20260215_143244/loss_plot_std.png
2026-02-15 16:11:34 | INFO | Loss plot also saved to /home/debnathk/drug-synergy/assets/loss_plot_std.png
2026-02-15 16:11:34 | INFO | ================================================================================
2026-02-15 16:11:34 | INFO | All outputs saved to: /home/debnathk/drug-synergy/logs/mlp_std_CLS_cold_drug_Synergy_Bliss_e100_20260215_143244
2026-02-15 16:11:34 | INFO | ================================================================================
