2026-02-14 20:08:23 | INFO | Run directory: /home/debnathk/drug-synergy/logs/kan_std_random_Synergy_HSA_e100_20260214_200823
2026-02-14 20:08:23 | INFO | Log file: /home/debnathk/drug-synergy/logs/kan_std_random_Synergy_HSA_e100_20260214_200823/training.log
2026-02-14 20:08:23 | INFO | Script copied to /home/debnathk/drug-synergy/logs/kan_std_random_Synergy_HSA_e100_20260214_200823/main.py
2026-02-14 20:08:23 | INFO | ================================================================================
2026-02-14 20:08:23 | INFO | Starting Drug Synergy Prediction Training (KAN Head)
2026-02-14 20:08:23 | INFO | ================================================================================
2026-02-14 20:08:23 | INFO | Split type: random, raw path: /home/debnathk/drug-synergy/data/raw/random, drug embeddings: /home/debnathk/drug-synergy/data/embeddings/drug_embeddings_random.pt
2026-02-14 20:08:23 | INFO | Loading datasets...
2026-02-14 20:08:24 | INFO | Applying target standardization...
2026-02-14 20:08:24 | INFO | Target scaler fitted - Mean: -0.4388, Std: 5.9223
2026-02-14 20:08:24 | INFO | Original target range: [-80.86, 64.29]
2026-02-14 20:08:24 | INFO | Standardized target range: [-13.58, 10.93]
2026-02-14 20:08:24 | INFO | Datasets loaded successfully
2026-02-14 20:08:24 | INFO | Configuration saved to /home/debnathk/drug-synergy/logs/kan_std_random_Synergy_HSA_e100_20260214_200823/config.json
2026-02-14 20:08:24 | INFO | Device: cuda
2026-02-14 20:08:24 | INFO | Training samples: 207968
2026-02-14 20:08:24 | INFO | Validation samples: 29710
2026-02-14 20:08:24 | INFO | Target column: Synergy_HSA
2026-02-14 20:08:24 | INFO | Target standardization: True
2026-02-14 20:08:24 | INFO | Batch size: 64
2026-02-14 20:08:24 | INFO | Learning rate: 0.0001
2026-02-14 20:08:24 | INFO | Number of epochs: 100
2026-02-14 20:08:24 | INFO | Omics dimensions - mRNA: 23808, miRNA: 627, Proteomics: 3171
2026-02-14 20:08:24 | INFO | Running sanity check...
2026-02-14 20:08:24 | INFO | Drug1 embedding shape: torch.Size([768])
2026-02-14 20:08:24 | INFO | Drug2 embedding shape: torch.Size([768])
2026-02-14 20:08:24 | INFO | mRNA shape: torch.Size([23808])
2026-02-14 20:08:24 | INFO | miRNA shape: torch.Size([627])
2026-02-14 20:08:24 | INFO | Proteomics shape: torch.Size([3171])
2026-02-14 20:08:24 | INFO | Target shape: torch.Size([1])
2026-02-14 20:08:24 | INFO | Target sample: -0.3848823010921478
2026-02-14 20:08:24 | INFO | Train batches: 3250
2026-02-14 20:08:24 | INFO | Validation batches: 465
2026-02-14 20:08:24 | INFO | Initializing SynergyModel with KAN head...
2026-02-14 20:08:25 | INFO | Total parameters: 18,039,276
2026-02-14 20:08:25 | INFO | Trainable parameters: 18,039,276
2026-02-14 20:08:25 | INFO | ================================================================================
2026-02-14 20:08:25 | INFO | Starting Training
2026-02-14 20:08:25 | INFO | ================================================================================
2026-02-14 20:09:38 | INFO | Best model saved at epoch 1 with val_loss: 0.8063
2026-02-14 20:10:52 | INFO | Best model saved at epoch 2 with val_loss: 0.6723
2026-02-14 20:12:06 | INFO | Best model saved at epoch 3 with val_loss: 0.6293
2026-02-14 20:13:20 | INFO | Best model saved at epoch 4 with val_loss: 0.5946
2026-02-14 20:14:34 | INFO | Best model saved at epoch 5 with val_loss: 0.5809
2026-02-14 20:15:48 | INFO | Best model saved at epoch 6 with val_loss: 0.5668
2026-02-14 20:17:01 | INFO | Best model saved at epoch 7 with val_loss: 0.5542
2026-02-14 20:18:15 | INFO | Best model saved at epoch 8 with val_loss: 0.5401
2026-02-14 20:19:29 | INFO | Best model saved at epoch 9 with val_loss: 0.5324
2026-02-14 20:20:43 | INFO | Best model saved at epoch 10 with val_loss: 0.5246
2026-02-14 20:20:43 | INFO | Epoch 010/100 | Train: 0.4680 | Val: 0.5246 | Best Val: 0.5246 | RMSE: 4.2928 | SCC: 0.5900 | PCC: 0.6942
2026-02-14 20:21:57 | INFO | Best model saved at epoch 11 with val_loss: 0.5232
2026-02-14 20:23:11 | INFO | Best model saved at epoch 12 with val_loss: 0.5163
2026-02-14 20:24:25 | INFO | Best model saved at epoch 13 with val_loss: 0.5158
2026-02-14 20:25:39 | INFO | Best model saved at epoch 14 with val_loss: 0.5084
2026-02-14 20:26:53 | INFO | Best model saved at epoch 15 with val_loss: 0.5031
2026-02-14 20:28:07 | INFO | Best model saved at epoch 16 with val_loss: 0.4954
2026-02-14 20:29:21 | INFO | Best model saved at epoch 17 with val_loss: 0.4940
2026-02-14 20:30:34 | INFO | Best model saved at epoch 18 with val_loss: 0.4937
2026-02-14 20:31:48 | INFO | Best model saved at epoch 19 with val_loss: 0.4921
2026-02-14 20:33:02 | INFO | Best model saved at epoch 20 with val_loss: 0.4913
2026-02-14 20:33:02 | INFO | Epoch 020/100 | Train: 0.3767 | Val: 0.4913 | Best Val: 0.4913 | RMSE: 4.1488 | SCC: 0.6133 | PCC: 0.7183
2026-02-14 20:36:43 | INFO | Best model saved at epoch 23 with val_loss: 0.4795
2026-02-14 20:39:11 | INFO | Best model saved at epoch 25 with val_loss: 0.4771
2026-02-14 20:45:17 | INFO | Best model saved at epoch 30 with val_loss: 0.4707
2026-02-14 20:45:17 | INFO | Epoch 030/100 | Train: 0.3294 | Val: 0.4707 | Best Val: 0.4707 | RMSE: 4.0628 | SCC: 0.6282 | PCC: 0.7325
2026-02-14 20:47:44 | INFO | Best model saved at epoch 32 with val_loss: 0.4689
2026-02-14 20:51:25 | INFO | Best model saved at epoch 35 with val_loss: 0.4655
2026-02-14 20:52:38 | INFO | Best model saved at epoch 36 with val_loss: 0.4636
2026-02-14 20:56:19 | INFO | Best model saved at epoch 39 with val_loss: 0.4633
2026-02-14 20:57:32 | INFO | Epoch 040/100 | Train: 0.2985 | Val: 0.4678 | Best Val: 0.4633 | RMSE: 4.0518 | SCC: 0.6353 | PCC: 0.7362
2026-02-14 20:58:46 | INFO | Best model saved at epoch 41 with val_loss: 0.4631
2026-02-14 21:00:00 | INFO | Best model saved at epoch 42 with val_loss: 0.4622
2026-02-14 21:01:14 | INFO | Best model saved at epoch 43 with val_loss: 0.4573
2026-02-14 21:06:09 | INFO | Best model saved at epoch 47 with val_loss: 0.4547
2026-02-14 21:09:49 | INFO | Epoch 050/100 | Train: 0.2756 | Val: 0.4578 | Best Val: 0.4547 | RMSE: 4.0077 | SCC: 0.6395 | PCC: 0.7413
2026-02-14 21:22:02 | INFO | Epoch 060/100 | Train: 0.2581 | Val: 0.4593 | Best Val: 0.4547 | RMSE: 4.0108 | SCC: 0.6377 | PCC: 0.7436
2026-02-14 21:34:15 | INFO | Epoch 070/100 | Train: 0.2436 | Val: 0.4639 | Best Val: 0.4547 | RMSE: 4.0328 | SCC: 0.6406 | PCC: 0.7413
2026-02-14 21:46:30 | INFO | Epoch 080/100 | Train: 0.2328 | Val: 0.4613 | Best Val: 0.4547 | RMSE: 4.0233 | SCC: 0.6398 | PCC: 0.7415
2026-02-14 21:58:44 | INFO | Epoch 090/100 | Train: 0.2230 | Val: 0.4740 | Best Val: 0.4547 | RMSE: 4.0783 | SCC: 0.6346 | PCC: 0.7354
2026-02-14 22:11:01 | INFO | Epoch 100/100 | Train: 0.2155 | Val: 0.4692 | Best Val: 0.4547 | RMSE: 4.0588 | SCC: 0.6350 | PCC: 0.7383
2026-02-14 22:11:01 | INFO | ================================================================================
2026-02-14 22:11:01 | INFO | Training Complete
2026-02-14 22:11:01 | INFO | ================================================================================
2026-02-14 22:11:01 | INFO | Final train loss: 0.2155
2026-02-14 22:11:01 | INFO | Final validation loss: 0.4692
2026-02-14 22:11:01 | INFO | Best validation loss: 0.4547
2026-02-14 22:11:01 | INFO | Best validation loss (original scale): 15.9493
2026-02-14 22:11:01 | INFO | 
Best validation metrics (RMSE, SCC, PCC)
+--------+-------------+
| Metric |    Value    |
+--------+-------------+
|  RMSE  | 3.99 (0.03) |
|  SCC   | 0.64 (0.00) |
|  PCC   | 0.74 (0.01) |
+--------+-------------+

2026-02-14 22:11:01 | INFO | Metrics saved to /home/debnathk/drug-synergy/logs/kan_std_random_Synergy_HSA_e100_20260214_200823/metrics.json
2026-02-14 22:11:01 | INFO | Saving trained OmicsFusionModel weights...
2026-02-14 22:11:01 | INFO | OmicsFusionModel weights saved to /home/debnathk/drug-synergy/logs/kan_std_random_Synergy_HSA_e100_20260214_200823/omics_encoder.pt
2026-02-14 22:11:01 | INFO | OmicsFusionModel weights also saved to /home/debnathk/drug-synergy/data/models/omics_fusion_model_best.pt
2026-02-14 22:11:01 | INFO | Generating loss plot...
2026-02-14 22:11:02 | INFO | Loss plot saved to /home/debnathk/drug-synergy/logs/kan_std_random_Synergy_HSA_e100_20260214_200823/loss_plot_std.png
2026-02-14 22:11:02 | INFO | Loss plot also saved to /home/debnathk/drug-synergy/assets/loss_plot_std.png
2026-02-14 22:11:02 | INFO | ================================================================================
2026-02-14 22:11:02 | INFO | All outputs saved to: /home/debnathk/drug-synergy/logs/kan_std_random_Synergy_HSA_e100_20260214_200823
2026-02-14 22:11:02 | INFO | ================================================================================
