2026-02-15 07:37:15 | INFO | Run directory: /home/debnathk/drug-synergy/logs/mlp_std_random_Synergy_Bliss_e100_20260215_073715
2026-02-15 07:37:15 | INFO | Log file: /home/debnathk/drug-synergy/logs/mlp_std_random_Synergy_Bliss_e100_20260215_073715/training.log
2026-02-15 07:37:15 | INFO | Script copied to /home/debnathk/drug-synergy/logs/mlp_std_random_Synergy_Bliss_e100_20260215_073715/main.py
2026-02-15 07:37:15 | INFO | ================================================================================
2026-02-15 07:37:15 | INFO | Starting Drug Synergy Prediction Training (MLP Head)
2026-02-15 07:37:15 | INFO | ================================================================================
2026-02-15 07:37:15 | INFO | Split type: random, raw path: /home/debnathk/drug-synergy/data/raw/random, drug embeddings: /home/debnathk/drug-synergy/data/embeddings/drug_embeddings_random.pt
2026-02-15 07:37:15 | INFO | Loading datasets...
2026-02-15 07:37:15 | INFO | Applying target standardization...
2026-02-15 07:37:15 | INFO | Target scaler fitted - Mean: 0.1273, Std: 6.1044
2026-02-15 07:37:15 | INFO | Original target range: [-74.03, 78.65]
2026-02-15 07:37:15 | INFO | Standardized target range: [-12.15, 12.86]
2026-02-15 07:37:15 | INFO | Datasets loaded successfully
2026-02-15 07:37:15 | INFO | Configuration saved to /home/debnathk/drug-synergy/logs/mlp_std_random_Synergy_Bliss_e100_20260215_073715/config.json
2026-02-15 07:37:15 | INFO | Device: cuda
2026-02-15 07:37:15 | INFO | Training samples: 207968
2026-02-15 07:37:15 | INFO | Validation samples: 29710
2026-02-15 07:37:15 | INFO | Target column: Synergy_Bliss
2026-02-15 07:37:15 | INFO | Target standardization: True
2026-02-15 07:37:15 | INFO | Batch size: 64
2026-02-15 07:37:15 | INFO | Learning rate: 0.0001
2026-02-15 07:37:15 | INFO | Number of epochs: 100
2026-02-15 07:37:15 | INFO | Omics dimensions - mRNA: 23808, miRNA: 627, Proteomics: 3171
2026-02-15 07:37:15 | INFO | Running sanity check...
2026-02-15 07:37:15 | INFO | Drug1 embedding shape: torch.Size([768])
2026-02-15 07:37:15 | INFO | Drug2 embedding shape: torch.Size([768])
2026-02-15 07:37:15 | INFO | mRNA shape: torch.Size([23808])
2026-02-15 07:37:15 | INFO | miRNA shape: torch.Size([627])
2026-02-15 07:37:15 | INFO | Proteomics shape: torch.Size([3171])
2026-02-15 07:37:15 | INFO | Target shape: torch.Size([1])
2026-02-15 07:37:15 | INFO | Target sample: -0.27908357977867126
2026-02-15 07:37:15 | INFO | Train batches: 3250
2026-02-15 07:37:15 | INFO | Validation batches: 465
2026-02-15 07:37:15 | INFO | Initializing SynergyModel with MLP head...
2026-02-15 07:37:16 | INFO | Total parameters: 17,671,853
2026-02-15 07:37:16 | INFO | Trainable parameters: 17,671,853
2026-02-15 07:37:16 | INFO | ================================================================================
2026-02-15 07:37:16 | INFO | Starting Training
2026-02-15 07:37:16 | INFO | ================================================================================
2026-02-15 07:38:17 | INFO | Best model saved at epoch 1 with val_loss: 0.7406
2026-02-15 07:39:17 | INFO | Best model saved at epoch 2 with val_loss: 0.6668
2026-02-15 07:40:18 | INFO | Best model saved at epoch 3 with val_loss: 0.6359
2026-02-15 07:41:19 | INFO | Best model saved at epoch 4 with val_loss: 0.6219
2026-02-15 07:42:19 | INFO | Best model saved at epoch 5 with val_loss: 0.5995
2026-02-15 07:43:20 | INFO | Best model saved at epoch 6 with val_loss: 0.5787
2026-02-15 07:44:21 | INFO | Best model saved at epoch 7 with val_loss: 0.5761
2026-02-15 07:45:22 | INFO | Best model saved at epoch 8 with val_loss: 0.5595
2026-02-15 07:46:22 | INFO | Best model saved at epoch 9 with val_loss: 0.5471
2026-02-15 07:47:23 | INFO | Best model saved at epoch 10 with val_loss: 0.5395
2026-02-15 07:47:23 | INFO | Epoch 010/100 | Train: 0.5024 | Val: 0.5395 | Best Val: 0.5395 | RMSE: 4.4846 | SCC: 0.5655 | PCC: 0.6854
2026-02-15 07:48:24 | INFO | Best model saved at epoch 11 with val_loss: 0.5268
2026-02-15 07:49:24 | INFO | Best model saved at epoch 12 with val_loss: 0.5254
2026-02-15 07:50:25 | INFO | Best model saved at epoch 13 with val_loss: 0.5087
2026-02-15 07:51:26 | INFO | Best model saved at epoch 14 with val_loss: 0.5050
2026-02-15 07:52:26 | INFO | Best model saved at epoch 15 with val_loss: 0.4924
2026-02-15 07:54:27 | INFO | Best model saved at epoch 17 with val_loss: 0.4912
2026-02-15 07:55:27 | INFO | Best model saved at epoch 18 with val_loss: 0.4747
2026-02-15 07:57:28 | INFO | Epoch 020/100 | Train: 0.3964 | Val: 0.4761 | Best Val: 0.4747 | RMSE: 4.2150 | SCC: 0.6075 | PCC: 0.7306
2026-02-15 07:58:28 | INFO | Best model saved at epoch 21 with val_loss: 0.4715
2026-02-15 07:59:29 | INFO | Best model saved at epoch 22 with val_loss: 0.4654
2026-02-15 08:00:30 | INFO | Best model saved at epoch 23 with val_loss: 0.4569
2026-02-15 08:03:30 | INFO | Best model saved at epoch 26 with val_loss: 0.4519
2026-02-15 08:04:31 | INFO | Best model saved at epoch 27 with val_loss: 0.4477
2026-02-15 08:06:33 | INFO | Best model saved at epoch 29 with val_loss: 0.4426
2026-02-15 08:07:33 | INFO | Epoch 030/100 | Train: 0.3343 | Val: 0.4478 | Best Val: 0.4426 | RMSE: 4.0816 | SCC: 0.6339 | PCC: 0.7485
2026-02-15 08:09:34 | INFO | Best model saved at epoch 32 with val_loss: 0.4421
2026-02-15 08:10:34 | INFO | Best model saved at epoch 33 with val_loss: 0.4415
2026-02-15 08:11:35 | INFO | Best model saved at epoch 34 with val_loss: 0.4397
2026-02-15 08:13:36 | INFO | Best model saved at epoch 36 with val_loss: 0.4393
2026-02-15 08:15:37 | INFO | Best model saved at epoch 38 with val_loss: 0.4344
2026-02-15 08:17:37 | INFO | Epoch 040/100 | Train: 0.2971 | Val: 0.4385 | Best Val: 0.4344 | RMSE: 4.0445 | SCC: 0.6417 | PCC: 0.7546
2026-02-15 08:18:37 | INFO | Best model saved at epoch 41 with val_loss: 0.4331
2026-02-15 08:19:38 | INFO | Best model saved at epoch 42 with val_loss: 0.4317
2026-02-15 08:20:39 | INFO | Best model saved at epoch 43 with val_loss: 0.4284
2026-02-15 08:22:40 | INFO | Best model saved at epoch 45 with val_loss: 0.4280
2026-02-15 08:24:40 | INFO | Best model saved at epoch 47 with val_loss: 0.4273
2026-02-15 08:27:41 | INFO | Epoch 050/100 | Train: 0.2667 | Val: 0.4309 | Best Val: 0.4273 | RMSE: 4.0098 | SCC: 0.6459 | PCC: 0.7587
2026-02-15 08:29:42 | INFO | Best model saved at epoch 52 with val_loss: 0.4230
2026-02-15 08:36:43 | INFO | Best model saved at epoch 59 with val_loss: 0.4204
2026-02-15 08:37:44 | INFO | Epoch 060/100 | Train: 0.2475 | Val: 0.4246 | Best Val: 0.4204 | RMSE: 3.9770 | SCC: 0.6509 | PCC: 0.7636
2026-02-15 08:46:45 | INFO | Best model saved at epoch 69 with val_loss: 0.4199
2026-02-15 08:47:46 | INFO | Epoch 070/100 | Train: 0.2320 | Val: 0.4246 | Best Val: 0.4199 | RMSE: 3.9770 | SCC: 0.6535 | PCC: 0.7643
2026-02-15 08:48:46 | INFO | Best model saved at epoch 71 with val_loss: 0.4185
2026-02-15 08:57:42 | INFO | Epoch 080/100 | Train: 0.2192 | Val: 0.4223 | Best Val: 0.4185 | RMSE: 3.9668 | SCC: 0.6531 | PCC: 0.7650
2026-02-15 09:05:40 | INFO | Best model saved at epoch 88 with val_loss: 0.4167
2026-02-15 09:07:41 | INFO | Epoch 090/100 | Train: 0.2092 | Val: 0.4234 | Best Val: 0.4167 | RMSE: 3.9729 | SCC: 0.6532 | PCC: 0.7642
2026-02-15 09:17:37 | INFO | Epoch 100/100 | Train: 0.2009 | Val: 0.4201 | Best Val: 0.4167 | RMSE: 3.9573 | SCC: 0.6565 | PCC: 0.7666
2026-02-15 09:17:37 | INFO | ================================================================================
2026-02-15 09:17:37 | INFO | Training Complete
2026-02-15 09:17:37 | INFO | ================================================================================
2026-02-15 09:17:37 | INFO | Final train loss: 0.2009
2026-02-15 09:17:37 | INFO | Final validation loss: 0.4201
2026-02-15 09:17:37 | INFO | Best validation loss: 0.4167
2026-02-15 09:17:37 | INFO | Best validation loss (original scale): 15.5282
2026-02-15 09:17:37 | INFO | 
Best validation metrics (RMSE, SCC, PCC)
+--------+-------------+
| Metric |    Value    |
+--------+-------------+
|  RMSE  | 3.94 (0.03) |
|  SCC   | 0.66 (0.00) |
|  PCC   | 0.77 (0.00) |
+--------+-------------+

2026-02-15 09:17:37 | INFO | Metrics saved to /home/debnathk/drug-synergy/logs/mlp_std_random_Synergy_Bliss_e100_20260215_073715/metrics.json
2026-02-15 09:17:37 | INFO | Saving trained OmicsFusionModel weights...
2026-02-15 09:17:37 | INFO | OmicsFusionModel weights saved to /home/debnathk/drug-synergy/logs/mlp_std_random_Synergy_Bliss_e100_20260215_073715/omics_encoder.pt
2026-02-15 09:17:37 | INFO | OmicsFusionModel weights also saved to /home/debnathk/drug-synergy/data/models/omics_fusion_model_best.pt
2026-02-15 09:17:37 | INFO | Generating loss plot...
2026-02-15 09:17:38 | INFO | Loss plot saved to /home/debnathk/drug-synergy/logs/mlp_std_random_Synergy_Bliss_e100_20260215_073715/loss_plot_std.png
2026-02-15 09:17:38 | INFO | Loss plot also saved to /home/debnathk/drug-synergy/assets/loss_plot_std.png
2026-02-15 09:17:38 | INFO | ================================================================================
2026-02-15 09:17:38 | INFO | All outputs saved to: /home/debnathk/drug-synergy/logs/mlp_std_random_Synergy_Bliss_e100_20260215_073715
2026-02-15 09:17:38 | INFO | ================================================================================
