2026-02-15 13:01:03 | INFO | Run directory: /home/debnathk/drug-synergy/logs/kan_std_cold_drug_Synergy_Loewe_e100_20260215_130103
2026-02-15 13:01:03 | INFO | Log file: /home/debnathk/drug-synergy/logs/kan_std_cold_drug_Synergy_Loewe_e100_20260215_130103/training.log
2026-02-15 13:01:03 | INFO | Script copied to /home/debnathk/drug-synergy/logs/kan_std_cold_drug_Synergy_Loewe_e100_20260215_130103/main.py
2026-02-15 13:01:03 | INFO | ================================================================================
2026-02-15 13:01:03 | INFO | Starting Drug Synergy Prediction Training (KAN Head)
2026-02-15 13:01:03 | INFO | ================================================================================
2026-02-15 13:01:03 | INFO | Split type: cold_drug, raw path: /home/debnathk/drug-synergy/data/raw/cold_drug, drug embeddings: /home/debnathk/drug-synergy/data/embeddings/drug_embeddings_cold_drug.pt
2026-02-15 13:01:03 | INFO | Loading datasets...
2026-02-15 13:01:03 | INFO | Applying target standardization...
2026-02-15 13:01:03 | INFO | Target scaler fitted - Mean: -9.0538, Std: 14.6522
2026-02-15 13:01:03 | INFO | Original target range: [-116.63, 86.69]
2026-02-15 13:01:03 | INFO | Standardized target range: [-7.34, 6.53]
2026-02-15 13:01:03 | INFO | Datasets loaded successfully
2026-02-15 13:01:03 | INFO | Configuration saved to /home/debnathk/drug-synergy/logs/kan_std_cold_drug_Synergy_Loewe_e100_20260215_130103/config.json
2026-02-15 13:01:03 | INFO | Device: cuda
2026-02-15 13:01:03 | INFO | Training samples: 206494
2026-02-15 13:01:03 | INFO | Validation samples: 28881
2026-02-15 13:01:03 | INFO | Target column: Synergy_Loewe
2026-02-15 13:01:03 | INFO | Target standardization: True
2026-02-15 13:01:03 | INFO | Batch size: 64
2026-02-15 13:01:03 | INFO | Learning rate: 0.0001
2026-02-15 13:01:03 | INFO | Number of epochs: 100
2026-02-15 13:01:03 | INFO | Omics dimensions - mRNA: 23808, miRNA: 627, Proteomics: 3171
2026-02-15 13:01:03 | INFO | Running sanity check...
2026-02-15 13:01:03 | INFO | Drug1 embedding shape: torch.Size([768])
2026-02-15 13:01:03 | INFO | Drug2 embedding shape: torch.Size([768])
2026-02-15 13:01:03 | INFO | mRNA shape: torch.Size([23808])
2026-02-15 13:01:03 | INFO | miRNA shape: torch.Size([627])
2026-02-15 13:01:03 | INFO | Proteomics shape: torch.Size([3171])
2026-02-15 13:01:03 | INFO | Target shape: torch.Size([1])
2026-02-15 13:01:03 | INFO | Target sample: 0.9106981754302979
2026-02-15 13:01:03 | INFO | Train batches: 3227
2026-02-15 13:01:03 | INFO | Validation batches: 452
2026-02-15 13:01:03 | INFO | Initializing SynergyModel with KAN head...
2026-02-15 13:01:04 | INFO | Total parameters: 18,039,276
2026-02-15 13:01:04 | INFO | Trainable parameters: 18,039,276
2026-02-15 13:01:04 | INFO | ================================================================================
2026-02-15 13:01:04 | INFO | Starting Training
2026-02-15 13:01:04 | INFO | ================================================================================
2026-02-15 13:02:17 | INFO | Best model saved at epoch 1 with val_loss: 1.0217
2026-02-15 13:03:31 | INFO | Best model saved at epoch 2 with val_loss: 1.0109
2026-02-15 13:04:45 | INFO | Best model saved at epoch 3 with val_loss: 1.0005
2026-02-15 13:05:59 | INFO | Best model saved at epoch 4 with val_loss: 0.9935
2026-02-15 13:13:17 | INFO | Epoch 010/100 | Train: 0.4416 | Val: 1.1145 | Best Val: 0.9935 | RMSE: 15.4671 | SCC: 0.1993 | PCC: 0.2125
2026-02-15 13:25:26 | INFO | Epoch 020/100 | Train: 0.3689 | Val: 1.0402 | Best Val: 0.9935 | RMSE: 14.9561 | SCC: 0.2176 | PCC: 0.2492
2026-02-15 13:37:36 | INFO | Epoch 030/100 | Train: 0.3211 | Val: 1.1244 | Best Val: 0.9935 | RMSE: 15.5361 | SCC: 0.2085 | PCC: 0.2285
2026-02-15 13:49:46 | INFO | Epoch 040/100 | Train: 0.2880 | Val: 1.1445 | Best Val: 0.9935 | RMSE: 15.6641 | SCC: 0.2078 | PCC: 0.2326
2026-02-15 14:01:57 | INFO | Epoch 050/100 | Train: 0.2639 | Val: 1.1484 | Best Val: 0.9935 | RMSE: 15.6945 | SCC: 0.1986 | PCC: 0.2210
2026-02-15 14:14:08 | INFO | Epoch 060/100 | Train: 0.2456 | Val: 1.1416 | Best Val: 0.9935 | RMSE: 15.6485 | SCC: 0.2087 | PCC: 0.2395
2026-02-15 14:26:20 | INFO | Epoch 070/100 | Train: 0.2312 | Val: 1.1695 | Best Val: 0.9935 | RMSE: 15.8491 | SCC: 0.2045 | PCC: 0.2224
2026-02-15 14:38:32 | INFO | Epoch 080/100 | Train: 0.2180 | Val: 1.2125 | Best Val: 0.9935 | RMSE: 16.1381 | SCC: 0.1841 | PCC: 0.2158
2026-02-15 14:50:44 | INFO | Epoch 090/100 | Train: 0.2068 | Val: 1.1828 | Best Val: 0.9935 | RMSE: 15.9383 | SCC: 0.1899 | PCC: 0.2205
2026-02-15 15:02:56 | INFO | Epoch 100/100 | Train: 0.1992 | Val: 1.1955 | Best Val: 0.9935 | RMSE: 16.0116 | SCC: 0.1873 | PCC: 0.2171
2026-02-15 15:02:56 | INFO | ================================================================================
2026-02-15 15:02:56 | INFO | Training Complete
2026-02-15 15:02:56 | INFO | ================================================================================
2026-02-15 15:02:56 | INFO | Final train loss: 0.1992
2026-02-15 15:02:56 | INFO | Final validation loss: 1.1955
2026-02-15 15:02:56 | INFO | Best validation loss: 0.9935
2026-02-15 15:02:56 | INFO | Best validation loss (original scale): 213.3015
2026-02-15 15:02:56 | INFO | 
Best validation metrics (RMSE, SCC, PCC)
+--------+--------------+
| Metric |    Value     |
+--------+--------------+
|  RMSE  | 14.61 (0.11) |
|  SCC   | 0.23 (0.01)  |
|  PCC   | 0.26 (0.01)  |
+--------+--------------+

2026-02-15 15:02:56 | INFO | Metrics saved to /home/debnathk/drug-synergy/logs/kan_std_cold_drug_Synergy_Loewe_e100_20260215_130103/metrics.json
2026-02-15 15:02:56 | INFO | Saving trained OmicsFusionModel weights...
2026-02-15 15:02:56 | INFO | OmicsFusionModel weights saved to /home/debnathk/drug-synergy/logs/kan_std_cold_drug_Synergy_Loewe_e100_20260215_130103/omics_encoder.pt
2026-02-15 15:02:56 | INFO | OmicsFusionModel weights also saved to /home/debnathk/drug-synergy/data/models/omics_fusion_model_best.pt
2026-02-15 15:02:56 | INFO | Generating loss plot...
2026-02-15 15:02:56 | INFO | Loss plot saved to /home/debnathk/drug-synergy/logs/kan_std_cold_drug_Synergy_Loewe_e100_20260215_130103/loss_plot_std.png
2026-02-15 15:02:57 | INFO | Loss plot also saved to /home/debnathk/drug-synergy/assets/loss_plot_std.png
2026-02-15 15:02:57 | INFO | ================================================================================
2026-02-15 15:02:57 | INFO | All outputs saved to: /home/debnathk/drug-synergy/logs/kan_std_cold_drug_Synergy_Loewe_e100_20260215_130103
2026-02-15 15:02:57 | INFO | ================================================================================
