2026-02-10 01:13:09 | INFO | Run directory: /home/debnathk/drug-synergy/logs/kan_std_cold_drug_Bliss_e100_20260210_011309
2026-02-10 01:13:09 | INFO | Log file: /home/debnathk/drug-synergy/logs/kan_std_cold_drug_Bliss_e100_20260210_011309/training.log
2026-02-10 01:13:09 | INFO | Script copied to /home/debnathk/drug-synergy/logs/kan_std_cold_drug_Bliss_e100_20260210_011309/main.py
2026-02-10 01:13:09 | INFO | ================================================================================
2026-02-10 01:13:09 | INFO | Starting Drug Synergy Prediction Training (KAN Head)
2026-02-10 01:13:09 | INFO | ================================================================================
2026-02-10 01:13:09 | INFO | Split type: cold_drug, raw path: /home/debnathk/drug-synergy/data/raw/cold_drug, drug embeddings: /home/debnathk/drug-synergy/data/embeddings/drug_embeddings_cold_drug.pt
2026-02-10 01:13:09 | INFO | Loading datasets...
2026-02-10 01:13:09 | INFO | Applying target standardization...
2026-02-10 01:13:09 | INFO | Target scaler fitted - Mean: 0.2305, Std: 6.0961
2026-02-10 01:13:09 | INFO | Original target range: [-77.07, 78.65]
2026-02-10 01:13:09 | INFO | Standardized target range: [-12.68, 12.86]
2026-02-10 01:13:09 | INFO | Datasets loaded successfully
2026-02-10 01:13:09 | INFO | Configuration saved to /home/debnathk/drug-synergy/logs/kan_std_cold_drug_Bliss_e100_20260210_011309/config.json
2026-02-10 01:13:09 | INFO | Device: cuda
2026-02-10 01:13:09 | INFO | Training samples: 206494
2026-02-10 01:13:09 | INFO | Validation samples: 28881
2026-02-10 01:13:09 | INFO | Target column: Synergy_Bliss
2026-02-10 01:13:09 | INFO | Target standardization: True
2026-02-10 01:13:09 | INFO | Batch size: 64
2026-02-10 01:13:09 | INFO | Learning rate: 0.0001
2026-02-10 01:13:09 | INFO | Number of epochs: 100
2026-02-10 01:13:09 | INFO | Omics dimensions - mRNA: 23808, miRNA: 627, Proteomics: 3171
2026-02-10 01:13:09 | INFO | Running sanity check...
2026-02-10 01:13:09 | INFO | Drug1 embedding shape: torch.Size([768])
2026-02-10 01:13:09 | INFO | Drug2 embedding shape: torch.Size([768])
2026-02-10 01:13:09 | INFO | mRNA shape: torch.Size([23808])
2026-02-10 01:13:09 | INFO | miRNA shape: torch.Size([627])
2026-02-10 01:13:09 | INFO | Proteomics shape: torch.Size([3171])
2026-02-10 01:13:09 | INFO | Target shape: torch.Size([1])
2026-02-10 01:13:09 | INFO | Target sample: 0.36312562227249146
2026-02-10 01:13:09 | INFO | Train batches: 3227
2026-02-10 01:13:09 | INFO | Validation batches: 452
2026-02-10 01:13:09 | INFO | Initializing SynergyModel with KAN head...
2026-02-10 01:13:10 | INFO | Total parameters: 20,599,532
2026-02-10 01:13:10 | INFO | Trainable parameters: 20,599,532
2026-02-10 01:13:10 | INFO | ================================================================================
2026-02-10 01:13:10 | INFO | Starting Training
2026-02-10 01:13:10 | INFO | ================================================================================
2026-02-10 01:14:28 | INFO | Best model saved at epoch 1 with val_loss: 0.8859
2026-02-10 01:15:46 | INFO | Best model saved at epoch 2 with val_loss: 0.8784
2026-02-10 01:26:04 | INFO | Epoch 010/100 | Train: 0.5087 | Val: 0.9136 | Best Val: 0.8784 | RMSE: 5.8249 | SCC: 0.1820 | PCC: 0.2078
2026-02-10 01:38:58 | INFO | Epoch 020/100 | Train: 0.4152 | Val: 0.9378 | Best Val: 0.8784 | RMSE: 5.9046 | SCC: 0.1835 | PCC: 0.2113
2026-02-10 01:51:52 | INFO | Epoch 030/100 | Train: 0.3633 | Val: 0.9463 | Best Val: 0.8784 | RMSE: 5.9307 | SCC: 0.1962 | PCC: 0.2139
2026-02-10 02:04:47 | INFO | Epoch 040/100 | Train: 0.3292 | Val: 0.9670 | Best Val: 0.8784 | RMSE: 5.9914 | SCC: 0.1981 | PCC: 0.2095
2026-02-10 02:17:42 | INFO | Epoch 050/100 | Train: 0.3057 | Val: 0.9845 | Best Val: 0.8784 | RMSE: 6.0450 | SCC: 0.1975 | PCC: 0.2139
2026-02-10 02:30:37 | INFO | Epoch 060/100 | Train: 0.2862 | Val: 0.9848 | Best Val: 0.8784 | RMSE: 6.0529 | SCC: 0.1852 | PCC: 0.1931
2026-02-10 02:43:31 | INFO | Epoch 070/100 | Train: 0.2713 | Val: 1.0106 | Best Val: 0.8784 | RMSE: 6.1284 | SCC: 0.1783 | PCC: 0.1991
2026-02-10 02:56:26 | INFO | Epoch 080/100 | Train: 0.2597 | Val: 1.0278 | Best Val: 0.8784 | RMSE: 6.1869 | SCC: 0.1700 | PCC: 0.1844
2026-02-10 03:09:21 | INFO | Epoch 090/100 | Train: 0.2495 | Val: 1.0263 | Best Val: 0.8784 | RMSE: 6.1760 | SCC: 0.1691 | PCC: 0.1905
2026-02-10 03:22:17 | INFO | Epoch 100/100 | Train: 0.2410 | Val: 1.0404 | Best Val: 0.8784 | RMSE: 6.2189 | SCC: 0.1647 | PCC: 0.1785
2026-02-10 03:22:17 | INFO | ================================================================================
2026-02-10 03:22:17 | INFO | Training Complete
2026-02-10 03:22:17 | INFO | ================================================================================
2026-02-10 03:22:17 | INFO | Final train loss: 0.2410
2026-02-10 03:22:17 | INFO | Final validation loss: 1.0404
2026-02-10 03:22:17 | INFO | Best validation loss: 0.8784
2026-02-10 03:22:17 | INFO | Best validation loss (original scale): 32.6420
2026-02-10 03:22:17 | INFO | 
Best validation metrics (RMSE, SCC, PCC)
+--------+-------------+
| Metric |    Value    |
+--------+-------------+
|  RMSE  | 5.71 (0.06) |
|  SCC   | 0.18 (0.01) |
|  PCC   | 0.20 (0.01) |
+--------+-------------+

2026-02-10 03:22:17 | INFO | Metrics saved to /home/debnathk/drug-synergy/logs/kan_std_cold_drug_Bliss_e100_20260210_011309/metrics.json
2026-02-10 03:22:17 | INFO | Saving trained OmicsFusionModel weights...
2026-02-10 03:22:17 | INFO | OmicsFusionModel weights saved to /home/debnathk/drug-synergy/logs/kan_std_cold_drug_Bliss_e100_20260210_011309/omics_encoder.pt
2026-02-10 03:22:17 | INFO | OmicsFusionModel weights also saved to /home/debnathk/drug-synergy/data/models/omics_fusion_model_best.pt
2026-02-10 03:22:17 | INFO | Generating loss plot...
2026-02-10 03:22:18 | INFO | Loss plot saved to /home/debnathk/drug-synergy/logs/kan_std_cold_drug_Bliss_e100_20260210_011309/loss_plot_std.png
2026-02-10 03:22:18 | INFO | Loss plot also saved to /home/debnathk/drug-synergy/assets/loss_plot_std.png
2026-02-10 03:22:18 | INFO | ================================================================================
2026-02-10 03:22:18 | INFO | All outputs saved to: /home/debnathk/drug-synergy/logs/kan_std_cold_drug_Bliss_e100_20260210_011309
2026-02-10 03:22:18 | INFO | ================================================================================
